Archive member included to satisfy reference by file (symbol)

.\CortexM0\ARM_GCC_541\Debug\ds1307_i2c.a(i2c_master.o)
                              .\CortexM0\ARM_GCC_541\Debug\main.o (i2c_master_Start)
.\CortexM0\ARM_GCC_541\Debug\ds1307_i2c.a(i2c_master_I2C.o)
                              .\CortexM0\ARM_GCC_541\Debug\ds1307_i2c.a(i2c_master.o) (i2c_master_I2CInit)
.\CortexM0\ARM_GCC_541\Debug\ds1307_i2c.a(i2c_master_I2C_MASTER.o)
                              .\CortexM0\ARM_GCC_541\Debug\ds1307.o (i2c_master_I2CMasterSendStart)
.\CortexM0\ARM_GCC_541\Debug\ds1307_i2c.a(uart_UART.o)
                              .\CortexM0\ARM_GCC_541\Debug\uart.o (uart_UartInit)
.\CortexM0\ARM_GCC_541\Debug\ds1307_i2c.a(i2c_master_sda.o)
                              .\CortexM0\ARM_GCC_541\Debug\ds1307_i2c.a(i2c_master_I2C_MASTER.o) (i2c_master_sda_Read)
.\CortexM0\ARM_GCC_541\Debug\ds1307_i2c.a(i2c_master_scl.o)
                              .\CortexM0\ARM_GCC_541\Debug\ds1307_i2c.a(i2c_master_I2C_MASTER.o) (i2c_master_scl_Write)
.\CortexM0\ARM_GCC_541\Debug\ds1307_i2c.a(CyLib.o)
                              .\CortexM0\ARM_GCC_541\Debug\cyfitter_cfg.o (CyIntEnable)
.\CortexM0\ARM_GCC_541\Debug\ds1307_i2c.a(CyLFClk.o)
                              .\CortexM0\ARM_GCC_541\Debug\cyfitter_cfg.o (CySysWdtIsr)
.\CortexM0\ARM_GCC_541\Debug\ds1307_i2c.a(Pin_Led.o)
                              .\CortexM0\ARM_GCC_541\Debug\main.o (Pin_Led_Write)
.\CortexM0\ARM_GCC_541\Debug\ds1307_i2c.a(CyBootAsmGnu.o)
                              .\CortexM0\ARM_GCC_541\Debug\ds1307_i2c.a(CyLib.o) (CyDelayCycles)
.\CortexM0\ARM_GCC_541\Debug\ds1307_i2c.a(i2c_master_I2C_INT.o)
                              .\CortexM0\ARM_GCC_541\Debug\ds1307_i2c.a(i2c_master_I2C.o) (i2c_master_I2C_ISR)
.\CortexM0\ARM_GCC_541\Debug\ds1307_i2c.a(uart_SPI_UART.o)
                              .\CortexM0\ARM_GCC_541\Debug\ds1307_i2c.a(uart_UART.o) (uart_SpiUartReadRxData)
c:/program files (x86)/cypress/psoc creator/4.4/psoc creator/import/gnu/arm/5.4.1/bin/../lib/gcc/arm-none-eabi/5.4.1/armv6-m\libgcc.a(_udivsi3.o)
                              .\CortexM0\ARM_GCC_541\Debug\ds1307.o (__aeabi_uidiv)
c:/program files (x86)/cypress/psoc creator/4.4/psoc creator/import/gnu/arm/5.4.1/bin/../lib/gcc/arm-none-eabi/5.4.1/armv6-m\libgcc.a(_dvmd_tls.o)
                              c:/program files (x86)/cypress/psoc creator/4.4/psoc creator/import/gnu/arm/5.4.1/bin/../lib/gcc/arm-none-eabi/5.4.1/armv6-m\libgcc.a(_udivsi3.o) (__aeabi_idiv0)
c:/program files (x86)/cypress/psoc creator/4.4/psoc creator/import/gnu/arm/5.4.1/bin/../lib/gcc/arm-none-eabi/5.4.1/../../../../arm-none-eabi/lib/armv6-m\libg_nano.a(lib_a-errno.o)
                              .\CortexM0\ARM_GCC_541\Debug\Cm0Start.o (__errno)
c:/program files (x86)/cypress/psoc creator/4.4/psoc creator/import/gnu/arm/5.4.1/bin/../lib/gcc/arm-none-eabi/5.4.1/../../../../arm-none-eabi/lib/armv6-m\libg_nano.a(lib_a-exit.o)
                              c:/program files (x86)/cypress/psoc creator/4.4/psoc creator/import/gnu/arm/5.4.1/bin/../lib/gcc/arm-none-eabi/5.4.1/../../../../arm-none-eabi/lib/armv6-m/crt0.o (exit)
c:/program files (x86)/cypress/psoc creator/4.4/psoc creator/import/gnu/arm/5.4.1/bin/../lib/gcc/arm-none-eabi/5.4.1/../../../../arm-none-eabi/lib/armv6-m\libg_nano.a(lib_a-impure.o)
                              c:/program files (x86)/cypress/psoc creator/4.4/psoc creator/import/gnu/arm/5.4.1/bin/../lib/gcc/arm-none-eabi/5.4.1/../../../../arm-none-eabi/lib/armv6-m\libg_nano.a(lib_a-exit.o) (_global_impure_ptr)
c:/program files (x86)/cypress/psoc creator/4.4/psoc creator/import/gnu/arm/5.4.1/bin/../lib/gcc/arm-none-eabi/5.4.1/../../../../arm-none-eabi/lib/armv6-m\libg_nano.a(lib_a-init.o)
                              c:/program files (x86)/cypress/psoc creator/4.4/psoc creator/import/gnu/arm/5.4.1/bin/../lib/gcc/arm-none-eabi/5.4.1/../../../../arm-none-eabi/lib/armv6-m/crt0.o (__libc_init_array)
c:/program files (x86)/cypress/psoc creator/4.4/psoc creator/import/gnu/arm/5.4.1/bin/../lib/gcc/arm-none-eabi/5.4.1/../../../../arm-none-eabi/lib/armv6-m\libg_nano.a(lib_a-memset.o)
                              c:/program files (x86)/cypress/psoc creator/4.4/psoc creator/import/gnu/arm/5.4.1/bin/../lib/gcc/arm-none-eabi/5.4.1/../../../../arm-none-eabi/lib/armv6-m/crt0.o (memset)

Allocating common symbols
Common symbol       size              file

i2c_master_mstrRdBufSize
                    0x4               .\CortexM0\ARM_GCC_541\Debug\ds1307_i2c.a(i2c_master_I2C_MASTER.o)
i2c_master_mstrWrBufIndexTmp
                    0x4               .\CortexM0\ARM_GCC_541\Debug\ds1307_i2c.a(i2c_master_I2C_MASTER.o)
i2c_master_mstrStatus
                    0x2               .\CortexM0\ARM_GCC_541\Debug\ds1307_i2c.a(i2c_master_I2C_MASTER.o)
i2c_master_mstrRdBufIndex
                    0x4               .\CortexM0\ARM_GCC_541\Debug\ds1307_i2c.a(i2c_master_I2C_MASTER.o)
i2c_master_mstrWrBufPtr
                    0x4               .\CortexM0\ARM_GCC_541\Debug\ds1307_i2c.a(i2c_master_I2C_MASTER.o)
i2c_master_mstrRdBufPtr
                    0x4               .\CortexM0\ARM_GCC_541\Debug\ds1307_i2c.a(i2c_master_I2C_MASTER.o)
i2c_master_mstrControl
                    0x1               .\CortexM0\ARM_GCC_541\Debug\ds1307_i2c.a(i2c_master_I2C_MASTER.o)
i2c_master_mstrWrBufSize
                    0x4               .\CortexM0\ARM_GCC_541\Debug\ds1307_i2c.a(i2c_master_I2C_MASTER.o)
i2c_master_state    0x1               .\CortexM0\ARM_GCC_541\Debug\ds1307_i2c.a(i2c_master_I2C.o)
i2c_master_mstrWrBufIndex
                    0x4               .\CortexM0\ARM_GCC_541\Debug\ds1307_i2c.a(i2c_master_I2C_MASTER.o)

Discarded input sections

 .text          0x00000000        0x0 c:/program files (x86)/cypress/psoc creator/4.4/psoc creator/import/gnu/arm/5.4.1/bin/../lib/gcc/arm-none-eabi/5.4.1/armv6-m/crti.o
 .data          0x00000000        0x0 c:/program files (x86)/cypress/psoc creator/4.4/psoc creator/import/gnu/arm/5.4.1/bin/../lib/gcc/arm-none-eabi/5.4.1/armv6-m/crti.o
 .bss           0x00000000        0x0 c:/program files (x86)/cypress/psoc creator/4.4/psoc creator/import/gnu/arm/5.4.1/bin/../lib/gcc/arm-none-eabi/5.4.1/armv6-m/crti.o
 .data          0x00000000        0x4 c:/program files (x86)/cypress/psoc creator/4.4/psoc creator/import/gnu/arm/5.4.1/bin/../lib/gcc/arm-none-eabi/5.4.1/armv6-m/crtbegin.o
 .text          0x00000000       0x78 c:/program files (x86)/cypress/psoc creator/4.4/psoc creator/import/gnu/arm/5.4.1/bin/../lib/gcc/arm-none-eabi/5.4.1/../../../../arm-none-eabi/lib/armv6-m/crt0.o
 .data          0x00000000        0x0 c:/program files (x86)/cypress/psoc creator/4.4/psoc creator/import/gnu/arm/5.4.1/bin/../lib/gcc/arm-none-eabi/5.4.1/../../../../arm-none-eabi/lib/armv6-m/crt0.o
 .bss           0x00000000        0x0 c:/program files (x86)/cypress/psoc creator/4.4/psoc creator/import/gnu/arm/5.4.1/bin/../lib/gcc/arm-none-eabi/5.4.1/../../../../arm-none-eabi/lib/armv6-m/crt0.o
 .ARM.extab     0x00000000        0x0 c:/program files (x86)/cypress/psoc creator/4.4/psoc creator/import/gnu/arm/5.4.1/bin/../lib/gcc/arm-none-eabi/5.4.1/../../../../arm-none-eabi/lib/armv6-m/crt0.o
 .ARM.exidx     0x00000000        0x8 c:/program files (x86)/cypress/psoc creator/4.4/psoc creator/import/gnu/arm/5.4.1/bin/../lib/gcc/arm-none-eabi/5.4.1/../../../../arm-none-eabi/lib/armv6-m/crt0.o
 .text          0x00000000        0x0 .\CortexM0\ARM_GCC_541\Debug\main.o
 .data          0x00000000        0x0 .\CortexM0\ARM_GCC_541\Debug\main.o
 .bss           0x00000000        0x0 .\CortexM0\ARM_GCC_541\Debug\main.o
 .text          0x00000000        0x0 .\CortexM0\ARM_GCC_541\Debug\uart.o
 .data          0x00000000        0x0 .\CortexM0\ARM_GCC_541\Debug\uart.o
 .text.uart_ScbModeStop
                0x00000000        0x8 .\CortexM0\ARM_GCC_541\Debug\uart.o
 .text.uart_Stop
                0x00000000       0x20 .\CortexM0\ARM_GCC_541\Debug\uart.o
 .text.uart_SetRxFifoLevel
                0x00000000       0x14 .\CortexM0\ARM_GCC_541\Debug\uart.o
 .text.uart_SetTxFifoLevel
                0x00000000       0x14 .\CortexM0\ARM_GCC_541\Debug\uart.o
 .text.uart_I2CSlaveNackGeneration
                0x00000000       0x3c .\CortexM0\ARM_GCC_541\Debug\uart.o
 .text          0x00000000        0x0 .\CortexM0\ARM_GCC_541\Debug\ds1307.o
 .data          0x00000000        0x0 .\CortexM0\ARM_GCC_541\Debug\ds1307.o
 .bss           0x00000000        0x0 .\CortexM0\ARM_GCC_541\Debug\ds1307.o
 .text.DEC_to_BCD
                0x00000000       0x1c .\CortexM0\ARM_GCC_541\Debug\ds1307.o
 .text.ds1307_write_data
                0x00000000       0x7c .\CortexM0\ARM_GCC_541\Debug\ds1307.o
 .text.init_Time_Ds1307
                0x00000000       0x14 .\CortexM0\ARM_GCC_541\Debug\ds1307.o
 .text          0x00000000        0x0 .\CortexM0\ARM_GCC_541\Debug\cyfitter_cfg.o
 .data          0x00000000        0x0 .\CortexM0\ARM_GCC_541\Debug\cyfitter_cfg.o
 .bss           0x00000000        0x0 .\CortexM0\ARM_GCC_541\Debug\cyfitter_cfg.o
 .text          0x00000000        0x0 .\CortexM0\ARM_GCC_541\Debug\cymetadata.o
 .data          0x00000000        0x0 .\CortexM0\ARM_GCC_541\Debug\cymetadata.o
 .bss           0x00000000        0x0 .\CortexM0\ARM_GCC_541\Debug\cymetadata.o
 .text          0x00000000        0x0 .\CortexM0\ARM_GCC_541\Debug\Cm0Start.o
 .data          0x00000000        0x4 .\CortexM0\ARM_GCC_541\Debug\Cm0Start.o
 .bss           0x00000000        0x0 .\CortexM0\ARM_GCC_541\Debug\Cm0Start.o
 .text._exit    0x00000000        0xc .\CortexM0\ARM_GCC_541\Debug\Cm0Start.o
 .text._sbrk    0x00000000       0x30 .\CortexM0\ARM_GCC_541\Debug\Cm0Start.o
 .text          0x00000000        0x0 .\CortexM0\ARM_GCC_541\Debug\ds1307_i2c.a(i2c_master.o)
 .data          0x00000000        0x0 .\CortexM0\ARM_GCC_541\Debug\ds1307_i2c.a(i2c_master.o)
 .text.i2c_master_ScbModeStop
                0x00000000        0x8 .\CortexM0\ARM_GCC_541\Debug\ds1307_i2c.a(i2c_master.o)
 .text.i2c_master_Stop
                0x00000000       0x2c .\CortexM0\ARM_GCC_541\Debug\ds1307_i2c.a(i2c_master.o)
 .text.i2c_master_SetRxFifoLevel
                0x00000000       0x14 .\CortexM0\ARM_GCC_541\Debug\ds1307_i2c.a(i2c_master.o)
 .text.i2c_master_SetTxFifoLevel
                0x00000000       0x14 .\CortexM0\ARM_GCC_541\Debug\ds1307_i2c.a(i2c_master.o)
 .text.i2c_master_SetCustomInterruptHandler
                0x00000000        0xc .\CortexM0\ARM_GCC_541\Debug\ds1307_i2c.a(i2c_master.o)
 .text.i2c_master_I2CSlaveNackGeneration
                0x00000000       0x3c .\CortexM0\ARM_GCC_541\Debug\ds1307_i2c.a(i2c_master.o)
 .text          0x00000000        0x0 .\CortexM0\ARM_GCC_541\Debug\ds1307_i2c.a(i2c_master_I2C.o)
 .data          0x00000000        0x0 .\CortexM0\ARM_GCC_541\Debug\ds1307_i2c.a(i2c_master_I2C.o)
 .bss           0x00000000        0x0 .\CortexM0\ARM_GCC_541\Debug\ds1307_i2c.a(i2c_master_I2C.o)
 .text.i2c_master_I2CStop
                0x00000000       0x20 .\CortexM0\ARM_GCC_541\Debug\ds1307_i2c.a(i2c_master_I2C.o)
 .text          0x00000000        0x0 .\CortexM0\ARM_GCC_541\Debug\ds1307_i2c.a(i2c_master_I2C_MASTER.o)
 .data          0x00000000        0x0 .\CortexM0\ARM_GCC_541\Debug\ds1307_i2c.a(i2c_master_I2C_MASTER.o)
 .bss           0x00000000        0x0 .\CortexM0\ARM_GCC_541\Debug\ds1307_i2c.a(i2c_master_I2C_MASTER.o)
 .text.i2c_master_I2CMasterGetReadBufSize
                0x00000000        0xc .\CortexM0\ARM_GCC_541\Debug\ds1307_i2c.a(i2c_master_I2C_MASTER.o)
 .text.i2c_master_I2CMasterGetWriteBufSize
                0x00000000        0xc .\CortexM0\ARM_GCC_541\Debug\ds1307_i2c.a(i2c_master_I2C_MASTER.o)
 .text.i2c_master_I2CMasterClearReadBuf
                0x00000000       0x28 .\CortexM0\ARM_GCC_541\Debug\ds1307_i2c.a(i2c_master_I2C_MASTER.o)
 .text.i2c_master_I2CMasterClearWriteBuf
                0x00000000       0x28 .\CortexM0\ARM_GCC_541\Debug\ds1307_i2c.a(i2c_master_I2C_MASTER.o)
 .text.i2c_master_I2CMasterStatus
                0x00000000       0x30 .\CortexM0\ARM_GCC_541\Debug\ds1307_i2c.a(i2c_master_I2C_MASTER.o)
 .text.i2c_master_I2CMasterClearStatus
                0x00000000       0x20 .\CortexM0\ARM_GCC_541\Debug\ds1307_i2c.a(i2c_master_I2C_MASTER.o)
 .text.i2c_master_I2CMasterWriteBuf
                0x00000000       0xf8 .\CortexM0\ARM_GCC_541\Debug\ds1307_i2c.a(i2c_master_I2C_MASTER.o)
 .text.i2c_master_I2CMasterReadBuf
                0x00000000      0x108 .\CortexM0\ARM_GCC_541\Debug\ds1307_i2c.a(i2c_master_I2C_MASTER.o)
 .text          0x00000000        0x0 .\CortexM0\ARM_GCC_541\Debug\ds1307_i2c.a(uart_UART.o)
 .data          0x00000000        0x0 .\CortexM0\ARM_GCC_541\Debug\ds1307_i2c.a(uart_UART.o)
 .bss           0x00000000        0x0 .\CortexM0\ARM_GCC_541\Debug\ds1307_i2c.a(uart_UART.o)
 .text.uart_UartStop
                0x00000000       0x2c .\CortexM0\ARM_GCC_541\Debug\ds1307_i2c.a(uart_UART.o)
 .text.uart_UartSetRxAddress
                0x00000000       0x14 .\CortexM0\ARM_GCC_541\Debug\ds1307_i2c.a(uart_UART.o)
 .text.uart_UartSetRxAddressMask
                0x00000000       0x18 .\CortexM0\ARM_GCC_541\Debug\ds1307_i2c.a(uart_UART.o)
 .text.uart_UartGetChar
                0x00000000       0x2c .\CortexM0\ARM_GCC_541\Debug\ds1307_i2c.a(uart_UART.o)
 .text.uart_UartGetByte
                0x00000000       0x34 .\CortexM0\ARM_GCC_541\Debug\ds1307_i2c.a(uart_UART.o)
 .text.uart_UartPutCRLF
                0x00000000       0x14 .\CortexM0\ARM_GCC_541\Debug\ds1307_i2c.a(uart_UART.o)
 .text.uart_UartSendBreakBlocking
                0x00000000       0x58 .\CortexM0\ARM_GCC_541\Debug\ds1307_i2c.a(uart_UART.o)
 .text          0x00000000        0x0 .\CortexM0\ARM_GCC_541\Debug\ds1307_i2c.a(i2c_master_sda.o)
 .data          0x00000000        0x0 .\CortexM0\ARM_GCC_541\Debug\ds1307_i2c.a(i2c_master_sda.o)
 .bss           0x00000000        0x0 .\CortexM0\ARM_GCC_541\Debug\ds1307_i2c.a(i2c_master_sda.o)
 .text.i2c_master_sda_SetDriveMode
                0x00000000       0x14 .\CortexM0\ARM_GCC_541\Debug\ds1307_i2c.a(i2c_master_sda.o)
 .text.i2c_master_sda_Write
                0x00000000       0x18 .\CortexM0\ARM_GCC_541\Debug\ds1307_i2c.a(i2c_master_sda.o)
 .text.i2c_master_sda_ReadDataReg
                0x00000000       0x10 .\CortexM0\ARM_GCC_541\Debug\ds1307_i2c.a(i2c_master_sda.o)
 .text.i2c_master_sda_SetInterruptMode
                0x00000000       0x14 .\CortexM0\ARM_GCC_541\Debug\ds1307_i2c.a(i2c_master_sda.o)
 .text.i2c_master_sda_ClearInterrupt
                0x00000000       0x14 .\CortexM0\ARM_GCC_541\Debug\ds1307_i2c.a(i2c_master_sda.o)
 .text          0x00000000        0x0 .\CortexM0\ARM_GCC_541\Debug\ds1307_i2c.a(i2c_master_scl.o)
 .data          0x00000000        0x0 .\CortexM0\ARM_GCC_541\Debug\ds1307_i2c.a(i2c_master_scl.o)
 .bss           0x00000000        0x0 .\CortexM0\ARM_GCC_541\Debug\ds1307_i2c.a(i2c_master_scl.o)
 .text.i2c_master_scl_SetDriveMode
                0x00000000       0x14 .\CortexM0\ARM_GCC_541\Debug\ds1307_i2c.a(i2c_master_scl.o)
 .text.i2c_master_scl_ReadDataReg
                0x00000000       0x10 .\CortexM0\ARM_GCC_541\Debug\ds1307_i2c.a(i2c_master_scl.o)
 .text.i2c_master_scl_SetInterruptMode
                0x00000000       0x14 .\CortexM0\ARM_GCC_541\Debug\ds1307_i2c.a(i2c_master_scl.o)
 .text.i2c_master_scl_ClearInterrupt
                0x00000000       0x10 .\CortexM0\ARM_GCC_541\Debug\ds1307_i2c.a(i2c_master_scl.o)
 .text          0x00000000        0x0 .\CortexM0\ARM_GCC_541\Debug\ds1307_i2c.a(CyLib.o)
 .bss           0x00000000       0x18 .\CortexM0\ARM_GCC_541\Debug\ds1307_i2c.a(CyLib.o)
 .text.CySysClkImoStart
                0x00000000       0x14 .\CortexM0\ARM_GCC_541\Debug\ds1307_i2c.a(CyLib.o)
 .text.CySysClkImoStop
                0x00000000       0x10 .\CortexM0\ARM_GCC_541\Debug\ds1307_i2c.a(CyLib.o)
 .text.CySysClkWriteHfclkDirect
                0x00000000       0x20 .\CortexM0\ARM_GCC_541\Debug\ds1307_i2c.a(CyLib.o)
 .text.CySysEnablePumpClock
                0x00000000       0x38 .\CortexM0\ARM_GCC_541\Debug\ds1307_i2c.a(CyLib.o)
 .text.CySysClkGetSysclkSource
                0x00000000       0x1c .\CortexM0\ARM_GCC_541\Debug\ds1307_i2c.a(CyLib.o)
 .text.CySysClkWriteSysclkDiv
                0x00000000       0x30 .\CortexM0\ARM_GCC_541\Debug\ds1307_i2c.a(CyLib.o)
 .text.CySysLvdDisable
                0x00000000       0x20 .\CortexM0\ARM_GCC_541\Debug\ds1307_i2c.a(CyLib.o)
 .text.CySysLvdGetInterruptSource
                0x00000000       0x10 .\CortexM0\ARM_GCC_541\Debug\ds1307_i2c.a(CyLib.o)
 .text.CySysLvdClearInterrupt
                0x00000000        0xc .\CortexM0\ARM_GCC_541\Debug\ds1307_i2c.a(CyLib.o)
 .text.CySysGetResetReason
                0x00000000       0x14 .\CortexM0\ARM_GCC_541\Debug\ds1307_i2c.a(CyLib.o)
 .text.CyDisableInts
                0x00000000       0x10 .\CortexM0\ARM_GCC_541\Debug\ds1307_i2c.a(CyLib.o)
 .text.CyEnableInts
                0x00000000        0xc .\CortexM0\ARM_GCC_541\Debug\ds1307_i2c.a(CyLib.o)
 .text.CyIntGetState
                0x00000000       0x18 .\CortexM0\ARM_GCC_541\Debug\ds1307_i2c.a(CyLib.o)
 .text.CyIntSetPending
                0x00000000       0x14 .\CortexM0\ARM_GCC_541\Debug\ds1307_i2c.a(CyLib.o)
 .text.CyIntClearPending
                0x00000000       0x14 .\CortexM0\ARM_GCC_541\Debug\ds1307_i2c.a(CyLib.o)
 .text.CyIntSetSysVector
                0x00000000       0x20 .\CortexM0\ARM_GCC_541\Debug\ds1307_i2c.a(CyLib.o)
 .text.CyIntGetSysVector
                0x00000000       0x1c .\CortexM0\ARM_GCC_541\Debug\ds1307_i2c.a(CyLib.o)
 .text.CyIntGetVector
                0x00000000       0x20 .\CortexM0\ARM_GCC_541\Debug\ds1307_i2c.a(CyLib.o)
 .text.CyIntGetPriority
                0x00000000       0x2c .\CortexM0\ARM_GCC_541\Debug\ds1307_i2c.a(CyLib.o)
 .text.CySoftwareReset
                0x00000000       0x18 .\CortexM0\ARM_GCC_541\Debug\ds1307_i2c.a(CyLib.o)
 .text.CyDelay  0x00000000       0x30 .\CortexM0\ARM_GCC_541\Debug\ds1307_i2c.a(CyLib.o)
 .text.CySysLvdEnable
                0x00000000       0x44 .\CortexM0\ARM_GCC_541\Debug\ds1307_i2c.a(CyLib.o)
 .text.CyDelayFreq
                0x00000000       0x4c .\CortexM0\ARM_GCC_541\Debug\ds1307_i2c.a(CyLib.o)
 .text.CySysTickStop
                0x00000000       0x10 .\CortexM0\ARM_GCC_541\Debug\ds1307_i2c.a(CyLib.o)
 .text.CySysTickEnableInterrupt
                0x00000000       0x10 .\CortexM0\ARM_GCC_541\Debug\ds1307_i2c.a(CyLib.o)
 .text.CySysTickEnable
                0x00000000       0x18 .\CortexM0\ARM_GCC_541\Debug\ds1307_i2c.a(CyLib.o)
 .text.CySysTickDisableInterrupt
                0x00000000       0x10 .\CortexM0\ARM_GCC_541\Debug\ds1307_i2c.a(CyLib.o)
 .text.CySysTickSetReload
                0x00000000       0x10 .\CortexM0\ARM_GCC_541\Debug\ds1307_i2c.a(CyLib.o)
 .text.CySysTickGetReload
                0x00000000       0x10 .\CortexM0\ARM_GCC_541\Debug\ds1307_i2c.a(CyLib.o)
 .text.CySysTickGetValue
                0x00000000       0x10 .\CortexM0\ARM_GCC_541\Debug\ds1307_i2c.a(CyLib.o)
 .text.CySysTickGetCountFlag
                0x00000000       0x10 .\CortexM0\ARM_GCC_541\Debug\ds1307_i2c.a(CyLib.o)
 .text.CySysTickServiceCallbacks
                0x00000000       0x28 .\CortexM0\ARM_GCC_541\Debug\ds1307_i2c.a(CyLib.o)
 .text.CySysTickClear
                0x00000000        0xc .\CortexM0\ARM_GCC_541\Debug\ds1307_i2c.a(CyLib.o)
 .text.CySysTickInit
                0x00000000       0x40 .\CortexM0\ARM_GCC_541\Debug\ds1307_i2c.a(CyLib.o)
 .text.CySysTickStart
                0x00000000       0x20 .\CortexM0\ARM_GCC_541\Debug\ds1307_i2c.a(CyLib.o)
 .text.CySysTickSetCallback
                0x00000000       0x10 .\CortexM0\ARM_GCC_541\Debug\ds1307_i2c.a(CyLib.o)
 .text.CySysTickGetCallback
                0x00000000        0xc .\CortexM0\ARM_GCC_541\Debug\ds1307_i2c.a(CyLib.o)
 .text.CyGetUniqueId
                0x00000000       0x70 .\CortexM0\ARM_GCC_541\Debug\ds1307_i2c.a(CyLib.o)
 .text          0x00000000        0x0 .\CortexM0\ARM_GCC_541\Debug\ds1307_i2c.a(CyLFClk.o)
 .text.CySysClkIloEnabled
                0x00000000       0x14 .\CortexM0\ARM_GCC_541\Debug\ds1307_i2c.a(CyLFClk.o)
 .text.CySysClkIloStart
                0x00000000       0x14 .\CortexM0\ARM_GCC_541\Debug\ds1307_i2c.a(CyLFClk.o)
 .text.CySysClkIloStartMeasurement
                0x00000000       0x34 .\CortexM0\ARM_GCC_541\Debug\ds1307_i2c.a(CyLFClk.o)
 .text.CySysClkIloStopMeasurement
                0x00000000       0x14 .\CortexM0\ARM_GCC_541\Debug\ds1307_i2c.a(CyLFClk.o)
 .text.CySysClkIloCompensate
                0x00000000      0x104 .\CortexM0\ARM_GCC_541\Debug\ds1307_i2c.a(CyLFClk.o)
 .text.CySysWdtGetEnabledStatus
                0x00000000       0x24 .\CortexM0\ARM_GCC_541\Debug\ds1307_i2c.a(CyLFClk.o)
 .text.CySysWdtSetMode
                0x00000000       0x38 .\CortexM0\ARM_GCC_541\Debug\ds1307_i2c.a(CyLFClk.o)
 .text.CySysClkLfclkPosedgeRestore
                0x00000000       0x2c .\CortexM0\ARM_GCC_541\Debug\ds1307_i2c.a(CyLFClk.o)
 .text.CySysWdtGetMode
                0x00000000       0x14 .\CortexM0\ARM_GCC_541\Debug\ds1307_i2c.a(CyLFClk.o)
 .text.CySysWdtSetClearOnMatch
                0x00000000       0x34 .\CortexM0\ARM_GCC_541\Debug\ds1307_i2c.a(CyLFClk.o)
 .text.CySysWdtGetClearOnMatch
                0x00000000       0x24 .\CortexM0\ARM_GCC_541\Debug\ds1307_i2c.a(CyLFClk.o)
 .text.CySysWdtEnable
                0x00000000       0x40 .\CortexM0\ARM_GCC_541\Debug\ds1307_i2c.a(CyLFClk.o)
 .text.CySysWdtDisable
                0x00000000       0x44 .\CortexM0\ARM_GCC_541\Debug\ds1307_i2c.a(CyLFClk.o)
 .text.CySysWdtSetCascade
                0x00000000       0x34 .\CortexM0\ARM_GCC_541\Debug\ds1307_i2c.a(CyLFClk.o)
 .text.CySysWdtGetCascade
                0x00000000       0x14 .\CortexM0\ARM_GCC_541\Debug\ds1307_i2c.a(CyLFClk.o)
 .text.CySysWdtSetMatch
                0x00000000       0x38 .\CortexM0\ARM_GCC_541\Debug\ds1307_i2c.a(CyLFClk.o)
 .text.CySysWdtSetToggleBit
                0x00000000       0x30 .\CortexM0\ARM_GCC_541\Debug\ds1307_i2c.a(CyLFClk.o)
 .text.CySysWdtGetToggleBit
                0x00000000       0x10 .\CortexM0\ARM_GCC_541\Debug\ds1307_i2c.a(CyLFClk.o)
 .text.CySysWdtGetMatch
                0x00000000       0x20 .\CortexM0\ARM_GCC_541\Debug\ds1307_i2c.a(CyLFClk.o)
 .text.CySysWdtGetCount
                0x00000000       0x3c .\CortexM0\ARM_GCC_541\Debug\ds1307_i2c.a(CyLFClk.o)
 .text.CySysClkLfclkPosedgeCatch
                0x00000000       0x74 .\CortexM0\ARM_GCC_541\Debug\ds1307_i2c.a(CyLFClk.o)
 .text.CySysClkIloStop
                0x00000000       0x38 .\CortexM0\ARM_GCC_541\Debug\ds1307_i2c.a(CyLFClk.o)
 .text.CySysWdtGetInterruptSource
                0x00000000       0x14 .\CortexM0\ARM_GCC_541\Debug\ds1307_i2c.a(CyLFClk.o)
 .text.CySysWdtResetCounters
                0x00000000       0x20 .\CortexM0\ARM_GCC_541\Debug\ds1307_i2c.a(CyLFClk.o)
 .text.CySysWdtSetInterruptCallback
                0x00000000       0x20 .\CortexM0\ARM_GCC_541\Debug\ds1307_i2c.a(CyLFClk.o)
 .text.CySysWdtGetInterruptCallback
                0x00000000       0x20 .\CortexM0\ARM_GCC_541\Debug\ds1307_i2c.a(CyLFClk.o)
 .text.CySysWdtEnableCounterIsr
                0x00000000       0x34 .\CortexM0\ARM_GCC_541\Debug\ds1307_i2c.a(CyLFClk.o)
 .text.CySysWdtDisableCounterIsr
                0x00000000       0x28 .\CortexM0\ARM_GCC_541\Debug\ds1307_i2c.a(CyLFClk.o)
 .text.CySysWatchdogFeed
                0x00000000       0x60 .\CortexM0\ARM_GCC_541\Debug\ds1307_i2c.a(CyLFClk.o)
 .text.CySysTimerDelayUntilMatch
                0x00000000       0x6c .\CortexM0\ARM_GCC_541\Debug\ds1307_i2c.a(CyLFClk.o)
 .text.CySysTimerDelay
                0x00000000       0x3c .\CortexM0\ARM_GCC_541\Debug\ds1307_i2c.a(CyLFClk.o)
 .rodata        0x00000000        0xc .\CortexM0\ARM_GCC_541\Debug\ds1307_i2c.a(CyLFClk.o)
 .text          0x00000000        0x0 .\CortexM0\ARM_GCC_541\Debug\ds1307_i2c.a(Pin_Led.o)
 .data          0x00000000        0x0 .\CortexM0\ARM_GCC_541\Debug\ds1307_i2c.a(Pin_Led.o)
 .bss           0x00000000        0x0 .\CortexM0\ARM_GCC_541\Debug\ds1307_i2c.a(Pin_Led.o)
 .text.Pin_Led_SetDriveMode
                0x00000000       0x14 .\CortexM0\ARM_GCC_541\Debug\ds1307_i2c.a(Pin_Led.o)
 .text.Pin_Led_Read
                0x00000000       0x10 .\CortexM0\ARM_GCC_541\Debug\ds1307_i2c.a(Pin_Led.o)
 .text.Pin_Led_ReadDataReg
                0x00000000       0x10 .\CortexM0\ARM_GCC_541\Debug\ds1307_i2c.a(Pin_Led.o)
 .text.Pin_Led_SetInterruptMode
                0x00000000       0x14 .\CortexM0\ARM_GCC_541\Debug\ds1307_i2c.a(Pin_Led.o)
 .text.Pin_Led_ClearInterrupt
                0x00000000       0x10 .\CortexM0\ARM_GCC_541\Debug\ds1307_i2c.a(Pin_Led.o)
 .data          0x00000000        0x0 .\CortexM0\ARM_GCC_541\Debug\ds1307_i2c.a(CyBootAsmGnu.o)
 .bss           0x00000000        0x0 .\CortexM0\ARM_GCC_541\Debug\ds1307_i2c.a(CyBootAsmGnu.o)
 .text          0x00000000        0x0 .\CortexM0\ARM_GCC_541\Debug\ds1307_i2c.a(i2c_master_I2C_INT.o)
 .data          0x00000000        0x0 .\CortexM0\ARM_GCC_541\Debug\ds1307_i2c.a(i2c_master_I2C_INT.o)
 .bss           0x00000000        0x0 .\CortexM0\ARM_GCC_541\Debug\ds1307_i2c.a(i2c_master_I2C_INT.o)
 .text          0x00000000        0x0 .\CortexM0\ARM_GCC_541\Debug\ds1307_i2c.a(uart_SPI_UART.o)
 .data          0x00000000        0x0 .\CortexM0\ARM_GCC_541\Debug\ds1307_i2c.a(uart_SPI_UART.o)
 .bss           0x00000000        0x0 .\CortexM0\ARM_GCC_541\Debug\ds1307_i2c.a(uart_SPI_UART.o)
 .text.uart_SpiUartReadRxData
                0x00000000        0xc .\CortexM0\ARM_GCC_541\Debug\ds1307_i2c.a(uart_SPI_UART.o)
 .text.uart_SpiUartGetRxBufferSize
                0x00000000       0x10 .\CortexM0\ARM_GCC_541\Debug\ds1307_i2c.a(uart_SPI_UART.o)
 .text.uart_SpiUartClearRxBuffer
                0x00000000       0x20 .\CortexM0\ARM_GCC_541\Debug\ds1307_i2c.a(uart_SPI_UART.o)
 .text.uart_SpiUartPutArray
                0x00000000       0x18 .\CortexM0\ARM_GCC_541\Debug\ds1307_i2c.a(uart_SPI_UART.o)
 .text.uart_SpiUartGetTxBufferSize
                0x00000000       0x10 .\CortexM0\ARM_GCC_541\Debug\ds1307_i2c.a(uart_SPI_UART.o)
 .text.uart_SpiUartClearTxBuffer
                0x00000000       0x20 .\CortexM0\ARM_GCC_541\Debug\ds1307_i2c.a(uart_SPI_UART.o)
 .text.uart_SpiUartDisableIntRx
                0x00000000       0x10 .\CortexM0\ARM_GCC_541\Debug\ds1307_i2c.a(uart_SPI_UART.o)
 .text.uart_SpiUartDisableIntTx
                0x00000000       0x10 .\CortexM0\ARM_GCC_541\Debug\ds1307_i2c.a(uart_SPI_UART.o)
 .text          0x00000000      0x114 c:/program files (x86)/cypress/psoc creator/4.4/psoc creator/import/gnu/arm/5.4.1/bin/../lib/gcc/arm-none-eabi/5.4.1/armv6-m\libgcc.a(_udivsi3.o)
 .data          0x00000000        0x0 c:/program files (x86)/cypress/psoc creator/4.4/psoc creator/import/gnu/arm/5.4.1/bin/../lib/gcc/arm-none-eabi/5.4.1/armv6-m\libgcc.a(_udivsi3.o)
 .bss           0x00000000        0x0 c:/program files (x86)/cypress/psoc creator/4.4/psoc creator/import/gnu/arm/5.4.1/bin/../lib/gcc/arm-none-eabi/5.4.1/armv6-m\libgcc.a(_udivsi3.o)
 .text          0x00000000        0x4 c:/program files (x86)/cypress/psoc creator/4.4/psoc creator/import/gnu/arm/5.4.1/bin/../lib/gcc/arm-none-eabi/5.4.1/armv6-m\libgcc.a(_dvmd_tls.o)
 .data          0x00000000        0x0 c:/program files (x86)/cypress/psoc creator/4.4/psoc creator/import/gnu/arm/5.4.1/bin/../lib/gcc/arm-none-eabi/5.4.1/armv6-m\libgcc.a(_dvmd_tls.o)
 .bss           0x00000000        0x0 c:/program files (x86)/cypress/psoc creator/4.4/psoc creator/import/gnu/arm/5.4.1/bin/../lib/gcc/arm-none-eabi/5.4.1/armv6-m\libgcc.a(_dvmd_tls.o)
 .text          0x00000000        0x0 c:/program files (x86)/cypress/psoc creator/4.4/psoc creator/import/gnu/arm/5.4.1/bin/../lib/gcc/arm-none-eabi/5.4.1/../../../../arm-none-eabi/lib/armv6-m\libg_nano.a(lib_a-errno.o)
 .data          0x00000000        0x0 c:/program files (x86)/cypress/psoc creator/4.4/psoc creator/import/gnu/arm/5.4.1/bin/../lib/gcc/arm-none-eabi/5.4.1/../../../../arm-none-eabi/lib/armv6-m\libg_nano.a(lib_a-errno.o)
 .bss           0x00000000        0x0 c:/program files (x86)/cypress/psoc creator/4.4/psoc creator/import/gnu/arm/5.4.1/bin/../lib/gcc/arm-none-eabi/5.4.1/../../../../arm-none-eabi/lib/armv6-m\libg_nano.a(lib_a-errno.o)
 .text          0x00000000        0x0 c:/program files (x86)/cypress/psoc creator/4.4/psoc creator/import/gnu/arm/5.4.1/bin/../lib/gcc/arm-none-eabi/5.4.1/../../../../arm-none-eabi/lib/armv6-m\libg_nano.a(lib_a-exit.o)
 .data          0x00000000        0x0 c:/program files (x86)/cypress/psoc creator/4.4/psoc creator/import/gnu/arm/5.4.1/bin/../lib/gcc/arm-none-eabi/5.4.1/../../../../arm-none-eabi/lib/armv6-m\libg_nano.a(lib_a-exit.o)
 .bss           0x00000000        0x0 c:/program files (x86)/cypress/psoc creator/4.4/psoc creator/import/gnu/arm/5.4.1/bin/../lib/gcc/arm-none-eabi/5.4.1/../../../../arm-none-eabi/lib/armv6-m\libg_nano.a(lib_a-exit.o)
 .text.exit     0x00000000       0x2c c:/program files (x86)/cypress/psoc creator/4.4/psoc creator/import/gnu/arm/5.4.1/bin/../lib/gcc/arm-none-eabi/5.4.1/../../../../arm-none-eabi/lib/armv6-m\libg_nano.a(lib_a-exit.o)
 .text          0x00000000        0x0 c:/program files (x86)/cypress/psoc creator/4.4/psoc creator/import/gnu/arm/5.4.1/bin/../lib/gcc/arm-none-eabi/5.4.1/../../../../arm-none-eabi/lib/armv6-m\libg_nano.a(lib_a-impure.o)
 .data          0x00000000        0x0 c:/program files (x86)/cypress/psoc creator/4.4/psoc creator/import/gnu/arm/5.4.1/bin/../lib/gcc/arm-none-eabi/5.4.1/../../../../arm-none-eabi/lib/armv6-m\libg_nano.a(lib_a-impure.o)
 .bss           0x00000000        0x0 c:/program files (x86)/cypress/psoc creator/4.4/psoc creator/import/gnu/arm/5.4.1/bin/../lib/gcc/arm-none-eabi/5.4.1/../../../../arm-none-eabi/lib/armv6-m\libg_nano.a(lib_a-impure.o)
 .rodata._global_impure_ptr
                0x00000000        0x4 c:/program files (x86)/cypress/psoc creator/4.4/psoc creator/import/gnu/arm/5.4.1/bin/../lib/gcc/arm-none-eabi/5.4.1/../../../../arm-none-eabi/lib/armv6-m\libg_nano.a(lib_a-impure.o)
 .text          0x00000000        0x0 c:/program files (x86)/cypress/psoc creator/4.4/psoc creator/import/gnu/arm/5.4.1/bin/../lib/gcc/arm-none-eabi/5.4.1/../../../../arm-none-eabi/lib/armv6-m\libg_nano.a(lib_a-init.o)
 .data          0x00000000        0x0 c:/program files (x86)/cypress/psoc creator/4.4/psoc creator/import/gnu/arm/5.4.1/bin/../lib/gcc/arm-none-eabi/5.4.1/../../../../arm-none-eabi/lib/armv6-m\libg_nano.a(lib_a-init.o)
 .bss           0x00000000        0x0 c:/program files (x86)/cypress/psoc creator/4.4/psoc creator/import/gnu/arm/5.4.1/bin/../lib/gcc/arm-none-eabi/5.4.1/../../../../arm-none-eabi/lib/armv6-m\libg_nano.a(lib_a-init.o)
 .text          0x00000000        0x0 c:/program files (x86)/cypress/psoc creator/4.4/psoc creator/import/gnu/arm/5.4.1/bin/../lib/gcc/arm-none-eabi/5.4.1/../../../../arm-none-eabi/lib/armv6-m\libg_nano.a(lib_a-memset.o)
 .data          0x00000000        0x0 c:/program files (x86)/cypress/psoc creator/4.4/psoc creator/import/gnu/arm/5.4.1/bin/../lib/gcc/arm-none-eabi/5.4.1/../../../../arm-none-eabi/lib/armv6-m\libg_nano.a(lib_a-memset.o)
 .bss           0x00000000        0x0 c:/program files (x86)/cypress/psoc creator/4.4/psoc creator/import/gnu/arm/5.4.1/bin/../lib/gcc/arm-none-eabi/5.4.1/../../../../arm-none-eabi/lib/armv6-m\libg_nano.a(lib_a-memset.o)
 .text          0x00000000        0x0 c:/program files (x86)/cypress/psoc creator/4.4/psoc creator/import/gnu/arm/5.4.1/bin/../lib/gcc/arm-none-eabi/5.4.1/armv6-m/crtend.o
 .data          0x00000000        0x0 c:/program files (x86)/cypress/psoc creator/4.4/psoc creator/import/gnu/arm/5.4.1/bin/../lib/gcc/arm-none-eabi/5.4.1/armv6-m/crtend.o
 .bss           0x00000000        0x0 c:/program files (x86)/cypress/psoc creator/4.4/psoc creator/import/gnu/arm/5.4.1/bin/../lib/gcc/arm-none-eabi/5.4.1/armv6-m/crtend.o
 .text          0x00000000        0x0 c:/program files (x86)/cypress/psoc creator/4.4/psoc creator/import/gnu/arm/5.4.1/bin/../lib/gcc/arm-none-eabi/5.4.1/armv6-m/crtn.o
 .data          0x00000000        0x0 c:/program files (x86)/cypress/psoc creator/4.4/psoc creator/import/gnu/arm/5.4.1/bin/../lib/gcc/arm-none-eabi/5.4.1/armv6-m/crtn.o
 .bss           0x00000000        0x0 c:/program files (x86)/cypress/psoc creator/4.4/psoc creator/import/gnu/arm/5.4.1/bin/../lib/gcc/arm-none-eabi/5.4.1/armv6-m/crtn.o

Memory Configuration

Name             Origin             Length             Attributes
rom              0x00000000         0x00008000         xr
ram              0x20000000         0x00001000         xrw
*default*        0x00000000         0xffffffff

Linker script and memory map

LOAD c:/program files (x86)/cypress/psoc creator/4.4/psoc creator/import/gnu/arm/5.4.1/bin/../lib/gcc/arm-none-eabi/5.4.1/armv6-m/crti.o
LOAD c:/program files (x86)/cypress/psoc creator/4.4/psoc creator/import/gnu/arm/5.4.1/bin/../lib/gcc/arm-none-eabi/5.4.1/armv6-m/crtbegin.o
LOAD c:/program files (x86)/cypress/psoc creator/4.4/psoc creator/import/gnu/arm/5.4.1/bin/../lib/gcc/arm-none-eabi/5.4.1/../../../../arm-none-eabi/lib/armv6-m/crt0.o
START GROUP
LOAD .\CortexM0\ARM_GCC_541\Debug\main.o
LOAD .\CortexM0\ARM_GCC_541\Debug\uart.o
LOAD .\CortexM0\ARM_GCC_541\Debug\ds1307.o
LOAD .\CortexM0\ARM_GCC_541\Debug\cyfitter_cfg.o
LOAD .\CortexM0\ARM_GCC_541\Debug\cymetadata.o
LOAD .\CortexM0\ARM_GCC_541\Debug\Cm0Start.o
LOAD .\CortexM0\ARM_GCC_541\Debug\ds1307_i2c.a
END GROUP
START GROUP
LOAD c:/program files (x86)/cypress/psoc creator/4.4/psoc creator/import/gnu/arm/5.4.1/bin/../lib/gcc/arm-none-eabi/5.4.1/armv6-m\libgcc.a
LOAD c:/program files (x86)/cypress/psoc creator/4.4/psoc creator/import/gnu/arm/5.4.1/bin/../lib/gcc/arm-none-eabi/5.4.1/../../../../arm-none-eabi/lib/armv6-m\libg_nano.a
LOAD c:/program files (x86)/cypress/psoc creator/4.4/psoc creator/import/gnu/arm/5.4.1/bin/../lib/gcc/arm-none-eabi/5.4.1/../../../../arm-none-eabi/lib/armv6-m\libc_nano.a
END GROUP
START GROUP
LOAD c:/program files (x86)/cypress/psoc creator/4.4/psoc creator/import/gnu/arm/5.4.1/bin/../lib/gcc/arm-none-eabi/5.4.1/armv6-m\libgcc.a
LOAD c:/program files (x86)/cypress/psoc creator/4.4/psoc creator/import/gnu/arm/5.4.1/bin/../lib/gcc/arm-none-eabi/5.4.1/../../../../arm-none-eabi/lib/armv6-m\libc_nano.a
END GROUP
LOAD c:/program files (x86)/cypress/psoc creator/4.4/psoc creator/import/gnu/arm/5.4.1/bin/../lib/gcc/arm-none-eabi/5.4.1/armv6-m/crtend.o
LOAD c:/program files (x86)/cypress/psoc creator/4.4/psoc creator/import/gnu/arm/5.4.1/bin/../lib/gcc/arm-none-eabi/5.4.1/armv6-m/crtn.o
START GROUP
LOAD c:/program files (x86)/cypress/psoc creator/4.4/psoc creator/import/gnu/arm/5.4.1/bin/../lib/gcc/arm-none-eabi/5.4.1/armv6-m\libgcc.a
LOAD c:/program files (x86)/cypress/psoc creator/4.4/psoc creator/import/gnu/arm/5.4.1/bin/../lib/gcc/arm-none-eabi/5.4.1/../../../../arm-none-eabi/lib/armv6-m\libc.a
LOAD c:/program files (x86)/cypress/psoc creator/4.4/psoc creator/import/gnu/arm/5.4.1/bin/../lib/gcc/arm-none-eabi/5.4.1/../../../../arm-none-eabi/lib/armv6-m\libnosys.a
END GROUP
                0x00000000                CY_APPL_ORIGIN = 0x0
                0x00000080                CY_FLASH_ROW_SIZE = 0x80
                0x00000001                CY_APPL_NUM = 0x1
                0x00000001                CY_APPL_MAX = 0x1
                0x00000040                CY_METADATA_SIZE = 0x40
                0x00000000                CY_APPL_LOADABLE = 0x0
                0x00000000                CY_CHECKSUM_EXCLUDE_SIZE = ALIGN (0x0, CY_FLASH_ROW_SIZE)
                0x00000000                CY_APP_FOR_STACK_AND_COPIER = 0x0
                [!provide]                PROVIDE (__cy_heap_start, _end)
                0x00000001                PROVIDE (__cy_region_num, ((__cy_regions_end - __cy_regions) / 0x10))
                0x20001000                PROVIDE (__cy_stack, (ORIGIN (ram) + LENGTH (ram)))
                [!provide]                PROVIDE (__cy_heap_end, (__cy_stack - 0x400))

.cybootloader   0x00000000        0x0
 *(.cybootloader)
                0x00000000                appl1_start = CY_APPL_ORIGIN?CY_APPL_ORIGIN:ALIGN (CY_FLASH_ROW_SIZE)
                0x00003f80                appl2_start = (appl1_start + ALIGN ((((LENGTH (rom) - appl1_start) - (0x2 * CY_FLASH_ROW_SIZE)) / 0x2), CY_FLASH_ROW_SIZE))
                0x00000000                appl_start = (CY_APPL_NUM == 0x1)?appl1_start:appl2_start
                0x00000001                cy_project_type_bootloader = (appl_start == 0x0)?0x1:0x0
                0x00000000                cy_project_type_app_for_stack_and_copier = (CY_APP_FOR_STACK_AND_COPIER == 0x1)?0x1:0x0

.text           0x00000000     0x11bc
 CREATE_OBJECT_SYMBOLS
                0x00000000                PROVIDE (__cy_interrupt_vector, RomVectors)
 *(.romvectors)
 .romvectors    0x00000000       0x10 .\CortexM0\ARM_GCC_541\Debug\Cm0Start.o
                0x00000000                RomVectors
                0x00000001                ASSERT ((. != __cy_interrupt_vector), No interrupt vector)
                0x00000001                ASSERT (CY_APPL_ORIGIN?(SIZEOF (.cybootloader) <= CY_APPL_ORIGIN):0x1, Wrong image location)
                0x00000010                PROVIDE (__cy_reset, Reset)
 *(.text.Reset)
 .text.Reset    0x00000010        0x8 .\CortexM0\ARM_GCC_541\Debug\Cm0Start.o
                0x00000010                Reset
                0x00000001                ASSERT ((. != __cy_reset), No reset code)
 *(.psocinit)
 .psocinit      0x00000018      0x148 .\CortexM0\ARM_GCC_541\Debug\cyfitter_cfg.o
                0x000000a8                cyfitter_cfg
                0x00000160                . = MAX (., 0x100)
 *(.text .text.* .gnu.linkonce.t.*)
 .text          0x00000160       0x60 c:/program files (x86)/cypress/psoc creator/4.4/psoc creator/import/gnu/arm/5.4.1/bin/../lib/gcc/arm-none-eabi/5.4.1/armv6-m/crtbegin.o
 .text.system_Initialization
                0x000001c0        0xc .\CortexM0\ARM_GCC_541\Debug\main.o
                0x000001c0                system_Initialization
 .text.main     0x000001cc       0x34 .\CortexM0\ARM_GCC_541\Debug\main.o
                0x000001cc                main
 .text.uart_ScbModePostEnable
                0x00000200        0x8 .\CortexM0\ARM_GCC_541\Debug\uart.o
 .text.uart_Init
                0x00000208        0x8 .\CortexM0\ARM_GCC_541\Debug\uart.o
                0x00000208                uart_Init
 .text.uart_Enable
                0x00000210       0x18 .\CortexM0\ARM_GCC_541\Debug\uart.o
                0x00000210                uart_Enable
 .text.uart_Start
                0x00000228       0x20 .\CortexM0\ARM_GCC_541\Debug\uart.o
                0x00000228                uart_Start
 .text.BCD_to_DEC
                0x00000248       0x14 .\CortexM0\ARM_GCC_541\Debug\ds1307.o
                0x00000248                BCD_to_DEC
 .text.ds1307_read_data
                0x0000025c       0xa4 .\CortexM0\ARM_GCC_541\Debug\ds1307.o
                0x0000025c                ds1307_read_data
 .text.CYMEMZERO
                0x00000300        0xc .\CortexM0\ARM_GCC_541\Debug\cyfitter_cfg.o
 .text.IntDefaultHandler
                0x0000030c       0x10 .\CortexM0\ARM_GCC_541\Debug\Cm0Start.o
                0x0000030c                IntDefaultHandler
 .text.Start_c  0x0000031c       0x48 .\CortexM0\ARM_GCC_541\Debug\Cm0Start.o
                0x0000031c                Start_c
 .text.initialize_psoc
                0x00000364       0x40 .\CortexM0\ARM_GCC_541\Debug\Cm0Start.o
                0x00000364                initialize_psoc
 .text.i2c_master_ScbEnableIntr
                0x000003a4        0xc .\CortexM0\ARM_GCC_541\Debug\ds1307_i2c.a(i2c_master.o)
 .text.i2c_master_Init
                0x000003b0        0x8 .\CortexM0\ARM_GCC_541\Debug\ds1307_i2c.a(i2c_master.o)
                0x000003b0                i2c_master_Init
 .text.i2c_master_Enable
                0x000003b8       0x18 .\CortexM0\ARM_GCC_541\Debug\ds1307_i2c.a(i2c_master.o)
                0x000003b8                i2c_master_Enable
 .text.i2c_master_Start
                0x000003d0       0x20 .\CortexM0\ARM_GCC_541\Debug\ds1307_i2c.a(i2c_master.o)
                0x000003d0                i2c_master_Start
 .text.i2c_master_I2CInit
                0x000003f0       0xc4 .\CortexM0\ARM_GCC_541\Debug\ds1307_i2c.a(i2c_master_I2C.o)
                0x000003f0                i2c_master_I2CInit
 .text.i2c_master_I2CFwBlockReset
                0x000004b4       0x94 .\CortexM0\ARM_GCC_541\Debug\ds1307_i2c.a(i2c_master_I2C.o)
                0x000004b4                i2c_master_I2CFwBlockReset
 .text.i2c_master_I2CMasterWaitOneUnit
                0x00000548       0x28 .\CortexM0\ARM_GCC_541\Debug\ds1307_i2c.a(i2c_master_I2C_MASTER.o)
 .text.i2c_master_I2CMasterHandleStatus
                0x00000570       0xc4 .\CortexM0\ARM_GCC_541\Debug\ds1307_i2c.a(i2c_master_I2C_MASTER.o)
 .text.i2c_master_I2CMasterSendStart
                0x00000634       0xc4 .\CortexM0\ARM_GCC_541\Debug\ds1307_i2c.a(i2c_master_I2C_MASTER.o)
                0x00000634                i2c_master_I2CMasterSendStart
 .text.i2c_master_I2CMasterSendStop
                0x000006f8       0x58 .\CortexM0\ARM_GCC_541\Debug\ds1307_i2c.a(i2c_master_I2C_MASTER.o)
                0x000006f8                i2c_master_I2CMasterSendStop
 .text.i2c_master_I2CMasterWriteByte
                0x00000750       0x48 .\CortexM0\ARM_GCC_541\Debug\ds1307_i2c.a(i2c_master_I2C_MASTER.o)
                0x00000750                i2c_master_I2CMasterWriteByte
 .text.i2c_master_I2CMasterReadByte
                0x00000798       0x7c .\CortexM0\ARM_GCC_541\Debug\ds1307_i2c.a(i2c_master_I2C_MASTER.o)
                0x00000798                i2c_master_I2CMasterReadByte
 .text.i2c_master_I2CReStartGeneration
                0x00000814       0xc4 .\CortexM0\ARM_GCC_541\Debug\ds1307_i2c.a(i2c_master_I2C_MASTER.o)
                0x00000814                i2c_master_I2CReStartGeneration
 .text.i2c_master_I2CMasterSendRestart
                0x000008d8       0x68 .\CortexM0\ARM_GCC_541\Debug\ds1307_i2c.a(i2c_master_I2C_MASTER.o)
                0x000008d8                i2c_master_I2CMasterSendRestart
 .text.uart_UartInit
                0x00000940       0x9c .\CortexM0\ARM_GCC_541\Debug\ds1307_i2c.a(uart_UART.o)
                0x00000940                uart_UartInit
 .text.uart_UartPostEnable
                0x000009dc       0x2c .\CortexM0\ARM_GCC_541\Debug\ds1307_i2c.a(uart_UART.o)
                0x000009dc                uart_UartPostEnable
 .text.uart_UartPutString
                0x00000a08       0x18 .\CortexM0\ARM_GCC_541\Debug\ds1307_i2c.a(uart_UART.o)
                0x00000a08                uart_UartPutString
 .text.i2c_master_sda_Read
                0x00000a20       0x10 .\CortexM0\ARM_GCC_541\Debug\ds1307_i2c.a(i2c_master_sda.o)
                0x00000a20                i2c_master_sda_Read
 .text.i2c_master_scl_Write
                0x00000a30       0x18 .\CortexM0\ARM_GCC_541\Debug\ds1307_i2c.a(i2c_master_scl.o)
                0x00000a30                i2c_master_scl_Write
 .text.i2c_master_scl_Read
                0x00000a48       0x10 .\CortexM0\ARM_GCC_541\Debug\ds1307_i2c.a(i2c_master_scl.o)
                0x00000a48                i2c_master_scl_Read
 .text.CyIntEnable
                0x00000a58       0x14 .\CortexM0\ARM_GCC_541\Debug\ds1307_i2c.a(CyLib.o)
                0x00000a58                CyIntEnable
 .text.CyIntDisable
                0x00000a6c       0x14 .\CortexM0\ARM_GCC_541\Debug\ds1307_i2c.a(CyLib.o)
                0x00000a6c                CyIntDisable
 .text.CyHalt   0x00000a80        0x4 .\CortexM0\ARM_GCC_541\Debug\ds1307_i2c.a(CyLib.o)
                0x00000a80                CyHalt
 .text.CyIntSetVector
                0x00000a84       0x24 .\CortexM0\ARM_GCC_541\Debug\ds1307_i2c.a(CyLib.o)
                0x00000a84                CyIntSetVector
 .text.CyIntSetPriority
                0x00000aa8       0x4c .\CortexM0\ARM_GCC_541\Debug\ds1307_i2c.a(CyLib.o)
                0x00000aa8                CyIntSetPriority
 .text.CyDelayUs
                0x00000af4       0x14 .\CortexM0\ARM_GCC_541\Debug\ds1307_i2c.a(CyLib.o)
                0x00000af4                CyDelayUs
 .text.CySysClkWriteImoFreq
                0x00000b08      0x164 .\CortexM0\ARM_GCC_541\Debug\ds1307_i2c.a(CyLib.o)
                0x00000b08                CySysClkWriteImoFreq
 .text.CySysWdtLocked
                0x00000c6c       0x14 .\CortexM0\ARM_GCC_541\Debug\ds1307_i2c.a(CyLFClk.o)
 .text.CySysWdtLock
                0x00000c80       0x1c .\CortexM0\ARM_GCC_541\Debug\ds1307_i2c.a(CyLFClk.o)
                0x00000c80                CySysWdtLock
 .text.CySysWdtUnlock
                0x00000c9c       0x30 .\CortexM0\ARM_GCC_541\Debug\ds1307_i2c.a(CyLFClk.o)
                0x00000c9c                CySysWdtUnlock
 .text.CySysWdtClearInterrupt
                0x00000ccc       0x4c .\CortexM0\ARM_GCC_541\Debug\ds1307_i2c.a(CyLFClk.o)
                0x00000ccc                CySysWdtClearInterrupt
 .text.CySysWdtIsr
                0x00000d18       0xa4 .\CortexM0\ARM_GCC_541\Debug\ds1307_i2c.a(CyLFClk.o)
                0x00000d18                CySysWdtIsr
 .text.Pin_Led_Write
                0x00000dbc       0x18 .\CortexM0\ARM_GCC_541\Debug\ds1307_i2c.a(Pin_Led.o)
                0x00000dbc                Pin_Led_Write
 *fill*         0x00000dd4        0x4 
 .text          0x00000dd8       0x24 .\CortexM0\ARM_GCC_541\Debug\ds1307_i2c.a(CyBootAsmGnu.o)
                0x00000dd8                CyDelayCycles
                0x00000dec                CyEnterCriticalSection
                0x00000df4                CyExitCriticalSection
 .text.i2c_master_I2C_ISR
                0x00000dfc      0x33c .\CortexM0\ARM_GCC_541\Debug\ds1307_i2c.a(i2c_master_I2C_INT.o)
                0x00000dfc                i2c_master_I2C_ISR
 .text.uart_SpiUartWriteTxData
                0x00001138       0x1c .\CortexM0\ARM_GCC_541\Debug\ds1307_i2c.a(uart_SPI_UART.o)
                0x00001138                uart_SpiUartWriteTxData
 .text.__errno  0x00001154        0xc c:/program files (x86)/cypress/psoc creator/4.4/psoc creator/import/gnu/arm/5.4.1/bin/../lib/gcc/arm-none-eabi/5.4.1/../../../../arm-none-eabi/lib/armv6-m\libg_nano.a(lib_a-errno.o)
                0x00001154                __errno
 .text.__libc_init_array
                0x00001160       0x4c c:/program files (x86)/cypress/psoc creator/4.4/psoc creator/import/gnu/arm/5.4.1/bin/../lib/gcc/arm-none-eabi/5.4.1/../../../../arm-none-eabi/lib/armv6-m\libg_nano.a(lib_a-init.o)
                0x00001160                __libc_init_array
 .text.memset   0x000011ac       0x10 c:/program files (x86)/cypress/psoc creator/4.4/psoc creator/import/gnu/arm/5.4.1/bin/../lib/gcc/arm-none-eabi/5.4.1/../../../../arm-none-eabi/lib/armv6-m\libg_nano.a(lib_a-memset.o)
                0x000011ac                memset
 *(.plt)
 *(.gnu.warning)
 *(.glue_7t)
 .glue_7t       0x000011bc        0x0 linker stubs
 *(.glue_7)
 .glue_7        0x000011bc        0x0 linker stubs
 *(.vfp11_veneer)
 .vfp11_veneer  0x000011bc        0x0 linker stubs
 *(.bootloader)
 *(.ARM.extab* .gnu.linkonce.armextab.*)
 *(.gcc_except_table)

.v4_bx          0x000011bc        0x0
 .v4_bx         0x000011bc        0x0 linker stubs

.iplt           0x000011bc        0x0
 .iplt          0x000011bc        0x0 c:/program files (x86)/cypress/psoc creator/4.4/psoc creator/import/gnu/arm/5.4.1/bin/../lib/gcc/arm-none-eabi/5.4.1/armv6-m/crtbegin.o

.eh_frame_hdr
 *(.eh_frame_hdr)

.eh_frame       0x000011bc        0x4
 *(.eh_frame)
 .eh_frame      0x000011bc        0x0 c:/program files (x86)/cypress/psoc creator/4.4/psoc creator/import/gnu/arm/5.4.1/bin/../lib/gcc/arm-none-eabi/5.4.1/armv6-m/crtbegin.o
 .eh_frame      0x000011bc        0x4 c:/program files (x86)/cypress/psoc creator/4.4/psoc creator/import/gnu/arm/5.4.1/bin/../lib/gcc/arm-none-eabi/5.4.1/armv6-m/crtend.o
                [!provide]                PROVIDE (__exidx_start, .)

.ARM.exidx
 *(.ARM.exidx* .gnu.linkonce.armexidx.*)
                0x000011c0                __exidx_end = .

.rodata         0x000011c0       0x78
 *(.rodata .rodata.* .gnu.linkonce.r.*)
 .rodata.str1.4
                0x000011c0        0x8 .\CortexM0\ARM_GCC_541\Debug\main.o
 .rodata        0x000011c8        0xc .\CortexM0\ARM_GCC_541\Debug\cyfitter_cfg.o
 .rodata        0x000011d4       0x2e .\CortexM0\ARM_GCC_541\Debug\ds1307_i2c.a(CyLib.o)
                0x000011d4                cyImoFreqMhz2Reg
 .rodata.str1.1
                0x00001202        0x2 c:/program files (x86)/cypress/psoc creator/4.4/psoc creator/import/gnu/arm/5.4.1/bin/../lib/gcc/arm-none-eabi/5.4.1/../../../../arm-none-eabi/lib/armv6-m\libg_nano.a(lib_a-impure.o)
                0x00001204                . = ALIGN (0x4)
 *(.init)
 .init          0x00001204        0x4 c:/program files (x86)/cypress/psoc creator/4.4/psoc creator/import/gnu/arm/5.4.1/bin/../lib/gcc/arm-none-eabi/5.4.1/armv6-m/crti.o
                0x00001204                _init
 .init          0x00001208        0x8 c:/program files (x86)/cypress/psoc creator/4.4/psoc creator/import/gnu/arm/5.4.1/bin/../lib/gcc/arm-none-eabi/5.4.1/armv6-m/crtn.o
                0x00001210                . = ALIGN (0x4)
                0x00001210                __preinit_array_start = .
 *(.preinit_array)
                0x00001210                __preinit_array_end = .
                0x00001210                . = ALIGN (0x4)
                0x00001210                __init_array_start = .
 *(SORT(.init_array.*))
 *(.init_array)
 .init_array    0x00001210        0x4 c:/program files (x86)/cypress/psoc creator/4.4/psoc creator/import/gnu/arm/5.4.1/bin/../lib/gcc/arm-none-eabi/5.4.1/armv6-m/crtbegin.o
 .init_array    0x00001214        0x4 .\CortexM0\ARM_GCC_541\Debug\Cm0Start.o
                0x00001218                __init_array_end = .
                0x00001218                . = ALIGN (0x4)
 *(.fini)
 .fini          0x00001218        0x4 c:/program files (x86)/cypress/psoc creator/4.4/psoc creator/import/gnu/arm/5.4.1/bin/../lib/gcc/arm-none-eabi/5.4.1/armv6-m/crti.o
                0x00001218                _fini
 .fini          0x0000121c        0x8 c:/program files (x86)/cypress/psoc creator/4.4/psoc creator/import/gnu/arm/5.4.1/bin/../lib/gcc/arm-none-eabi/5.4.1/armv6-m/crtn.o
                0x00001224                . = ALIGN (0x4)
                0x00001224                __fini_array_start = .
 *(.fini_array)
 .fini_array    0x00001224        0x4 c:/program files (x86)/cypress/psoc creator/4.4/psoc creator/import/gnu/arm/5.4.1/bin/../lib/gcc/arm-none-eabi/5.4.1/armv6-m/crtbegin.o
 *(SORT(.fini_array.*))
                0x00001228                __fini_array_end = .
                0x00001228                . = ALIGN (0x4)
 *crtbegin.o(.ctors)
 *(EXCLUDE_FILE(*crtend.o) .ctors)
 *(SORT(.ctors.*))
 *crtend.o(.ctors)
                0x00001228                . = ALIGN (0x4)
 *crtbegin.o(.dtors)
 *(EXCLUDE_FILE(*crtend.o) .dtors)
 *(SORT(.dtors.*))
 *crtend.o(.dtors)
                0x00001228                . = ALIGN (0x4)
                0x00001228                __cy_regions = .
                0x00001228        0x4 LONG 0x1238 __cy_region_init_ram
                0x0000122c        0x4 LONG 0x200000c0 __cy_region_start_data
                0x00001230        0x4 LONG 0x80 __cy_region_init_size_ram
                0x00001234        0x4 LONG 0x70 __cy_region_zero_size_ram
                0x00001238                __cy_regions_end = .
                0x00001238                . = ALIGN (0x8)
                0x00001238                _etext = .

.cy_checksum_exclude
                0x00001238        0x0
 *(.cy_checksum_exclude)

.ramvectors     0x20000000       0xc0
                0x20000000                __cy_region_start_ram = .
 *(.ramvectors)
 .ramvectors    0x20000000       0xc0 .\CortexM0\ARM_GCC_541\Debug\Cm0Start.o
                0x20000000                CyRamVectors

.noinit
 *(.noinit)

.data           0x200000c0       0x80 load address 0x00001238
                0x200000c0                __cy_region_start_data = .
 *(.jcr)
 .jcr           0x200000c0        0x0 c:/program files (x86)/cypress/psoc creator/4.4/psoc creator/import/gnu/arm/5.4.1/bin/../lib/gcc/arm-none-eabi/5.4.1/armv6-m/crtbegin.o
 .jcr           0x200000c0        0x4 c:/program files (x86)/cypress/psoc creator/4.4/psoc creator/import/gnu/arm/5.4.1/bin/../lib/gcc/arm-none-eabi/5.4.1/armv6-m/crtend.o
 *(.got.plt)
 *(.got)
 *(.shdata)
 *(.data .data.* .gnu.linkonce.d.*)
 .data          0x200000c4       0x14 .\CortexM0\ARM_GCC_541\Debug\ds1307_i2c.a(CyLib.o)
                0x200000c4                CySysClkPumpConfig
                0x200000c8                cydelay32kMs
                0x200000cc                cydelayFreqKhz
                0x200000d0                cydelayFreqMhz
                0x200000d4                cydelayFreqHz
 .data          0x200000d8        0x4 .\CortexM0\ARM_GCC_541\Debug\ds1307_i2c.a(CyLFClk.o)
 .data.impure_data
                0x200000dc       0x60 c:/program files (x86)/cypress/psoc creator/4.4/psoc creator/import/gnu/arm/5.4.1/bin/../lib/gcc/arm-none-eabi/5.4.1/../../../../arm-none-eabi/lib/armv6-m\libg_nano.a(lib_a-impure.o)
 .data._impure_ptr
                0x2000013c        0x4 c:/program files (x86)/cypress/psoc creator/4.4/psoc creator/import/gnu/arm/5.4.1/bin/../lib/gcc/arm-none-eabi/5.4.1/../../../../arm-none-eabi/lib/armv6-m\libg_nano.a(lib_a-impure.o)
                0x2000013c                _impure_ptr
                0x20000140                . = ALIGN (0x8)
 *(.ram)
                0x20000140                _edata = .

.igot.plt       0x20000140        0x0 load address 0x000012b8
 .igot.plt      0x20000140        0x0 c:/program files (x86)/cypress/psoc creator/4.4/psoc creator/import/gnu/arm/5.4.1/bin/../lib/gcc/arm-none-eabi/5.4.1/armv6-m/crtbegin.o

.bss            0x20000140       0x70 load address 0x000012b8
                0x20000140                PROVIDE (__bss_start__, .)
 *(.shbss)
 *(.bss .bss.* .gnu.linkonce.b.*)
 .bss           0x20000140       0x1c c:/program files (x86)/cypress/psoc creator/4.4/psoc creator/import/gnu/arm/5.4.1/bin/../lib/gcc/arm-none-eabi/5.4.1/armv6-m/crtbegin.o
 .bss           0x2000015c        0x4 .\CortexM0\ARM_GCC_541\Debug\uart.o
                0x2000015c                uart_initVar
                0x2000015e                uart_IntrTxMask
 .bss           0x20000160        0x8 .\CortexM0\ARM_GCC_541\Debug\ds1307_i2c.a(i2c_master.o)
                0x20000160                i2c_master_initVar
                0x20000164                i2c_master_customIntrHandler
 .bss           0x20000168       0x20 .\CortexM0\ARM_GCC_541\Debug\ds1307_i2c.a(CyLFClk.o)
 *(COMMON)
 COMMON         0x20000188        0x1 .\CortexM0\ARM_GCC_541\Debug\ds1307_i2c.a(i2c_master_I2C.o)
                0x20000188                i2c_master_state
 *fill*         0x20000189        0x3 
 COMMON         0x2000018c       0x24 .\CortexM0\ARM_GCC_541\Debug\ds1307_i2c.a(i2c_master_I2C_MASTER.o)
                0x2000018c                i2c_master_mstrRdBufSize
                0x20000190                i2c_master_mstrWrBufIndexTmp
                0x20000194                i2c_master_mstrStatus
                0x20000198                i2c_master_mstrRdBufIndex
                0x2000019c                i2c_master_mstrWrBufPtr
                0x200001a0                i2c_master_mstrRdBufPtr
                0x200001a4                i2c_master_mstrControl
                0x200001a8                i2c_master_mstrWrBufSize
                0x200001ac                i2c_master_mstrWrBufIndex
                0x200001b0                . = ALIGN (0x8)
 *(.ram.b)
                0x200001b0                _end = .
                0x200001b0                __end = .
                0x200001b0                PROVIDE (end, .)
                0x200001b0                PROVIDE (__bss_end__, .)
                0x00001238                __cy_region_init_ram = LOADADDR (.data)
                0x00000080                __cy_region_init_size_ram = (_edata - ADDR (.data))
                0x00000070                __cy_region_zero_size_ram = (_end - _edata)

.heap           0x200001b0       0x80 load address 0x000012b8
                0x200001b0                . = _end
                0x20000230                . = (. + 0x80)
 *fill*         0x200001b0       0x80 
                0x20000230                __cy_heap_limit = .

.stack          0x20000c00      0x400
                0x20000c00                __cy_stack_limit = .
                0x20001000                . = (. + 0x400)
 *fill*         0x20000c00      0x400 
                0x00000001                ASSERT ((__cy_stack_limit >= __cy_heap_limit), region RAM overflowed with stack)
                0x00000000                cy_checksum_exclude_size = (CY_APPL_LOADABLE == 0x1)?SIZEOF (.cy_checksum_exclude):0x0
                0x00000001                ASSERT ((cy_checksum_exclude_size <= CY_CHECKSUM_EXCLUDE_SIZE), CY_BOOT: Section .cy_checksum_exclude size exceedes specified limit.)
                0x00007fc0                cyloadermeta_start = (cy_project_type_bootloader || cy_project_type_app_for_stack_and_copier)?(LENGTH (rom) - CY_METADATA_SIZE):0xf0000000

.cyloadermeta
 *(.cyloadermeta)
                0x00007fc0                cyloadablemeta_start = cy_project_type_app_for_stack_and_copier?((LENGTH (rom) - CY_FLASH_ROW_SIZE) - CY_METADATA_SIZE):((LENGTH (rom) - (CY_FLASH_ROW_SIZE * (CY_APPL_NUM - 0x1))) - CY_METADATA_SIZE)

.cyloadablemeta
 *(.cyloadablemeta)

.cyflashprotect
                0x90400000       0x20
 *(.cyflashprotect)
 .cyflashprotect
                0x90400000       0x20 .\CortexM0\ARM_GCC_541\Debug\cymetadata.o
                0x90400000                cy_meta_flashprotect

.cymeta         0x90500000        0xc
 *(.cymeta)
 .cymeta        0x90500000        0xc .\CortexM0\ARM_GCC_541\Debug\cymetadata.o
                0x90500000                cy_metadata

.cychipprotect  0x90600000        0x1
 *(.cychipprotect)
 .cychipprotect
                0x90600000        0x1 .\CortexM0\ARM_GCC_541\Debug\cymetadata.o
                0x90600000                cy_meta_chipprotect

.rel.dyn        0x000012b8        0x0 load address 0x90600004
 .rel.iplt      0x000012b8        0x0 c:/program files (x86)/cypress/psoc creator/4.4/psoc creator/import/gnu/arm/5.4.1/bin/../lib/gcc/arm-none-eabi/5.4.1/armv6-m/crtbegin.o

.stab
 *(.stab)

.stabstr
 *(.stabstr)

.debug
 *(.debug)

.line
 *(.line)

.debug_srcinfo
 *(.debug_srcinfo)

.debug_sfnames
 *(.debug_sfnames)

.debug_aranges  0x00000000      0x720
 *(.debug_aranges)
 .debug_aranges
                0x00000000       0x28 .\CortexM0\ARM_GCC_541\Debug\main.o
 .debug_aranges
                0x00000028       0x60 .\CortexM0\ARM_GCC_541\Debug\uart.o
 .debug_aranges
                0x00000088       0x40 .\CortexM0\ARM_GCC_541\Debug\ds1307.o
 .debug_aranges
                0x000000c8       0x30 .\CortexM0\ARM_GCC_541\Debug\cyfitter_cfg.o
 .debug_aranges
                0x000000f8       0x18 .\CortexM0\ARM_GCC_541\Debug\cymetadata.o
 .debug_aranges
                0x00000110       0x48 .\CortexM0\ARM_GCC_541\Debug\Cm0Start.o
 .debug_aranges
                0x00000158       0x68 .\CortexM0\ARM_GCC_541\Debug\ds1307_i2c.a(i2c_master.o)
 .debug_aranges
                0x000001c0       0x30 .\CortexM0\ARM_GCC_541\Debug\ds1307_i2c.a(i2c_master_I2C.o)
 .debug_aranges
                0x000001f0       0x98 .\CortexM0\ARM_GCC_541\Debug\ds1307_i2c.a(i2c_master_I2C_MASTER.o)
 .debug_aranges
                0x00000288       0x68 .\CortexM0\ARM_GCC_541\Debug\ds1307_i2c.a(uart_UART.o)
 .debug_aranges
                0x000002f0       0x48 .\CortexM0\ARM_GCC_541\Debug\ds1307_i2c.a(i2c_master_sda.o)
 .debug_aranges
                0x00000338       0x48 .\CortexM0\ARM_GCC_541\Debug\ds1307_i2c.a(i2c_master_scl.o)
 .debug_aranges
                0x00000380      0x180 .\CortexM0\ARM_GCC_541\Debug\ds1307_i2c.a(CyLib.o)
 .debug_aranges
                0x00000500      0x138 .\CortexM0\ARM_GCC_541\Debug\ds1307_i2c.a(CyLFClk.o)
 .debug_aranges
                0x00000638       0x48 .\CortexM0\ARM_GCC_541\Debug\ds1307_i2c.a(Pin_Led.o)
 .debug_aranges
                0x00000680       0x20 .\CortexM0\ARM_GCC_541\Debug\ds1307_i2c.a(CyBootAsmGnu.o)
 .debug_aranges
                0x000006a0       0x20 .\CortexM0\ARM_GCC_541\Debug\ds1307_i2c.a(i2c_master_I2C_INT.o)
 .debug_aranges
                0x000006c0       0x60 .\CortexM0\ARM_GCC_541\Debug\ds1307_i2c.a(uart_SPI_UART.o)

.debug_pubnames
 *(.debug_pubnames)

.debug_info     0x00000000     0x413e
 *(.debug_info .gnu.linkonce.wi.*)
 .debug_info    0x00000000      0x224 .\CortexM0\ARM_GCC_541\Debug\main.o
 .debug_info    0x00000224      0x24c .\CortexM0\ARM_GCC_541\Debug\uart.o
 .debug_info    0x00000470      0x44c .\CortexM0\ARM_GCC_541\Debug\ds1307.o
 .debug_info    0x000008bc      0x27d .\CortexM0\ARM_GCC_541\Debug\cyfitter_cfg.o
 .debug_info    0x00000b39       0xf8 .\CortexM0\ARM_GCC_541\Debug\cymetadata.o
 .debug_info    0x00000c31      0x3a2 .\CortexM0\ARM_GCC_541\Debug\Cm0Start.o
 .debug_info    0x00000fd3      0x2aa .\CortexM0\ARM_GCC_541\Debug\ds1307_i2c.a(i2c_master.o)
 .debug_info    0x0000127d      0x195 .\CortexM0\ARM_GCC_541\Debug\ds1307_i2c.a(i2c_master_I2C.o)
 .debug_info    0x00001412      0x91d .\CortexM0\ARM_GCC_541\Debug\ds1307_i2c.a(i2c_master_I2C_MASTER.o)
 .debug_info    0x00001d2f      0x310 .\CortexM0\ARM_GCC_541\Debug\ds1307_i2c.a(uart_UART.o)
 .debug_info    0x0000203f      0x19d .\CortexM0\ARM_GCC_541\Debug\ds1307_i2c.a(i2c_master_sda.o)
 .debug_info    0x000021dc      0x19b .\CortexM0\ARM_GCC_541\Debug\ds1307_i2c.a(i2c_master_scl.o)
 .debug_info    0x00002377      0xaed .\CortexM0\ARM_GCC_541\Debug\ds1307_i2c.a(CyLib.o)
 .debug_info    0x00002e64      0xcfe .\CortexM0\ARM_GCC_541\Debug\ds1307_i2c.a(CyLFClk.o)
 .debug_info    0x00003b62      0x19b .\CortexM0\ARM_GCC_541\Debug\ds1307_i2c.a(Pin_Led.o)
 .debug_info    0x00003cfd       0x79 .\CortexM0\ARM_GCC_541\Debug\ds1307_i2c.a(CyBootAsmGnu.o)
 .debug_info    0x00003d76      0x1a8 .\CortexM0\ARM_GCC_541\Debug\ds1307_i2c.a(i2c_master_I2C_INT.o)
 .debug_info    0x00003f1e      0x220 .\CortexM0\ARM_GCC_541\Debug\ds1307_i2c.a(uart_SPI_UART.o)

.debug_abbrev   0x00000000     0x1410
 *(.debug_abbrev)
 .debug_abbrev  0x00000000      0x11a .\CortexM0\ARM_GCC_541\Debug\main.o
 .debug_abbrev  0x0000011a       0xed .\CortexM0\ARM_GCC_541\Debug\uart.o
 .debug_abbrev  0x00000207      0x176 .\CortexM0\ARM_GCC_541\Debug\ds1307.o
 .debug_abbrev  0x0000037d      0x150 .\CortexM0\ARM_GCC_541\Debug\cyfitter_cfg.o
 .debug_abbrev  0x000004cd       0x5d .\CortexM0\ARM_GCC_541\Debug\cymetadata.o
 .debug_abbrev  0x0000052a      0x1d7 .\CortexM0\ARM_GCC_541\Debug\Cm0Start.o
 .debug_abbrev  0x00000701      0x130 .\CortexM0\ARM_GCC_541\Debug\ds1307_i2c.a(i2c_master.o)
 .debug_abbrev  0x00000831       0xc7 .\CortexM0\ARM_GCC_541\Debug\ds1307_i2c.a(i2c_master_I2C.o)
 .debug_abbrev  0x000008f8      0x1b3 .\CortexM0\ARM_GCC_541\Debug\ds1307_i2c.a(i2c_master_I2C_MASTER.o)
 .debug_abbrev  0x00000aab      0x123 .\CortexM0\ARM_GCC_541\Debug\ds1307_i2c.a(uart_UART.o)
 .debug_abbrev  0x00000bce       0xc8 .\CortexM0\ARM_GCC_541\Debug\ds1307_i2c.a(i2c_master_sda.o)
 .debug_abbrev  0x00000c96       0xc8 .\CortexM0\ARM_GCC_541\Debug\ds1307_i2c.a(i2c_master_scl.o)
 .debug_abbrev  0x00000d5e      0x1d3 .\CortexM0\ARM_GCC_541\Debug\ds1307_i2c.a(CyLib.o)
 .debug_abbrev  0x00000f31      0x210 .\CortexM0\ARM_GCC_541\Debug\ds1307_i2c.a(CyLFClk.o)
 .debug_abbrev  0x00001141       0xc8 .\CortexM0\ARM_GCC_541\Debug\ds1307_i2c.a(Pin_Led.o)
 .debug_abbrev  0x00001209       0x14 .\CortexM0\ARM_GCC_541\Debug\ds1307_i2c.a(CyBootAsmGnu.o)
 .debug_abbrev  0x0000121d       0xa4 .\CortexM0\ARM_GCC_541\Debug\ds1307_i2c.a(i2c_master_I2C_INT.o)
 .debug_abbrev  0x000012c1      0x14f .\CortexM0\ARM_GCC_541\Debug\ds1307_i2c.a(uart_SPI_UART.o)

.debug_line     0x00000000     0x1ca4
 *(.debug_line)
 .debug_line    0x00000000       0xd1 .\CortexM0\ARM_GCC_541\Debug\main.o
 .debug_line    0x000000d1      0x127 .\CortexM0\ARM_GCC_541\Debug\uart.o
 .debug_line    0x000001f8      0x115 .\CortexM0\ARM_GCC_541\Debug\ds1307.o
 .debug_line    0x0000030d      0x137 .\CortexM0\ARM_GCC_541\Debug\cyfitter_cfg.o
 .debug_line    0x00000444      0x141 .\CortexM0\ARM_GCC_541\Debug\cymetadata.o
 .debug_line    0x00000585      0x235 .\CortexM0\ARM_GCC_541\Debug\Cm0Start.o
 .debug_line    0x000007ba      0x151 .\CortexM0\ARM_GCC_541\Debug\ds1307_i2c.a(i2c_master.o)
 .debug_line    0x0000090b       0xd1 .\CortexM0\ARM_GCC_541\Debug\ds1307_i2c.a(i2c_master_I2C.o)
 .debug_line    0x000009dc      0x355 .\CortexM0\ARM_GCC_541\Debug\ds1307_i2c.a(i2c_master_I2C_MASTER.o)
 .debug_line    0x00000d31      0x16d .\CortexM0\ARM_GCC_541\Debug\ds1307_i2c.a(uart_UART.o)
 .debug_line    0x00000e9e       0xc6 .\CortexM0\ARM_GCC_541\Debug\ds1307_i2c.a(i2c_master_sda.o)
 .debug_line    0x00000f64       0xc5 .\CortexM0\ARM_GCC_541\Debug\ds1307_i2c.a(i2c_master_scl.o)
 .debug_line    0x00001029      0x460 .\CortexM0\ARM_GCC_541\Debug\ds1307_i2c.a(CyLib.o)
 .debug_line    0x00001489      0x466 .\CortexM0\ARM_GCC_541\Debug\ds1307_i2c.a(CyLFClk.o)
 .debug_line    0x000018ef       0xbe .\CortexM0\ARM_GCC_541\Debug\ds1307_i2c.a(Pin_Led.o)
 .debug_line    0x000019ad       0x69 .\CortexM0\ARM_GCC_541\Debug\ds1307_i2c.a(CyBootAsmGnu.o)
 .debug_line    0x00001a16      0x174 .\CortexM0\ARM_GCC_541\Debug\ds1307_i2c.a(i2c_master_I2C_INT.o)
 .debug_line    0x00001b8a      0x11a .\CortexM0\ARM_GCC_541\Debug\ds1307_i2c.a(uart_SPI_UART.o)

.debug_frame    0x00000000     0x1178
 *(.debug_frame)
 .debug_frame   0x00000000       0x48 .\CortexM0\ARM_GCC_541\Debug\main.o
 .debug_frame   0x00000048       0xe8 .\CortexM0\ARM_GCC_541\Debug\uart.o
 .debug_frame   0x00000130       0x90 .\CortexM0\ARM_GCC_541\Debug\ds1307.o
 .debug_frame   0x000001c0       0x68 .\CortexM0\ARM_GCC_541\Debug\cyfitter_cfg.o
 .debug_frame   0x00000228       0xbc .\CortexM0\ARM_GCC_541\Debug\Cm0Start.o
 .debug_frame   0x000002e4       0xf8 .\CortexM0\ARM_GCC_541\Debug\ds1307_i2c.a(i2c_master.o)
 .debug_frame   0x000003dc       0x58 .\CortexM0\ARM_GCC_541\Debug\ds1307_i2c.a(i2c_master_I2C.o)
 .debug_frame   0x00000434      0x1e8 .\CortexM0\ARM_GCC_541\Debug\ds1307_i2c.a(i2c_master_I2C_MASTER.o)
 .debug_frame   0x0000061c       0xf4 .\CortexM0\ARM_GCC_541\Debug\ds1307_i2c.a(uart_UART.o)
 .debug_frame   0x00000710       0x70 .\CortexM0\ARM_GCC_541\Debug\ds1307_i2c.a(i2c_master_sda.o)
 .debug_frame   0x00000780       0x70 .\CortexM0\ARM_GCC_541\Debug\ds1307_i2c.a(i2c_master_scl.o)
 .debug_frame   0x000007f0      0x3e0 .\CortexM0\ARM_GCC_541\Debug\ds1307_i2c.a(CyLib.o)
 .debug_frame   0x00000bd0      0x3a8 .\CortexM0\ARM_GCC_541\Debug\ds1307_i2c.a(CyLFClk.o)
 .debug_frame   0x00000f78       0x70 .\CortexM0\ARM_GCC_541\Debug\ds1307_i2c.a(Pin_Led.o)
 .debug_frame   0x00000fe8       0x2c .\CortexM0\ARM_GCC_541\Debug\ds1307_i2c.a(i2c_master_I2C_INT.o)
 .debug_frame   0x00001014       0xb0 .\CortexM0\ARM_GCC_541\Debug\ds1307_i2c.a(uart_SPI_UART.o)
 .debug_frame   0x000010c4       0x20 c:/program files (x86)/cypress/psoc creator/4.4/psoc creator/import/gnu/arm/5.4.1/bin/../lib/gcc/arm-none-eabi/5.4.1/armv6-m\libgcc.a(_udivsi3.o)
 .debug_frame   0x000010e4       0x20 c:/program files (x86)/cypress/psoc creator/4.4/psoc creator/import/gnu/arm/5.4.1/bin/../lib/gcc/arm-none-eabi/5.4.1/../../../../arm-none-eabi/lib/armv6-m\libg_nano.a(lib_a-errno.o)
 .debug_frame   0x00001104       0x28 c:/program files (x86)/cypress/psoc creator/4.4/psoc creator/import/gnu/arm/5.4.1/bin/../lib/gcc/arm-none-eabi/5.4.1/../../../../arm-none-eabi/lib/armv6-m\libg_nano.a(lib_a-exit.o)
 .debug_frame   0x0000112c       0x2c c:/program files (x86)/cypress/psoc creator/4.4/psoc creator/import/gnu/arm/5.4.1/bin/../lib/gcc/arm-none-eabi/5.4.1/../../../../arm-none-eabi/lib/armv6-m\libg_nano.a(lib_a-init.o)
 .debug_frame   0x00001158       0x20 c:/program files (x86)/cypress/psoc creator/4.4/psoc creator/import/gnu/arm/5.4.1/bin/../lib/gcc/arm-none-eabi/5.4.1/../../../../arm-none-eabi/lib/armv6-m\libg_nano.a(lib_a-memset.o)

.debug_str      0x00000000     0x19e8
 *(.debug_str)
 .debug_str     0x00000000      0x1f4 .\CortexM0\ARM_GCC_541\Debug\main.o
                                0x239 (size before relaxing)
 .debug_str     0x000001f4      0x127 .\CortexM0\ARM_GCC_541\Debug\uart.o
                                0x29d (size before relaxing)
 .debug_str     0x0000031b       0xeb .\CortexM0\ARM_GCC_541\Debug\ds1307.o
                                0x2ae (size before relaxing)
 .debug_str     0x00000406       0xcc .\CortexM0\ARM_GCC_541\Debug\cyfitter_cfg.o
                                0x233 (size before relaxing)
 .debug_str     0x000004d2       0x63 .\CortexM0\ARM_GCC_541\Debug\cymetadata.o
                                0x1b1 (size before relaxing)
 .debug_str     0x00000535      0x140 .\CortexM0\ARM_GCC_541\Debug\Cm0Start.o
                                0x2ea (size before relaxing)
 .debug_str     0x00000675      0x17b .\CortexM0\ARM_GCC_541\Debug\ds1307_i2c.a(i2c_master.o)
                                0x32b (size before relaxing)
 .debug_str     0x000007f0       0xaf .\CortexM0\ARM_GCC_541\Debug\ds1307_i2c.a(i2c_master_I2C.o)
                                0x26f (size before relaxing)
 .debug_str     0x0000089f      0x304 .\CortexM0\ARM_GCC_541\Debug\ds1307_i2c.a(i2c_master_I2C_MASTER.o)
                                0x5ae (size before relaxing)
 .debug_str     0x00000ba3      0x152 .\CortexM0\ARM_GCC_541\Debug\ds1307_i2c.a(uart_UART.o)
                                0x326 (size before relaxing)
 .debug_str     0x00000cf5       0xdc .\CortexM0\ARM_GCC_541\Debug\ds1307_i2c.a(i2c_master_sda.o)
                                0x25e (size before relaxing)
 .debug_str     0x00000dd1       0x9d .\CortexM0\ARM_GCC_541\Debug\ds1307_i2c.a(i2c_master_scl.o)
                                0x25e (size before relaxing)
 .debug_str     0x00000e6e      0x490 .\CortexM0\ARM_GCC_541\Debug\ds1307_i2c.a(CyLib.o)
                                0x69f (size before relaxing)
 .debug_str     0x000012fe      0x52b .\CortexM0\ARM_GCC_541\Debug\ds1307_i2c.a(CyLFClk.o)
                                0x726 (size before relaxing)
 .debug_str     0x00001829       0x87 .\CortexM0\ARM_GCC_541\Debug\ds1307_i2c.a(Pin_Led.o)
                                0x22d (size before relaxing)
 .debug_str     0x000018b0       0x55 .\CortexM0\ARM_GCC_541\Debug\ds1307_i2c.a(i2c_master_I2C_INT.o)
                                0x309 (size before relaxing)
 .debug_str     0x00001905       0xe3 .\CortexM0\ARM_GCC_541\Debug\ds1307_i2c.a(uart_SPI_UART.o)
                                0x2b8 (size before relaxing)

.debug_loc      0x00000000     0x2310
 *(.debug_loc)
 .debug_loc     0x00000000       0x7e .\CortexM0\ARM_GCC_541\Debug\uart.o
 .debug_loc     0x0000007e      0x114 .\CortexM0\ARM_GCC_541\Debug\ds1307.o
 .debug_loc     0x00000192       0xa9 .\CortexM0\ARM_GCC_541\Debug\cyfitter_cfg.o
 .debug_loc     0x0000023b      0x14f .\CortexM0\ARM_GCC_541\Debug\Cm0Start.o
 .debug_loc     0x0000038a       0x7e .\CortexM0\ARM_GCC_541\Debug\ds1307_i2c.a(i2c_master.o)
 .debug_loc     0x00000408      0xa90 .\CortexM0\ARM_GCC_541\Debug\ds1307_i2c.a(i2c_master_I2C_MASTER.o)
 .debug_loc     0x00000e98      0x1e4 .\CortexM0\ARM_GCC_541\Debug\ds1307_i2c.a(uart_UART.o)
 .debug_loc     0x0000107c       0xa2 .\CortexM0\ARM_GCC_541\Debug\ds1307_i2c.a(i2c_master_sda.o)
 .debug_loc     0x0000111e       0x81 .\CortexM0\ARM_GCC_541\Debug\ds1307_i2c.a(i2c_master_scl.o)
 .debug_loc     0x0000119f      0x599 .\CortexM0\ARM_GCC_541\Debug\ds1307_i2c.a(CyLib.o)
 .debug_loc     0x00001738      0x9b5 .\CortexM0\ARM_GCC_541\Debug\ds1307_i2c.a(CyLFClk.o)
 .debug_loc     0x000020ed       0x81 .\CortexM0\ARM_GCC_541\Debug\ds1307_i2c.a(Pin_Led.o)
 .debug_loc     0x0000216e      0x10c .\CortexM0\ARM_GCC_541\Debug\ds1307_i2c.a(i2c_master_I2C_INT.o)
 .debug_loc     0x0000227a       0x96 .\CortexM0\ARM_GCC_541\Debug\ds1307_i2c.a(uart_SPI_UART.o)

.debug_macinfo
 *(.debug_macinfo)

.debug_ranges   0x00000000      0x5e8
 *(.debug_ranges)
 .debug_ranges  0x00000000       0x18 .\CortexM0\ARM_GCC_541\Debug\main.o
 .debug_ranges  0x00000018       0x50 .\CortexM0\ARM_GCC_541\Debug\uart.o
 .debug_ranges  0x00000068       0x30 .\CortexM0\ARM_GCC_541\Debug\ds1307.o
 .debug_ranges  0x00000098       0x20 .\CortexM0\ARM_GCC_541\Debug\cyfitter_cfg.o
 .debug_ranges  0x000000b8       0x38 .\CortexM0\ARM_GCC_541\Debug\Cm0Start.o
 .debug_ranges  0x000000f0       0x58 .\CortexM0\ARM_GCC_541\Debug\ds1307_i2c.a(i2c_master.o)
 .debug_ranges  0x00000148       0x20 .\CortexM0\ARM_GCC_541\Debug\ds1307_i2c.a(i2c_master_I2C.o)
 .debug_ranges  0x00000168       0x88 .\CortexM0\ARM_GCC_541\Debug\ds1307_i2c.a(i2c_master_I2C_MASTER.o)
 .debug_ranges  0x000001f0       0x58 .\CortexM0\ARM_GCC_541\Debug\ds1307_i2c.a(uart_UART.o)
 .debug_ranges  0x00000248       0x38 .\CortexM0\ARM_GCC_541\Debug\ds1307_i2c.a(i2c_master_sda.o)
 .debug_ranges  0x00000280       0x38 .\CortexM0\ARM_GCC_541\Debug\ds1307_i2c.a(i2c_master_scl.o)
 .debug_ranges  0x000002b8      0x170 .\CortexM0\ARM_GCC_541\Debug\ds1307_i2c.a(CyLib.o)
 .debug_ranges  0x00000428      0x128 .\CortexM0\ARM_GCC_541\Debug\ds1307_i2c.a(CyLFClk.o)
 .debug_ranges  0x00000550       0x38 .\CortexM0\ARM_GCC_541\Debug\ds1307_i2c.a(Pin_Led.o)
 .debug_ranges  0x00000588       0x10 .\CortexM0\ARM_GCC_541\Debug\ds1307_i2c.a(i2c_master_I2C_INT.o)
 .debug_ranges  0x00000598       0x50 .\CortexM0\ARM_GCC_541\Debug\ds1307_i2c.a(uart_SPI_UART.o)

.comment        0x00000000       0x6e
 .comment       0x00000000       0x6e .\CortexM0\ARM_GCC_541\Debug\main.o
                                 0x6f (size before relaxing)
 .comment       0x0000006e       0x6f .\CortexM0\ARM_GCC_541\Debug\uart.o
 .comment       0x0000006e       0x6f .\CortexM0\ARM_GCC_541\Debug\ds1307.o
 .comment       0x0000006e       0x6f .\CortexM0\ARM_GCC_541\Debug\cyfitter_cfg.o
 .comment       0x0000006e       0x6f .\CortexM0\ARM_GCC_541\Debug\cymetadata.o
 .comment       0x0000006e       0x6f .\CortexM0\ARM_GCC_541\Debug\Cm0Start.o
 .comment       0x0000006e       0x6f .\CortexM0\ARM_GCC_541\Debug\ds1307_i2c.a(i2c_master.o)
 .comment       0x0000006e       0x6f .\CortexM0\ARM_GCC_541\Debug\ds1307_i2c.a(i2c_master_I2C.o)
 .comment       0x0000006e       0x6f .\CortexM0\ARM_GCC_541\Debug\ds1307_i2c.a(i2c_master_I2C_MASTER.o)
 .comment       0x0000006e       0x6f .\CortexM0\ARM_GCC_541\Debug\ds1307_i2c.a(uart_UART.o)
 .comment       0x0000006e       0x6f .\CortexM0\ARM_GCC_541\Debug\ds1307_i2c.a(i2c_master_sda.o)
 .comment       0x0000006e       0x6f .\CortexM0\ARM_GCC_541\Debug\ds1307_i2c.a(i2c_master_scl.o)
 .comment       0x0000006e       0x6f .\CortexM0\ARM_GCC_541\Debug\ds1307_i2c.a(CyLib.o)
 .comment       0x0000006e       0x6f .\CortexM0\ARM_GCC_541\Debug\ds1307_i2c.a(CyLFClk.o)
 .comment       0x0000006e       0x6f .\CortexM0\ARM_GCC_541\Debug\ds1307_i2c.a(Pin_Led.o)
 .comment       0x0000006e       0x6f .\CortexM0\ARM_GCC_541\Debug\ds1307_i2c.a(i2c_master_I2C_INT.o)
 .comment       0x0000006e       0x6f .\CortexM0\ARM_GCC_541\Debug\ds1307_i2c.a(uart_SPI_UART.o)

.debug_weaknames
 *(.debug_weaknames)

.debug_funcnames
 *(.debug_funcnames)

.debug_typenames
 *(.debug_typenames)

.debug_varnames
 *(.debug_varnames)

.note.gnu.arm.ident
 *(.note.gnu.arm.ident)

.ARM.attributes
                0x00000000       0x28
 *(.ARM.attributes)
 .ARM.attributes
                0x00000000       0x1e c:/program files (x86)/cypress/psoc creator/4.4/psoc creator/import/gnu/arm/5.4.1/bin/../lib/gcc/arm-none-eabi/5.4.1/armv6-m/crti.o
 .ARM.attributes
                0x0000001e       0x2c c:/program files (x86)/cypress/psoc creator/4.4/psoc creator/import/gnu/arm/5.4.1/bin/../lib/gcc/arm-none-eabi/5.4.1/armv6-m/crtbegin.o
 .ARM.attributes
                0x0000004a       0x1b c:/program files (x86)/cypress/psoc creator/4.4/psoc creator/import/gnu/arm/5.4.1/bin/../lib/gcc/arm-none-eabi/5.4.1/../../../../arm-none-eabi/lib/armv6-m/crt0.o
 .ARM.attributes
                0x00000065       0x31 .\CortexM0\ARM_GCC_541\Debug\main.o
 .ARM.attributes
                0x00000096       0x31 .\CortexM0\ARM_GCC_541\Debug\uart.o
 .ARM.attributes
                0x000000c7       0x31 .\CortexM0\ARM_GCC_541\Debug\ds1307.o
 .ARM.attributes
                0x000000f8       0x31 .\CortexM0\ARM_GCC_541\Debug\cyfitter_cfg.o
 .ARM.attributes
                0x00000129       0x31 .\CortexM0\ARM_GCC_541\Debug\cymetadata.o
 .ARM.attributes
                0x0000015a       0x31 .\CortexM0\ARM_GCC_541\Debug\Cm0Start.o
 .ARM.attributes
                0x0000018b       0x31 .\CortexM0\ARM_GCC_541\Debug\ds1307_i2c.a(i2c_master.o)
 .ARM.attributes
                0x000001bc       0x31 .\CortexM0\ARM_GCC_541\Debug\ds1307_i2c.a(i2c_master_I2C.o)
 .ARM.attributes
                0x000001ed       0x31 .\CortexM0\ARM_GCC_541\Debug\ds1307_i2c.a(i2c_master_I2C_MASTER.o)
 .ARM.attributes
                0x0000021e       0x31 .\CortexM0\ARM_GCC_541\Debug\ds1307_i2c.a(uart_UART.o)
 .ARM.attributes
                0x0000024f       0x31 .\CortexM0\ARM_GCC_541\Debug\ds1307_i2c.a(i2c_master_sda.o)
 .ARM.attributes
                0x00000280       0x31 .\CortexM0\ARM_GCC_541\Debug\ds1307_i2c.a(i2c_master_scl.o)
 .ARM.attributes
                0x000002b1       0x31 .\CortexM0\ARM_GCC_541\Debug\ds1307_i2c.a(CyLib.o)
 .ARM.attributes
                0x000002e2       0x31 .\CortexM0\ARM_GCC_541\Debug\ds1307_i2c.a(CyLFClk.o)
 .ARM.attributes
                0x00000313       0x31 .\CortexM0\ARM_GCC_541\Debug\ds1307_i2c.a(Pin_Led.o)
 .ARM.attributes
                0x00000344       0x21 .\CortexM0\ARM_GCC_541\Debug\ds1307_i2c.a(CyBootAsmGnu.o)
 .ARM.attributes
                0x00000365       0x31 .\CortexM0\ARM_GCC_541\Debug\ds1307_i2c.a(i2c_master_I2C_INT.o)
 .ARM.attributes
                0x00000396       0x31 .\CortexM0\ARM_GCC_541\Debug\ds1307_i2c.a(uart_SPI_UART.o)
 .ARM.attributes
                0x000003c7       0x1e c:/program files (x86)/cypress/psoc creator/4.4/psoc creator/import/gnu/arm/5.4.1/bin/../lib/gcc/arm-none-eabi/5.4.1/armv6-m\libgcc.a(_udivsi3.o)
 .ARM.attributes
                0x000003e5       0x1e c:/program files (x86)/cypress/psoc creator/4.4/psoc creator/import/gnu/arm/5.4.1/bin/../lib/gcc/arm-none-eabi/5.4.1/armv6-m\libgcc.a(_dvmd_tls.o)
 .ARM.attributes
                0x00000403       0x2c c:/program files (x86)/cypress/psoc creator/4.4/psoc creator/import/gnu/arm/5.4.1/bin/../lib/gcc/arm-none-eabi/5.4.1/../../../../arm-none-eabi/lib/armv6-m\libg_nano.a(lib_a-errno.o)
 .ARM.attributes
                0x0000042f       0x2c c:/program files (x86)/cypress/psoc creator/4.4/psoc creator/import/gnu/arm/5.4.1/bin/../lib/gcc/arm-none-eabi/5.4.1/../../../../arm-none-eabi/lib/armv6-m\libg_nano.a(lib_a-exit.o)
 .ARM.attributes
                0x0000045b       0x2c c:/program files (x86)/cypress/psoc creator/4.4/psoc creator/import/gnu/arm/5.4.1/bin/../lib/gcc/arm-none-eabi/5.4.1/../../../../arm-none-eabi/lib/armv6-m\libg_nano.a(lib_a-impure.o)
 .ARM.attributes
                0x00000487       0x2c c:/program files (x86)/cypress/psoc creator/4.4/psoc creator/import/gnu/arm/5.4.1/bin/../lib/gcc/arm-none-eabi/5.4.1/../../../../arm-none-eabi/lib/armv6-m\libg_nano.a(lib_a-init.o)
 .ARM.attributes
                0x000004b3       0x2c c:/program files (x86)/cypress/psoc creator/4.4/psoc creator/import/gnu/arm/5.4.1/bin/../lib/gcc/arm-none-eabi/5.4.1/../../../../arm-none-eabi/lib/armv6-m\libg_nano.a(lib_a-memset.o)
 .ARM.attributes
                0x000004df       0x2c c:/program files (x86)/cypress/psoc creator/4.4/psoc creator/import/gnu/arm/5.4.1/bin/../lib/gcc/arm-none-eabi/5.4.1/armv6-m/crtend.o
 .ARM.attributes
                0x0000050b       0x1e c:/program files (x86)/cypress/psoc creator/4.4/psoc creator/import/gnu/arm/5.4.1/bin/../lib/gcc/arm-none-eabi/5.4.1/armv6-m/crtn.o

/DISCARD/
 *(.note.GNU-stack)
OUTPUT(D:\psoc\theory\ds1307_uart\ds1307_i2c.cydsn\CortexM0\ARM_GCC_541\Debug\ds1307_i2c.elf elf32-littlearm)
