Archive member included to satisfy reference by file (symbol)

.\CortexM0\ARM_GCC_541\Debug\eeprom_external.a(CyLib.o)
                              .\CortexM0\ARM_GCC_541\Debug\cyfitter_cfg.o (CyIntEnable)
.\CortexM0\ARM_GCC_541\Debug\eeprom_external.a(CyLFClk.o)
                              .\CortexM0\ARM_GCC_541\Debug\cyfitter_cfg.o (CySysWdtIsr)
.\CortexM0\ARM_GCC_541\Debug\eeprom_external.a(i2c.o)
                              .\CortexM0\ARM_GCC_541\Debug\main.o (i2c_Start)
.\CortexM0\ARM_GCC_541\Debug\eeprom_external.a(i2c_I2C.o)
                              .\CortexM0\ARM_GCC_541\Debug\eeprom_external.a(i2c.o) (i2c_I2CInit)
.\CortexM0\ARM_GCC_541\Debug\eeprom_external.a(i2c_I2C_MASTER.o)
                              .\CortexM0\ARM_GCC_541\Debug\eeprom_external.o (i2c_I2CMasterSendStart)
.\CortexM0\ARM_GCC_541\Debug\eeprom_external.a(uart.o)
                              .\CortexM0\ARM_GCC_541\Debug\main.o (uart_Start)
.\CortexM0\ARM_GCC_541\Debug\eeprom_external.a(uart_UART.o)
                              .\CortexM0\ARM_GCC_541\Debug\eeprom_external.a(uart.o) (uart_UartInit)
.\CortexM0\ARM_GCC_541\Debug\eeprom_external.a(i2c_sda.o)
                              .\CortexM0\ARM_GCC_541\Debug\eeprom_external.a(i2c_I2C_MASTER.o) (i2c_sda_Read)
.\CortexM0\ARM_GCC_541\Debug\eeprom_external.a(i2c_scl.o)
                              .\CortexM0\ARM_GCC_541\Debug\eeprom_external.a(i2c_I2C_MASTER.o) (i2c_scl_Write)
.\CortexM0\ARM_GCC_541\Debug\eeprom_external.a(LedYellow_0.o)
                              .\CortexM0\ARM_GCC_541\Debug\main.o (LedYellow_0_Write)
.\CortexM0\ARM_GCC_541\Debug\eeprom_external.a(LedYellow_1.o)
                              .\CortexM0\ARM_GCC_541\Debug\ledYellow.o (LedYellow_1_Write)
.\CortexM0\ARM_GCC_541\Debug\eeprom_external.a(LedYellow_2.o)
                              .\CortexM0\ARM_GCC_541\Debug\ledYellow.o (LedYellow_2_Write)
.\CortexM0\ARM_GCC_541\Debug\eeprom_external.a(LedYellow_3.o)
                              .\CortexM0\ARM_GCC_541\Debug\ledYellow.o (LedYellow_3_Write)
.\CortexM0\ARM_GCC_541\Debug\eeprom_external.a(LedYellow_4.o)
                              .\CortexM0\ARM_GCC_541\Debug\ledYellow.o (LedYellow_4_Write)
.\CortexM0\ARM_GCC_541\Debug\eeprom_external.a(LedYellow_5.o)
                              .\CortexM0\ARM_GCC_541\Debug\ledYellow.o (LedYellow_5_Write)
.\CortexM0\ARM_GCC_541\Debug\eeprom_external.a(LedYellow_6.o)
                              .\CortexM0\ARM_GCC_541\Debug\ledYellow.o (LedYellow_6_Write)
.\CortexM0\ARM_GCC_541\Debug\eeprom_external.a(LedYellow_7.o)
                              .\CortexM0\ARM_GCC_541\Debug\ledYellow.o (LedYellow_7_Write)
.\CortexM0\ARM_GCC_541\Debug\eeprom_external.a(timer.o)
                              .\CortexM0\ARM_GCC_541\Debug\main.o (timer_Start)
.\CortexM0\ARM_GCC_541\Debug\eeprom_external.a(timer_interrupt.o)
                              .\CortexM0\ARM_GCC_541\Debug\timer_system.o (timer_interrupt_StartEx)
.\CortexM0\ARM_GCC_541\Debug\eeprom_external.a(CyBootAsmGnu.o)
                              .\CortexM0\ARM_GCC_541\Debug\eeprom_external.a(CyLib.o) (CyDelayCycles)
.\CortexM0\ARM_GCC_541\Debug\eeprom_external.a(i2c_I2C_INT.o)
                              .\CortexM0\ARM_GCC_541\Debug\eeprom_external.a(i2c_I2C.o) (i2c_I2C_ISR)
.\CortexM0\ARM_GCC_541\Debug\eeprom_external.a(uart_SPI_UART.o)
                              .\CortexM0\ARM_GCC_541\Debug\eeprom_external.a(uart_UART.o) (uart_SpiUartReadRxData)
c:/program files (x86)/cypress/psoc creator/4.4/psoc creator/import/gnu/arm/5.4.1/bin/../lib/gcc/arm-none-eabi/5.4.1/armv6-m\libgcc.a(_udivsi3.o)
                              .\CortexM0\ARM_GCC_541\Debug\eeprom_external.a(CyLib.o) (__aeabi_uidiv)
c:/program files (x86)/cypress/psoc creator/4.4/psoc creator/import/gnu/arm/5.4.1/bin/../lib/gcc/arm-none-eabi/5.4.1/armv6-m\libgcc.a(_dvmd_tls.o)
                              c:/program files (x86)/cypress/psoc creator/4.4/psoc creator/import/gnu/arm/5.4.1/bin/../lib/gcc/arm-none-eabi/5.4.1/armv6-m\libgcc.a(_udivsi3.o) (__aeabi_idiv0)
c:/program files (x86)/cypress/psoc creator/4.4/psoc creator/import/gnu/arm/5.4.1/bin/../lib/gcc/arm-none-eabi/5.4.1/../../../../arm-none-eabi/lib/armv6-m\libg_nano.a(lib_a-errno.o)
                              .\CortexM0\ARM_GCC_541\Debug\Cm0Start.o (__errno)
c:/program files (x86)/cypress/psoc creator/4.4/psoc creator/import/gnu/arm/5.4.1/bin/../lib/gcc/arm-none-eabi/5.4.1/../../../../arm-none-eabi/lib/armv6-m\libg_nano.a(lib_a-exit.o)
                              c:/program files (x86)/cypress/psoc creator/4.4/psoc creator/import/gnu/arm/5.4.1/bin/../lib/gcc/arm-none-eabi/5.4.1/../../../../arm-none-eabi/lib/armv6-m/crt0.o (exit)
c:/program files (x86)/cypress/psoc creator/4.4/psoc creator/import/gnu/arm/5.4.1/bin/../lib/gcc/arm-none-eabi/5.4.1/../../../../arm-none-eabi/lib/armv6-m\libg_nano.a(lib_a-impure.o)
[...]
Memory Configuration

Name             Origin             Length             Attributes
rom              0x00000000         0x00008000         xr
ram              0x20000000         0x00001000         xrw
*default*        0x00000000         0xffffffff

Linker script and memory map

LOAD c:/program files (x86)/cypress/psoc creator/4.4/psoc creator/import/gnu/arm/5.4.1/bin/../lib/gcc/arm-none-eabi/5.4.1/armv6-m/crti.o
LOAD c:/program files (x86)/cypress/psoc creator/4.4/psoc creator/import/gnu/arm/5.4.1/bin/../lib/gcc/arm-none-eabi/5.4.1/armv6-m/crtbegin.o
LOAD c:/program files (x86)/cypress/psoc creator/4.4/psoc creator/import/gnu/arm/5.4.1/bin/../lib/gcc/arm-none-eabi/5.4.1/../../../../arm-none-eabi/lib/armv6-m/crt0.o
START GROUP
LOAD .\CortexM0\ARM_GCC_541\Debug\main.o
LOAD .\CortexM0\ARM_GCC_541\Debug\eeprom_external.o
LOAD .\CortexM0\ARM_GCC_541\Debug\timer_system.o
LOAD .\CortexM0\ARM_GCC_541\Debug\ledYellow.o
LOAD .\CortexM0\ARM_GCC_541\Debug\cyfitter_cfg.o
LOAD .\CortexM0\ARM_GCC_541\Debug\cymetadata.o
LOAD .\CortexM0\ARM_GCC_541\Debug\Cm0Start.o
LOAD .\CortexM0\ARM_GCC_541\Debug\eeprom_external.a
END GROUP
START GROUP
LOAD c:/program files (x86)/cypress/psoc creator/4.4/psoc creator/import/gnu/arm/5.4.1/bin/../lib/gcc/arm-none-eabi/5.4.1/armv6-m\libgcc.a
LOAD c:/program files (x86)/cypress/psoc creator/4.4/psoc creator/import/gnu/arm/5.4.1/bin/../lib/gcc/arm-none-eabi/5.4.1/../../../../arm-none-eabi/lib/armv6-m\libg_nano.a
LOAD c:/program files (x86)/cypress/psoc creator/4.4/psoc creator/import/gnu/arm/5.4.1/bin/../lib/gcc/arm-none-eabi/5.4.1/../../../../arm-none-eabi/lib/armv6-m\libc_nano.a
END GROUP
START GROUP
LOAD c:/program files (x86)/cypress/psoc creator/4.4/psoc creator/import/gnu/arm/5.4.1/bin/../lib/gcc/arm-none-eabi/5.4.1/armv6-m\libgcc.a
LOAD c:/program files (x86)/cypress/psoc creator/4.4/psoc creator/import/gnu/arm/5.4.1/bin/../lib/gcc/arm-none-eabi/5.4.1/../../../../arm-none-eabi/lib/armv6-m\libc_nano.a
END GROUP
LOAD c:/program files (x86)/cypress/psoc creator/4.4/psoc creator/import/gnu/arm/5.4.1/bin/../lib/gcc/arm-none-eabi/5.4.1/armv6-m/crtend.o
LOAD c:/program files (x86)/cypress/psoc creator/4.4/psoc creator/import/gnu/arm/5.4.1/bin/../lib/gcc/arm-none-eabi/5.4.1/armv6-m/crtn.o
START GROUP
LOAD c:/program files (x86)/cypress/psoc creator/4.4/psoc creator/import/gnu/arm/5.4.1/bin/../lib/gcc/arm-none-eabi/5.4.1/armv6-m\libgcc.a
LOAD c:/program files (x86)/cypress/psoc creator/4.4/psoc creator/import/gnu/arm/5.4.1/bin/../lib/gcc/arm-none-eabi/5.4.1/../../../../arm-none-eabi/lib/armv6-m\libc.a
LOAD c:/program files (x86)/cypress/psoc creator/4.4/psoc creator/import/gnu/arm/5.4.1/bin/../lib/gcc/arm-none-eabi/5.4.1/../../../../arm-none-eabi/lib/armv6-m\libnosys.a
END GROUP
                0x00000000                CY_APPL_ORIGIN = 0x0
                0x00000080                CY_FLASH_ROW_SIZE = 0x80
                0x00000001                CY_APPL_NUM = 0x1
                0x00000001                CY_APPL_MAX = 0x1
                0x00000040                CY_METADATA_SIZE = 0x40
                0x00000000                CY_APPL_LOADABLE = 0x0
                0x00000000                CY_CHECKSUM_EXCLUDE_SIZE = ALIGN (0x0, CY_FLASH_ROW_SIZE)
                0x00000000                CY_APP_FOR_STACK_AND_COPIER = 0x0
                [!provide]                PROVIDE (__cy_heap_start, _end)
                0x00000001                PROVIDE (__cy_region_num, ((__cy_regions_end - __cy_regions) / 0x10))
                0x20001000                PROVIDE (__cy_stack, (ORIGIN (ram) + LENGTH (ram)))
                [!provide]                PROVIDE (__cy_heap_end, (__cy_stack - 0x400))

.cybootloader   0x00000000        0x0
 *(.cybootloader)
                0x00000000                appl1_start = CY_APPL_ORIGIN?CY_APPL_ORIGIN:ALIGN (CY_FLASH_ROW_SIZE)
                0x00003f80                appl2_start = (appl1_start + ALIGN ((((LENGTH (rom) - appl1_start) - (0x2 * CY_FLASH_ROW_SIZE)) / 0x2), CY_FLASH_ROW_SIZE))
                0x00000000                appl_start = (CY_APPL_NUM == 0x1)?appl1_start:appl2_start
                0x00000001                cy_project_type_bootloader = (appl_start == 0x0)?0x1:0x0
                0x00000000                cy_project_type_app_for_stack_and_copier = (CY_APP_FOR_STACK_AND_COPIER == 0x1)?0x1:0x0

.text           0x00000000     0x1e06
 CREATE_OBJECT_SYMBOLS
                0x00000000                PROVIDE (__cy_interrupt_vector, RomVectors)
 *(.romvectors)
 .romvectors    0x00000000       0x10 .\CortexM0\ARM_GCC_541\Debug\Cm0Start.o
                0x00000000                RomVectors
                0x00000001                ASSERT ((. != __cy_interrupt_vector), No interrupt vector)
                0x00000001                ASSERT (CY_APPL_ORIGIN?(SIZEOF (.cybootloader) <= CY_APPL_ORIGIN):0x1, Wrong image location)
                0x00000010                PROVIDE (__cy_reset, Reset)
 *(.text.Reset)
 .text.Reset    0x00000010        0x8 .\CortexM0\ARM_GCC_541\Debug\Cm0Start.o
                0x00000010                Reset
                0x00000001                ASSERT ((. != __cy_reset), No reset code)
 *(.psocinit)
 .psocinit      0x00000018      0x174 .\CortexM0\ARM_GCC_541\Debug\cyfitter_cfg.o
                0x000000c0                cyfitter_cfg
                0x0000018c                . = MAX (., 0x100)
 *(.text .text.* .gnu.linkonce.t.*)
 .text          0x0000018c       0x60 c:/program files (x86)/cypress/psoc creator/4.4/psoc creator/import/gnu/arm/5.4.1/bin/../lib/gcc/arm-none-eabi/5.4.1/armv6-m/crtbegin.o
 .text.system_init
                0x000001ec       0x18 .\CortexM0\ARM_GCC_541\Debug\main.o
                0x000001ec                system_init
 .text.main     0x00000204       0x44 .\CortexM0\ARM_GCC_541\Debug\main.o
                0x00000204                main
 .text.eeprom_read_a_byte
                0x00000248       0x44 .\CortexM0\ARM_GCC_541\Debug\eeprom_external.o
                0x00000248                eeprom_read_a_byte
 .text.handle_interrupt
                0x0000028c       0x6c .\CortexM0\ARM_GCC_541\Debug\timer_system.o
                0x0000028c                handle_interrupt
 .text.init_time_interrupt
                0x000002f8       0x10 .\CortexM0\ARM_GCC_541\Debug\timer_system.o
                0x000002f8                init_time_interrupt
 .text.turn_off_all_led
                0x00000308       0x34 .\CortexM0\ARM_GCC_541\Debug\ledYellow.o
                0x00000308                turn_off_all_led
 .text.CYMEMZERO
                0x0000033c        0xc .\CortexM0\ARM_GCC_541\Debug\cyfitter_cfg.o
 .text.IntDefaultHandler
                0x00000348       0x10 .\CortexM0\ARM_GCC_541\Debug\Cm0Start.o
                0x00000348                IntDefaultHandler
 .text._sbrk    0x00000358       0x30 .\CortexM0\ARM_GCC_541\Debug\Cm0Start.o
                0x00000358                _sbrk
 .text.Start_c  0x00000388       0x48 .\CortexM0\ARM_GCC_541\Debug\Cm0Start.o
                0x00000388                Start_c
 .text.initialize_psoc
                0x000003d0       0x40 .\CortexM0\ARM_GCC_541\Debug\Cm0Start.o
                0x000003d0                initialize_psoc
 .text.CyIntEnable
                0x00000410       0x14 .\CortexM0\ARM_GCC_541\Debug\eeprom_external.a(CyLib.o)
                0x00000410                CyIntEnable
 .text.CyIntDisable
                0x00000424       0x14 .\CortexM0\ARM_GCC_541\Debug\eeprom_external.a(CyLib.o)
                0x00000424                CyIntDisable
 .text.CyHalt   0x00000438        0x4 .\CortexM0\ARM_GCC_541\Debug\eeprom_external.a(CyLib.o)
                0x00000438                CyHalt
 .text.CyIntSetVector
                0x0000043c       0x24 .\CortexM0\ARM_GCC_541\Debug\eeprom_external.a(CyLib.o)
                0x0000043c                CyIntSetVector
 .text.CyIntSetPriority
                0x00000460       0x4c .\CortexM0\ARM_GCC_541\Debug\eeprom_external.a(CyLib.o)
                0x00000460                CyIntSetPriority
 .text.CyDelay  0x000004ac       0x30 .\CortexM0\ARM_GCC_541\Debug\eeprom_external.a(CyLib.o)
                0x000004ac                CyDelay
 .text.CyDelayUs
                0x000004dc       0x14 .\CortexM0\ARM_GCC_541\Debug\eeprom_external.a(CyLib.o)
                0x000004dc                CyDelayUs
 .text.CySysClkWriteImoFreq
                0x000004f0      0x164 .\CortexM0\ARM_GCC_541\Debug\eeprom_external.a(CyLib.o)
                0x000004f0                CySysClkWriteImoFreq
 .text.CySysWdtLocked
                0x00000654       0x14 .\CortexM0\ARM_GCC_541\Debug\eeprom_external.a(CyLFClk.o)
 .text.CySysWdtLock
                0x00000668       0x1c .\CortexM0\ARM_GCC_541\Debug\eeprom_external.a(CyLFClk.o)
                0x00000668                CySysWdtLock
 .text.CySysWdtUnlock
                0x00000684       0x30 .\CortexM0\ARM_GCC_541\Debug\eeprom_external.a(CyLFClk.o)
                0x00000684                CySysWdtUnlock
 .text.CySysWdtClearInterrupt
                0x000006b4       0x4c .\CortexM0\ARM_GCC_541\Debug\eeprom_external.a(CyLFClk.o)
                0x000006b4                CySysWdtClearInterrupt
 .text.CySysWdtIsr
                0x00000700       0xa4 .\CortexM0\ARM_GCC_541\Debug\eeprom_external.a(CyLFClk.o)
                0x00000700                CySysWdtIsr
 .text.i2c_ScbEnableIntr
                0x000007a4        0xc .\CortexM0\ARM_GCC_541\Debug\eeprom_external.a(i2c.o)
 .text.i2c_Init
                0x000007b0        0x8 .\CortexM0\ARM_GCC_541\Debug\eeprom_external.a(i2c.o)
                0x000007b0                i2c_Init
 .text.i2c_Enable
                0x000007b8       0x18 .\CortexM0\ARM_GCC_541\Debug\eeprom_external.a(i2c.o)
                0x000007b8                i2c_Enable
 .text.i2c_Start
                0x000007d0       0x20 .\CortexM0\ARM_GCC_541\Debug\eeprom_external.a(i2c.o)
                0x000007d0                i2c_Start
 .text.i2c_I2CInit
                0x000007f0       0xc4 .\CortexM0\ARM_GCC_541\Debug\eeprom_external.a(i2c_I2C.o)
                0x000007f0                i2c_I2CInit
 .text.i2c_I2CFwBlockReset
                0x000008b4       0x94 .\CortexM0\ARM_GCC_541\Debug\eeprom_external.a(i2c_I2C.o)
                0x000008b4                i2c_I2CFwBlockReset
 .text.i2c_I2CMasterWaitOneUnit
                0x00000948       0x28 .\CortexM0\ARM_GCC_541\Debug\eeprom_external.a(i2c_I2C_MASTER.o)
 .text.i2c_I2CMasterHandleStatus
                0x00000970       0xc4 .\CortexM0\ARM_GCC_541\Debug\eeprom_external.a(i2c_I2C_MASTER.o)
 .text.i2c_I2CMasterSendStart
                0x00000a34       0xc4 .\CortexM0\ARM_GCC_541\Debug\eeprom_external.a(i2c_I2C_MASTER.o)
                0x00000a34                i2c_I2CMasterSendStart
 .text.i2c_I2CMasterSendStop
                0x00000af8       0x58 .\CortexM0\ARM_GCC_541\Debug\eeprom_external.a(i2c_I2C_MASTER.o)
                0x00000af8                i2c_I2CMasterSendStop
 .text.i2c_I2CMasterWriteByte
                0x00000b50       0x48 .\CortexM0\ARM_GCC_541\Debug\eeprom_external.a(i2c_I2C_MASTER.o)
                0x00000b50                i2c_I2CMasterWriteByte
 .text.i2c_I2CMasterReadByte
                0x00000b98       0x7c .\CortexM0\ARM_GCC_541\Debug\eeprom_external.a(i2c_I2C_MASTER.o)
                0x00000b98                i2c_I2CMasterReadByte
 .text.i2c_I2CReStartGeneration
                0x00000c14       0xc4 .\CortexM0\ARM_GCC_541\Debug\eeprom_external.a(i2c_I2C_MASTER.o)
                0x00000c14                i2c_I2CReStartGeneration
 .text.i2c_I2CMasterSendRestart
                0x00000cd8       0x68 .\CortexM0\ARM_GCC_541\Debug\eeprom_external.a(i2c_I2C_MASTER.o)
                0x00000cd8                i2c_I2CMasterSendRestart
 .text.uart_ScbModePostEnable
                0x00000d40        0x8 .\CortexM0\ARM_GCC_541\Debug\eeprom_external.a(uart.o)
 .text.uart_Init
                0x00000d48        0x8 .\CortexM0\ARM_GCC_541\Debug\eeprom_external.a(uart.o)
                0x00000d48                uart_Init
 .text.uart_Enable
                0x00000d50       0x18 .\CortexM0\ARM_GCC_541\Debug\eeprom_external.a(uart.o)
                0x00000d50                uart_Enable
 .text.uart_Start
                0x00000d68       0x20 .\CortexM0\ARM_GCC_541\Debug\eeprom_external.a(uart.o)
                0x00000d68                uart_Start
 .text.uart_UartInit
                0x00000d88       0x9c .\CortexM0\ARM_GCC_541\Debug\eeprom_external.a(uart_UART.o)
                0x00000d88                uart_UartInit
 .text.uart_UartPostEnable
                0x00000e24       0x2c .\CortexM0\ARM_GCC_541\Debug\eeprom_external.a(uart_UART.o)
                0x00000e24                uart_UartPostEnable
 .text.uart_UartPutString
                0x00000e50       0x18 .\CortexM0\ARM_GCC_541\Debug\eeprom_external.a(uart_UART.o)
                0x00000e50                uart_UartPutString
 .text.i2c_sda_Read
                0x00000e68       0x10 .\CortexM0\ARM_GCC_541\Debug\eeprom_external.a(i2c_sda.o)
                0x00000e68                i2c_sda_Read
 .text.i2c_scl_Write
                0x00000e78       0x18 .\CortexM0\ARM_GCC_541\Debug\eeprom_external.a(i2c_scl.o)
                0x00000e78                i2c_scl_Write
 .text.i2c_scl_Read
                0x00000e90       0x10 .\CortexM0\ARM_GCC_541\Debug\eeprom_external.a(i2c_scl.o)
                0x00000e90                i2c_scl_Read
 .text.LedYellow_0_Write
                0x00000ea0       0x18 .\CortexM0\ARM_GCC_541\Debug\eeprom_external.a(LedYellow_0.o)
                0x00000ea0                LedYellow_0_Write
 .text.LedYellow_0_Read
                0x00000eb8       0x10 .\CortexM0\ARM_GCC_541\Debug\eeprom_external.a(LedYellow_0.o)
                0x00000eb8                LedYellow_0_Read
 .text.LedYellow_1_Write
                0x00000ec8       0x18 .\CortexM0\ARM_GCC_541\Debug\eeprom_external.a(LedYellow_1.o)
                0x00000ec8                LedYellow_1_Write
 .text.LedYellow_2_Write
                0x00000ee0       0x18 .\CortexM0\ARM_GCC_541\Debug\eeprom_external.a(LedYellow_2.o)
                0x00000ee0                LedYellow_2_Write
 .text.LedYellow_3_Write
                0x00000ef8       0x18 .\CortexM0\ARM_GCC_541\Debug\eeprom_external.a(LedYellow_3.o)
                0x00000ef8                LedYellow_3_Write
 .text.LedYellow_4_Write
                0x00000f10       0x18 .\CortexM0\ARM_GCC_541\Debug\eeprom_external.a(LedYellow_4.o)
                0x00000f10                LedYellow_4_Write
 .text.LedYellow_5_Write
                0x00000f28       0x18 .\CortexM0\ARM_GCC_541\Debug\eeprom_external.a(LedYellow_5.o)
                0x00000f28                LedYellow_5_Write
 .text.LedYellow_6_Write
                0x00000f40       0x18 .\CortexM0\ARM_GCC_541\Debug\eeprom_external.a(LedYellow_6.o)
                0x00000f40                LedYellow_6_Write
 .text.LedYellow_7_Write
                0x00000f58       0x18 .\CortexM0\ARM_GCC_541\Debug\eeprom_external.a(LedYellow_7.o)
                0x00000f58                LedYellow_7_Write
 .text.timer_WriteCounter
                0x00000f70       0x10 .\CortexM0\ARM_GCC_541\Debug\eeprom_external.a(timer.o)
                0x00000f70                timer_WriteCounter
 .text.timer_WritePeriod
                0x00000f80       0x10 .\CortexM0\ARM_GCC_541\Debug\eeprom_external.a(timer.o)
                0x00000f80                timer_WritePeriod
 .text.timer_TriggerCommand
                0x00000f90       0x1c .\CortexM0\ARM_GCC_541\Debug\eeprom_external.a(timer.o)
                0x00000f90                timer_TriggerCommand
 .text.timer_Enable
                0x00000fac       0x24 .\CortexM0\ARM_GCC_541\Debug\eeprom_external.a(timer.o)
                0x00000fac                timer_Enable
 .text.timer_SetInterruptMode
                0x00000fd0        0xc .\CortexM0\ARM_GCC_541\Debug\eeprom_external.a(timer.o)
                0x00000fd0                timer_SetInterruptMode
 .text.timer_Init
                0x00000fdc       0x2c .\CortexM0\ARM_GCC_541\Debug\eeprom_external.a(timer.o)
                0x00000fdc                timer_Init
 .text.timer_Start
                0x00001008       0x20 .\CortexM0\ARM_GCC_541\Debug\eeprom_external.a(timer.o)
                0x00001008                timer_Start
 .text.timer_ClearInterrupt
                0x00001028        0xc .\CortexM0\ARM_GCC_541\Debug\eeprom_external.a(timer.o)
                0x00001028                timer_ClearInterrupt
 .text.timer_interrupt_SetVector
                0x00001034        0xc .\CortexM0\ARM_GCC_541\Debug\eeprom_external.a(timer_interrupt.o)
                0x00001034                timer_interrupt_SetVector
 .text.timer_interrupt_SetPriority
                0x00001040       0x20 .\CortexM0\ARM_GCC_541\Debug\eeprom_external.a(timer_interrupt.o)
                0x00001040                timer_interrupt_SetPriority
 .text.timer_interrupt_Enable
                0x00001060       0x10 .\CortexM0\ARM_GCC_541\Debug\eeprom_external.a(timer_interrupt.o)
                0x00001060                timer_interrupt_Enable
 .text.timer_interrupt_Disable
                0x00001070       0x10 .\CortexM0\ARM_GCC_541\Debug\eeprom_external.a(timer_interrupt.o)
                0x00001070                timer_interrupt_Disable
 .text.timer_interrupt_StartEx
                0x00001080       0x1c .\CortexM0\ARM_GCC_541\Debug\eeprom_external.a(timer_interrupt.o)
                0x00001080                timer_interrupt_StartEx
 .text.timer_interrupt_ClearPending
                0x0000109c       0x10 .\CortexM0\ARM_GCC_541\Debug\eeprom_external.a(timer_interrupt.o)
                0x0000109c                timer_interrupt_ClearPending
 *fill*         0x000010ac        0x4 
 .text          0x000010b0       0x24 .\CortexM0\ARM_GCC_541\Debug\eeprom_external.a(CyBootAsmGnu.o)
                0x000010b0                CyDelayCycles
                0x000010c4                CyEnterCriticalSection
                0x000010cc                CyExitCriticalSection
 .text.i2c_I2C_ISR
                0x000010d4      0x33c .\CortexM0\ARM_GCC_541\Debug\eeprom_external.a(i2c_I2C_INT.o)
                0x000010d4                i2c_I2C_ISR
 .text.uart_SpiUartWriteTxData
                0x00001410       0x1c .\CortexM0\ARM_GCC_541\Debug\eeprom_external.a(uart_SPI_UART.o)
                0x00001410                uart_SpiUartWriteTxData
 .text          0x0000142c      0x114 c:/program files (x86)/cypress/psoc creator/4.4/psoc creator/import/gnu/arm/5.4.1/bin/../lib/gcc/arm-none-eabi/5.4.1/armv6-m\libgcc.a(_udivsi3.o)
                0x0000142c                __aeabi_uidiv
                0x0000142c                __udivsi3
                0x00001538                __aeabi_uidivmod
 .text          0x00001540        0x4 c:/program files (x86)/cypress/psoc creator/4.4/psoc creator/import/gnu/arm/5.4.1/bin/../lib/gcc/arm-none-eabi/5.4.1/armv6-m\libgcc.a(_dvmd_tls.o)
                0x00001540                __aeabi_idiv0
                0x00001540                __aeabi_ldiv0
 .text.__errno  0x00001544        0xc c:/program files (x86)/cypress/psoc creator/4.4/psoc creator/import/gnu/arm/5.4.1/bin/../lib/gcc/arm-none-eabi/5.4.1/../../../../arm-none-eabi/lib/armv6-m\libg_nano.a(lib_a-errno.o)
                0x00001544                __errno
 .text.__libc_init_array
                0x00001550       0x4c c:/program files (x86)/cypress/psoc creator/4.4/psoc creator/import/gnu/arm/5.4.1/bin/../lib/gcc/arm-none-eabi/5.4.1/../../../../arm-none-eabi/lib/armv6-m\libg_nano.a(lib_a-init.o)
                0x00001550                __libc_init_array
 .text.memset   0x0000159c       0x10 c:/program files (x86)/cypress/psoc creator/4.4/psoc creator/import/gnu/arm/5.4.1/bin/../lib/gcc/arm-none-eabi/5.4.1/../../../../arm-none-eabi/lib/armv6-m\libg_nano.a(lib_a-memset.o)
                0x0000159c                memset
 .text.sprintf  0x000015ac       0x44 c:/program files (x86)/cypress/psoc creator/4.4/psoc creator/import/gnu/arm/5.4.1/bin/../lib/gcc/arm-none-eabi/5.4.1/../../../../arm-none-eabi/lib/armv6-m\libg_nano.a(lib_a-sprintf.o)
                0x000015ac                siprintf
                0x000015ac                sprintf
 .text.__ssputs_r
                0x000015f0       0xc4 c:/program files (x86)/cypress/psoc creator/4.4/psoc creator/import/gnu/arm/5.4.1/bin/../lib/gcc/arm-none-eabi/5.4.1/../../../../arm-none-eabi/lib/armv6-m\libg_nano.a(lib_a-nano-svfprintf.o)
                0x000015f0                __ssputs_r
 .text._svfprintf_r
                0x000016b4      0x1fc c:/program files (x86)/cypress/psoc creator/4.4/psoc creator/import/gnu/arm/5.4.1/bin/../lib/gcc/arm-none-eabi/5.4.1/../../../../arm-none-eabi/lib/armv6-m\libg_nano.a(lib_a-nano-svfprintf.o)
                0x000016b4                _svfiprintf_r
                0x000016b4                _svfprintf_r
 .text._printf_common
                0x000018b0       0xdc c:/program files (x86)/cypress/psoc creator/4.4/psoc creator/import/gnu/arm/5.4.1/bin/../lib/gcc/arm-none-eabi/5.4.1/../../../../arm-none-eabi/lib/armv6-m\libg_nano.a(lib_a-nano-vfprintf_i.o)
                0x000018b0                _printf_common
 .text._printf_i
                0x0000198c      0x244 c:/program files (x86)/cypress/psoc creator/4.4/psoc creator/import/gnu/arm/5.4.1/bin/../lib/gcc/arm-none-eabi/5.4.1/../../../../arm-none-eabi/lib/armv6-m\libg_nano.a(lib_a-nano-vfprintf_i.o)
                0x0000198c                _printf_i
 .text.memchr   0x00001bd0       0x16 c:/program files (x86)/cypress/psoc creator/4.4/psoc creator/import/gnu/arm/5.4.1/bin/../lib/gcc/arm-none-eabi/5.4.1/../../../../arm-none-eabi/lib/armv6-m\libg_nano.a(lib_a-memchr-stub.o)
                0x00001bd0                memchr
 .text.memcpy   0x00001be6       0x12 c:/program files (x86)/cypress/psoc creator/4.4/psoc creator/import/gnu/arm/5.4.1/bin/../lib/gcc/arm-none-eabi/5.4.1/../../../../arm-none-eabi/lib/armv6-m\libg_nano.a(lib_a-memcpy-stub.o)
                0x00001be6                memcpy
 .text.memmove  0x00001bf8       0x2a c:/program files (x86)/cypress/psoc creator/4.4/psoc creator/import/gnu/arm/5.4.1/bin/../lib/gcc/arm-none-eabi/5.4.1/../../../../arm-none-eabi/lib/armv6-m\libg_nano.a(lib_a-memmove.o)
                0x00001bf8                memmove
 *fill*         0x00001c22        0x2 
 .text._free_r  0x00001c24       0x98 c:/program files (x86)/cypress/psoc creator/4.4/psoc creator/import/gnu/arm/5.4.1/bin/../lib/gcc/arm-none-eabi/5.4.1/../../../../arm-none-eabi/lib/armv6-m\libg_nano.a(lib_a-nano-freer.o)
                0x00001c24                _free_r
 .text._malloc_r
                0x00001cbc       0xc0 c:/program files (x86)/cypress/psoc creator/4.4/psoc creator/import/gnu/arm/5.4.1/bin/../lib/gcc/arm-none-eabi/5.4.1/../../../../arm-none-eabi/lib/armv6-m\libg_nano.a(lib_a-nano-mallocr.o)
                0x00001cbc                _malloc_r
 .text._realloc_r
                0x00001d7c       0x4c c:/program files (x86)/cypress/psoc creator/4.4/psoc creator/import/gnu/arm/5.4.1/bin/../lib/gcc/arm-none-eabi/5.4.1/../../../../arm-none-eabi/lib/armv6-m\libg_nano.a(lib_a-nano-reallocr.o)
                0x00001d7c                _realloc_r
 .text._sbrk_r  0x00001dc8       0x24 c:/program files (x86)/cypress/psoc creator/4.4/psoc creator/import/gnu/arm/5.4.1/bin/../lib/gcc/arm-none-eabi/5.4.1/../../../../arm-none-eabi/lib/armv6-m\libg_nano.a(lib_a-sbrkr.o)
                0x00001dc8                _sbrk_r
 .text.__malloc_lock
                0x00001dec        0x2 c:/program files (x86)/cypress/psoc creator/4.4/psoc creator/import/gnu/arm/5.4.1/bin/../lib/gcc/arm-none-eabi/5.4.1/../../../../arm-none-eabi/lib/armv6-m\libg_nano.a(lib_a-mlock.o)
                0x00001dec                __malloc_lock
 .text.__malloc_unlock
                0x00001dee        0x2 c:/program files (x86)/cypress/psoc creator/4.4/psoc creator/import/gnu/arm/5.4.1/bin/../lib/gcc/arm-none-eabi/5.4.1/../../../../arm-none-eabi/lib/armv6-m\libg_nano.a(lib_a-mlock.o)
                0x00001dee                __malloc_unlock
 .text._malloc_usable_size_r
                0x00001df0       0x16 c:/program files (x86)/cypress/psoc creator/4.4/psoc creator/import/gnu/arm/5.4.1/bin/../lib/gcc/arm-none-eabi/5.4.1/../../../../arm-none-eabi/lib/armv6-m\libg_nano.a(lib_a-nano-msizer.o)
                0x00001df0                _malloc_usable_size_r
 *(.plt)
 *(.gnu.warning)
 *(.glue_7t)
 .glue_7t       0x00001e06        0x0 linker stubs
 *(.glue_7)
 .glue_7        0x00001e06        0x0 linker stubs
 *(.vfp11_veneer)
 .vfp11_veneer  0x00001e06        0x0 linker stubs
 *(.bootloader)
 *(.ARM.extab* .gnu.linkonce.armextab.*)
 *(.gcc_except_table)

.v4_bx          0x00001e08        0x0
 .v4_bx         0x00001e08        0x0 linker stubs

.iplt           0x00001e08        0x0
 .iplt          0x00001e08        0x0 c:/program files (x86)/cypress/psoc creator/4.4/psoc creator/import/gnu/arm/5.4.1/bin/../lib/gcc/arm-none-eabi/5.4.1/armv6-m/crtbegin.o

.eh_frame_hdr
 *(.eh_frame_hdr)

.eh_frame       0x00001e08        0x4
 *(.eh_frame)
 .eh_frame      0x00001e08        0x0 c:/program files (x86)/cypress/psoc creator/4.4/psoc creator/import/gnu/arm/5.4.1/bin/../lib/gcc/arm-none-eabi/5.4.1/armv6-m/crtbegin.o
 .eh_frame      0x00001e08        0x4 c:/program files (x86)/cypress/psoc creator/4.4/psoc creator/import/gnu/arm/5.4.1/bin/../lib/gcc/arm-none-eabi/5.4.1/armv6-m/crtend.o
                [!provide]                PROVIDE (__exidx_start, .)

.ARM.exidx
 *(.ARM.exidx* .gnu.linkonce.armexidx.*)
                0x00001e0c                __exidx_end = .

.rodata         0x00001e0c       0xac
 *(.rodata .rodata.* .gnu.linkonce.r.*)
 .rodata.str1.4
                0x00001e0c        0x4 .\CortexM0\ARM_GCC_541\Debug\main.o
 .rodata        0x00001e10        0xc .\CortexM0\ARM_GCC_541\Debug\cyfitter_cfg.o
 .rodata        0x00001e1c       0x2e .\CortexM0\ARM_GCC_541\Debug\eeprom_external.a(CyLib.o)
                0x00001e1c                cyImoFreqMhz2Reg
 .rodata.str1.1
                0x00001e4a        0x2 c:/program files (x86)/cypress/psoc creator/4.4/psoc creator/import/gnu/arm/5.4.1/bin/../lib/gcc/arm-none-eabi/5.4.1/../../../../arm-none-eabi/lib/armv6-m\libg_nano.a(lib_a-impure.o)
 .rodata.str1.1
                0x00001e4c       0x11 c:/program files (x86)/cypress/psoc creator/4.4/psoc creator/import/gnu/arm/5.4.1/bin/../lib/gcc/arm-none-eabi/5.4.1/../../../../arm-none-eabi/lib/armv6-m\libg_nano.a(lib_a-nano-svfprintf.o)
 .rodata.str1.1
                0x00001e5d       0x22 c:/program files (x86)/cypress/psoc creator/4.4/psoc creator/import/gnu/arm/5.4.1/bin/../lib/gcc/arm-none-eabi/5.4.1/../../../../arm-none-eabi/lib/armv6-m\libg_nano.a(lib_a-nano-vfprintf_i.o)
                0x00001e80                . = ALIGN (0x4)
 *fill*         0x00001e7f        0x1 
 *(.init)
 .init          0x00001e80        0x4 c:/program files (x86)/cypress/psoc creator/4.4/psoc creator/import/gnu/arm/5.4.1/bin/../lib/gcc/arm-none-eabi/5.4.1/armv6-m/crti.o
                0x00001e80                _init
 .init          0x00001e84        0x8 c:/program files (x86)/cypress/psoc creator/4.4/psoc creator/import/gnu/arm/5.4.1/bin/../lib/gcc/arm-none-eabi/5.4.1/armv6-m/crtn.o
                0x00001e8c                . = ALIGN (0x4)
                0x00001e8c                __preinit_array_start = .
 *(.preinit_array)
                0x00001e8c                __preinit_array_end = .
                0x00001e8c                . = ALIGN (0x4)
                0x00001e8c                __init_array_start = .
 *(SORT(.init_array.*))
 *(.init_array)
 .init_array    0x00001e8c        0x4 c:/program files (x86)/cypress/psoc creator/4.4/psoc creator/import/gnu/arm/5.4.1/bin/../lib/gcc/arm-none-eabi/5.4.1/armv6-m/crtbegin.o
 .init_array    0x00001e90        0x4 .\CortexM0\ARM_GCC_541\Debug\Cm0Start.o
                0x00001e94                __init_array_end = .
                0x00001e94                . = ALIGN (0x4)
 *(.fini)
 .fini          0x00001e94        0x4 c:/program files (x86)/cypress/psoc creator/4.4/psoc creator/import/gnu/arm/5.4.1/bin/../lib/gcc/arm-none-eabi/5.4.1/armv6-m/crti.o
                0x00001e94                _fini
 .fini          0x00001e98        0x8 c:/program files (x86)/cypress/psoc creator/4.4/psoc creator/import/gnu/arm/5.4.1/bin/../lib/gcc/arm-none-eabi/5.4.1/armv6-m/crtn.o
                0x00001ea0                . = ALIGN (0x4)
                0x00001ea0                __fini_array_start = .
 *(.fini_array)
 .fini_array    0x00001ea0        0x4 c:/program files (x86)/cypress/psoc creator/4.4/psoc creator/import/gnu/arm/5.4.1/bin/../lib/gcc/arm-none-eabi/5.4.1/armv6-m/crtbegin.o
 *(SORT(.fini_array.*))
                0x00001ea4                __fini_array_end = .
                0x00001ea4                . = ALIGN (0x4)
 *crtbegin.o(.ctors)
 *(EXCLUDE_FILE(*crtend.o) .ctors)
 *(SORT(.ctors.*))
 *crtend.o(.ctors)
                0x00001ea4                . = ALIGN (0x4)
 *crtbegin.o(.dtors)
 *(EXCLUDE_FILE(*crtend.o) .dtors)
 *(SORT(.dtors.*))
 *crtend.o(.dtors)
                0x00001ea4                . = ALIGN (0x4)
                0x00001ea4                __cy_regions = .
                0x00001ea4        0x4 LONG 0x1eb8 __cy_region_init_ram
                0x00001ea8        0x4 LONG 0x200000c0 __cy_region_start_data
                0x00001eac        0x4 LONG 0x88 __cy_region_init_size_ram
                0x00001eb0        0x4 LONG 0x88 __cy_region_zero_size_ram
                0x00001eb4                __cy_regions_end = .
                0x00001eb8                . = ALIGN (0x8)
 *fill*         0x00001eb4        0x4 
                0x00001eb8                _etext = .

.cy_checksum_exclude
                0x00001eb8        0x0
 *(.cy_checksum_exclude)

.ramvectors     0x20000000       0xc0
                0x20000000                __cy_region_start_ram = .
 *(.ramvectors)
 .ramvectors    0x20000000       0xc0 .\CortexM0\ARM_GCC_541\Debug\Cm0Start.o
                0x20000000                CyRamVectors

.noinit
 *(.noinit)

.data           0x200000c0       0x88 load address 0x00001eb8
                0x200000c0                __cy_region_start_data = .
 *(.jcr)
 .jcr           0x200000c0        0x0 c:/program files (x86)/cypress/psoc creator/4.4/psoc creator/import/gnu/arm/5.4.1/bin/../lib/gcc/arm-none-eabi/5.4.1/armv6-m/crtbegin.o
 .jcr           0x200000c0        0x4 c:/program files (x86)/cypress/psoc creator/4.4/psoc creator/import/gnu/arm/5.4.1/bin/../lib/gcc/arm-none-eabi/5.4.1/armv6-m/crtend.o
 *(.got.plt)
 *(.got)
 *(.shdata)
 *(.data .data.* .gnu.linkonce.d.*)
 .data          0x200000c4        0x4 .\CortexM0\ARM_GCC_541\Debug\timer_system.o
                0x200000c4                counter_shift_led
 .data          0x200000c8        0x4 .\CortexM0\ARM_GCC_541\Debug\Cm0Start.o
 .data          0x200000cc       0x14 .\CortexM0\ARM_GCC_541\Debug\eeprom_external.a(CyLib.o)
                0x200000cc                CySysClkPumpConfig
                0x200000d0                cydelay32kMs
                0x200000d4                cydelayFreqKhz
                0x200000d8                cydelayFreqMhz
                0x200000dc                cydelayFreqHz
 .data          0x200000e0        0x4 .\CortexM0\ARM_GCC_541\Debug\eeprom_external.a(CyLFClk.o)
 .data.impure_data
                0x200000e4       0x60 c:/program files (x86)/cypress/psoc creator/4.4/psoc creator/import/gnu/arm/5.4.1/bin/../lib/gcc/arm-none-eabi/5.4.1/../../../../arm-none-eabi/lib/armv6-m\libg_nano.a(lib_a-impure.o)
 .data._impure_ptr
                0x20000144        0x4 c:/program files (x86)/cypress/psoc creator/4.4/psoc creator/import/gnu/arm/5.4.1/bin/../lib/gcc/arm-none-eabi/5.4.1/../../../../arm-none-eabi/lib/armv6-m\libg_nano.a(lib_a-impure.o)
                0x20000144                _impure_ptr
                0x20000148                . = ALIGN (0x8)
 *(.ram)
                0x20000148                _edata = .

.igot.plt       0x20000148        0x0 load address 0x00001f40
 .igot.plt      0x20000148        0x0 c:/program files (x86)/cypress/psoc creator/4.4/psoc creator/import/gnu/arm/5.4.1/bin/../lib/gcc/arm-none-eabi/5.4.1/armv6-m/crtbegin.o

.bss            0x20000148       0x88 load address 0x00001f40
                0x20000148                PROVIDE (__bss_start__, .)
 *(.shbss)
 *(.bss .bss.* .gnu.linkonce.b.*)
 .bss           0x20000148       0x1c c:/program files (x86)/cypress/psoc creator/4.4/psoc creator/import/gnu/arm/5.4.1/bin/../lib/gcc/arm-none-eabi/5.4.1/armv6-m/crtbegin.o
 .bss           0x20000164        0xc .\CortexM0\ARM_GCC_541\Debug\timer_system.o
                0x20000164                counter1_ms
                0x20000168                counter1_s
                0x2000016c                counter_uart
 .bss           0x20000170       0x20 .\CortexM0\ARM_GCC_541\Debug\eeprom_external.a(CyLFClk.o)
 .bss           0x20000190        0x8 .\CortexM0\ARM_GCC_541\Debug\eeprom_external.a(i2c.o)
                0x20000190                i2c_initVar
                0x20000194                i2c_customIntrHandler
 .bss           0x20000198        0x4 .\CortexM0\ARM_GCC_541\Debug\eeprom_external.a(uart.o)
                0x20000198                uart_initVar
                0x2000019a                uart_IntrTxMask
 .bss           0x2000019c        0x1 .\CortexM0\ARM_GCC_541\Debug\eeprom_external.a(timer.o)
                0x2000019c                timer_initVar
 *fill*         0x2000019d        0x3 
 .bss.__malloc_sbrk_start
                0x200001a0        0x4 c:/program files (x86)/cypress/psoc creator/4.4/psoc creator/import/gnu/arm/5.4.1/bin/../lib/gcc/arm-none-eabi/5.4.1/../../../../arm-none-eabi/lib/armv6-m\libg_nano.a(lib_a-nano-mallocr.o)
                0x200001a0                __malloc_sbrk_start
 .bss.__malloc_free_list
                0x200001a4        0x4 c:/program files (x86)/cypress/psoc creator/4.4/psoc creator/import/gnu/arm/5.4.1/bin/../lib/gcc/arm-none-eabi/5.4.1/../../../../arm-none-eabi/lib/armv6-m\libg_nano.a(lib_a-nano-mallocr.o)
                0x200001a4                __malloc_free_list
 *(COMMON)
 COMMON         0x200001a8        0x1 .\CortexM0\ARM_GCC_541\Debug\eeprom_external.a(i2c_I2C.o)
                0x200001a8                i2c_state
 *fill*         0x200001a9        0x3 
 COMMON         0x200001ac       0x20 .\CortexM0\ARM_GCC_541\Debug\eeprom_external.a(i2c_I2C_MASTER.o)
                0x200001ac                i2c_mstrWrBufSize
                0x200001b0                i2c_mstrRdBufSize
                0x200001b4                i2c_mstrWrBufPtr
                0x200001b8                i2c_mstrRdBufPtr
                0x200001bc                i2c_mstrRdBufIndex
                0x200001c0                i2c_mstrWrBufIndex
                0x200001c4                i2c_mstrControl
                0x200001c6                i2c_mstrStatus
                0x200001c8                i2c_mstrWrBufIndexTmp
 COMMON         0x200001cc        0x4 c:/program files (x86)/cypress/psoc creator/4.4/psoc creator/import/gnu/arm/5.4.1/bin/../lib/gcc/arm-none-eabi/5.4.1/../../../../arm-none-eabi/lib/armv6-m\libg_nano.a(lib_a-reent.o)
                0x200001cc                errno
                0x200001d0                . = ALIGN (0x8)
 *(.ram.b)
                0x200001d0                _end = .
                0x200001d0                __end = .
                0x200001d0                PROVIDE (end, .)
                0x200001d0                PROVIDE (__bss_end__, .)
                0x00001eb8                __cy_region_init_ram = LOADADDR (.data)
                0x00000088                __cy_region_init_size_ram = (_edata - ADDR (.data))
                0x00000088                __cy_region_zero_size_ram = (_end - _edata)

.heap           0x200001d0       0x80 load address 0x00001f40
                0x200001d0                . = _end
                0x20000250                . = (. + 0x80)
 *fill*         0x200001d0       0x80 
                0x20000250                __cy_heap_limit = .

.stack          0x20000c00      0x400
                0x20000c00                __cy_stack_limit = .
                0x20001000                . = (. + 0x400)
 *fill*         0x20000c00      0x400 
                0x00000001                ASSERT ((__cy_stack_limit >= __cy_heap_limit), region RAM overflowed with stack)
                0x00000000                cy_checksum_exclude_size = (CY_APPL_LOADABLE == 0x1)?SIZEOF (.cy_checksum_exclude):0x0
                0x00000001                ASSERT ((cy_checksum_exclude_size <= CY_CHECKSUM_EXCLUDE_SIZE), CY_BOOT: Section .cy_checksum_exclude size exceedes specified limit.)
                0x00007fc0                cyloadermeta_start = (cy_project_type_bootloader || cy_project_type_app_for_stack_and_copier)?(LENGTH (rom) - CY_METADATA_SIZE):0xf0000000

.cyloadermeta
 *(.cyloadermeta)
                0x00007fc0                cyloadablemeta_start = cy_project_type_app_for_stack_and_copier?((LENGTH (rom) - CY_FLASH_ROW_SIZE) - CY_METADATA_SIZE):((LENGTH (rom) - (CY_FLASH_ROW_SIZE * (CY_APPL_NUM - 0x1))) - CY_METADATA_SIZE)

.cyloadablemeta
 *(.cyloadablemeta)

.cyflashprotect
                0x90400000       0x20
 *(.cyflashprotect)
 .cyflashprotect
                0x90400000       0x20 .\CortexM0\ARM_GCC_541\Debug\cymetadata.o
                0x90400000                cy_meta_flashprotect

.cymeta         0x90500000        0xc
 *(.cymeta)
 .cymeta        0x90500000        0xc .\CortexM0\ARM_GCC_541\Debug\cymetadata.o
                0x90500000                cy_metadata

.cychipprotect  0x90600000        0x1
 *(.cychipprotect)
 .cychipprotect
                0x90600000        0x1 .\CortexM0\ARM_GCC_541\Debug\cymetadata.o
                0x90600000                cy_meta_chipprotect

.rel.dyn        0x00001f40        0x0 load address 0x90600004
 .rel.iplt      0x00001f40        0x0 c:/program files (x86)/cypress/psoc creator/4.4/psoc creator/import/gnu/arm/5.4.1/bin/../lib/gcc/arm-none-eabi/5.4.1/armv6-m/crtbegin.o

.stab
 *(.stab)

.stabstr
 *(.stabstr)

.debug
 *(.debug)

.line
 *(.line)

.debug_srcinfo
 *(.debug_srcinfo)

.debug_sfnames
 *(.debug_sfnames)

.debug_aranges  0x00000000      0xb78
 *(.debug_aranges)
 .debug_aranges
                0x00000000       0x28 .\CortexM0\ARM_GCC_541\Debug\main.o
 .debug_aranges
                0x00000028       0x48 .\CortexM0\ARM_GCC_541\Debug\eeprom_external.o
 .debug_aranges
                0x00000070       0x28 .\CortexM0\ARM_GCC_541\Debug\timer_system.o
 .debug_aranges
                0x00000098       0x58 .\CortexM0\ARM_GCC_541\Debug\ledYellow.o
 .debug_aranges
                0x000000f0       0x30 .\CortexM0\ARM_GCC_541\Debug\cyfitter_cfg.o
 .debug_aranges
                0x00000120       0x18 .\CortexM0\ARM_GCC_541\Debug\cymetadata.o
 .debug_aranges
                0x00000138       0x48 .\CortexM0\ARM_GCC_541\Debug\Cm0Start.o
 .debug_aranges
                0x00000180      0x180 .\CortexM0\ARM_GCC_541\Debug\eeprom_external.a(CyLib.o)
 .debug_aranges
                0x00000300      0x138 .\CortexM0\ARM_GCC_541\Debug\eeprom_external.a(CyLFClk.o)
 .debug_aranges
                0x00000438       0x68 .\CortexM0\ARM_GCC_541\Debug\eeprom_external.a(i2c.o)
 .debug_aranges
                0x000004a0       0x30 .\CortexM0\ARM_GCC_541\Debug\eeprom_external.a(i2c_I2C.o)
 .debug_aranges
                0x000004d0       0x98 .\CortexM0\ARM_GCC_541\Debug\eeprom_external.a(i2c_I2C_MASTER.o)
 .debug_aranges
                0x00000568       0x60 .\CortexM0\ARM_GCC_541\Debug\eeprom_external.a(uart.o)
 .debug_aranges
                0x000005c8       0x68 .\CortexM0\ARM_GCC_541\Debug\eeprom_external.a(uart_UART.o)
 .debug_aranges
                0x00000630       0x48 .\CortexM0\ARM_GCC_541\Debug\eeprom_external.a(i2c_sda.o)
 .debug_aranges
                0x00000678       0x48 .\CortexM0\ARM_GCC_541\Debug\eeprom_external.a(i2c_scl.o)
 .debug_aranges
                0x000006c0       0x48 .\CortexM0\ARM_GCC_541\Debug\eeprom_external.a(LedYellow_0.o)
 .debug_aranges
                0x00000708       0x48 .\CortexM0\ARM_GCC_541\Debug\eeprom_external.a(LedYellow_1.o)
 .debug_aranges
                0x00000750       0x48 .\CortexM0\ARM_GCC_541\Debug\eeprom_external.a(LedYellow_2.o)
 .debug_aranges
                0x00000798       0x48 .\CortexM0\ARM_GCC_541\Debug\eeprom_external.a(LedYellow_3.o)
 .debug_aranges
                0x000007e0       0x48 .\CortexM0\ARM_GCC_541\Debug\eeprom_external.a(LedYellow_4.o)
 .debug_aranges
                0x00000828       0x48 .\CortexM0\ARM_GCC_541\Debug\eeprom_external.a(LedYellow_5.o)
 .debug_aranges
                0x00000870       0x48 .\CortexM0\ARM_GCC_541\Debug\eeprom_external.a(LedYellow_6.o)
 .debug_aranges
                0x000008b8       0x48 .\CortexM0\ARM_GCC_541\Debug\eeprom_external.a(LedYellow_7.o)
 .debug_aranges
                0x00000900      0x158 .\CortexM0\ARM_GCC_541\Debug\eeprom_external.a(timer.o)
 .debug_aranges
                0x00000a58       0x80 .\CortexM0\ARM_GCC_541\Debug\eeprom_external.a(timer_interrupt.o)
 .debug_aranges
                0x00000ad8       0x20 .\CortexM0\ARM_GCC_541\Debug\eeprom_external.a(CyBootAsmGnu.o)
 .debug_aranges
                0x00000af8       0x20 .\CortexM0\ARM_GCC_541\Debug\eeprom_external.a(i2c_I2C_INT.o)
 .debug_aranges
                0x00000b18       0x60 .\CortexM0\ARM_GCC_541\Debug\eeprom_external.a(uart_SPI_UART.o)

.debug_pubnames
 *(.debug_pubnames)

.debug_info     0x00000000     0x6287
 *(.debug_info .gnu.linkonce.wi.*)
 .debug_info    0x00000000      0x217 .\CortexM0\ARM_GCC_541\Debug\main.o
 .debug_info    0x00000217      0x535 .\CortexM0\ARM_GCC_541\Debug\eeprom_external.o
 .debug_info    0x0000074c      0x166 .\CortexM0\ARM_GCC_541\Debug\timer_system.o
 .debug_info    0x000008b2      0x7b8 .\CortexM0\ARM_GCC_541\Debug\ledYellow.o
 .debug_info    0x0000106a      0x27d .\CortexM0\ARM_GCC_541\Debug\cyfitter_cfg.o
 .debug_info    0x000012e7       0xf8 .\CortexM0\ARM_GCC_541\Debug\cymetadata.o
 .debug_info    0x000013df      0x3a2 .\CortexM0\ARM_GCC_541\Debug\Cm0Start.o
 .debug_info    0x00001781      0xaed .\CortexM0\ARM_GCC_541\Debug\eeprom_external.a(CyLib.o)
 .debug_info    0x0000226e      0xcfe .\CortexM0\ARM_GCC_541\Debug\eeprom_external.a(CyLFClk.o)
 .debug_info    0x00002f6c      0x2aa .\CortexM0\ARM_GCC_541\Debug\eeprom_external.a(i2c.o)
 .debug_info    0x00003216      0x195 .\CortexM0\ARM_GCC_541\Debug\eeprom_external.a(i2c_I2C.o)
 .debug_info    0x000033ab      0x91d .\CortexM0\ARM_GCC_541\Debug\eeprom_external.a(i2c_I2C_MASTER.o)
 .debug_info    0x00003cc8      0x24c .\CortexM0\ARM_GCC_541\Debug\eeprom_external.a(uart.o)
 .debug_info    0x00003f14      0x310 .\CortexM0\ARM_GCC_541\Debug\eeprom_external.a(uart_UART.o)
 .debug_info    0x00004224      0x19d .\CortexM0\ARM_GCC_541\Debug\eeprom_external.a(i2c_sda.o)
 .debug_info    0x000043c1      0x19b .\CortexM0\ARM_GCC_541\Debug\eeprom_external.a(i2c_scl.o)
 .debug_info    0x0000455c      0x19b .\CortexM0\ARM_GCC_541\Debug\eeprom_external.a(LedYellow_0.o)
 .debug_info    0x000046f7      0x19d .\CortexM0\ARM_GCC_541\Debug\eeprom_external.a(LedYellow_1.o)
 .debug_info    0x00004894      0x19d .\CortexM0\ARM_GCC_541\Debug\eeprom_external.a(LedYellow_2.o)
 .debug_info    0x00004a31      0x19d .\CortexM0\ARM_GCC_541\Debug\eeprom_external.a(LedYellow_3.o)
 .debug_info    0x00004bce      0x19d .\CortexM0\ARM_GCC_541\Debug\eeprom_external.a(LedYellow_4.o)
 .debug_info    0x00004d6b      0x19d .\CortexM0\ARM_GCC_541\Debug\eeprom_external.a(LedYellow_5.o)
 .debug_info    0x00004f08      0x19d .\CortexM0\ARM_GCC_541\Debug\eeprom_external.a(LedYellow_6.o)
 .debug_info    0x000050a5      0x19d .\CortexM0\ARM_GCC_541\Debug\eeprom_external.a(LedYellow_7.o)
 .debug_info    0x00005242      0x8f5 .\CortexM0\ARM_GCC_541\Debug\eeprom_external.a(timer.o)
 .debug_info    0x00005b37      0x305 .\CortexM0\ARM_GCC_541\Debug\eeprom_external.a(timer_interrupt.o)
 .debug_info    0x00005e3c       0x83 .\CortexM0\ARM_GCC_541\Debug\eeprom_external.a(CyBootAsmGnu.o)
 .debug_info    0x00005ebf      0x1a8 .\CortexM0\ARM_GCC_541\Debug\eeprom_external.a(i2c_I2C_INT.o)
 .debug_info    0x00006067      0x220 .\CortexM0\ARM_GCC_541\Debug\eeprom_external.a(uart_SPI_UART.o)

.debug_abbrev   0x00000000     0x1d5d
 *(.debug_abbrev)
 .debug_abbrev  0x00000000       0xe2 .\CortexM0\ARM_GCC_541\Debug\main.o
 .debug_abbrev  0x000000e2      0x101 .\CortexM0\ARM_GCC_541\Debug\eeprom_external.o
 .debug_abbrev  0x000001e3       0xd2 .\CortexM0\ARM_GCC_541\Debug\timer_system.o
 .debug_abbrev  0x000002b5       0xfd .\CortexM0\ARM_GCC_541\Debug\ledYellow.o
 .debug_abbrev  0x000003b2      0x150 .\CortexM0\ARM_GCC_541\Debug\cyfitter_cfg.o
 .debug_abbrev  0x00000502       0x5d .\CortexM0\ARM_GCC_541\Debug\cymetadata.o
 .debug_abbrev  0x0000055f      0x1d7 .\CortexM0\ARM_GCC_541\Debug\Cm0Start.o
 .debug_abbrev  0x00000736      0x1d3 .\CortexM0\ARM_GCC_541\Debug\eeprom_external.a(CyLib.o)
 .debug_abbrev  0x00000909      0x210 .\CortexM0\ARM_GCC_541\Debug\eeprom_external.a(CyLFClk.o)
 .debug_abbrev  0x00000b19      0x130 .\CortexM0\ARM_GCC_541\Debug\eeprom_external.a(i2c.o)
 .debug_abbrev  0x00000c49       0xc7 .\CortexM0\ARM_GCC_541\Debug\eeprom_external.a(i2c_I2C.o)
 .debug_abbrev  0x00000d10      0x1b3 .\CortexM0\ARM_GCC_541\Debug\eeprom_external.a(i2c_I2C_MASTER.o)
 .debug_abbrev  0x00000ec3       0xed .\CortexM0\ARM_GCC_541\Debug\eeprom_external.a(uart.o)
 .debug_abbrev  0x00000fb0      0x123 .\CortexM0\ARM_GCC_541\Debug\eeprom_external.a(uart_UART.o)
 .debug_abbrev  0x000010d3       0xc8 .\CortexM0\ARM_GCC_541\Debug\eeprom_external.a(i2c_sda.o)
 .debug_abbrev  0x0000119b       0xc8 .\CortexM0\ARM_GCC_541\Debug\eeprom_external.a(i2c_scl.o)
 .debug_abbrev  0x00001263       0xc8 .\CortexM0\ARM_GCC_541\Debug\eeprom_external.a(LedYellow_0.o)
 .debug_abbrev  0x0000132b       0xc8 .\CortexM0\ARM_GCC_541\Debug\eeprom_external.a(LedYellow_1.o)
 .debug_abbrev  0x000013f3       0xc8 .\CortexM0\ARM_GCC_541\Debug\eeprom_external.a(LedYellow_2.o)
 .debug_abbrev  0x000014bb       0xc8 .\CortexM0\ARM_GCC_541\Debug\eeprom_external.a(LedYellow_3.o)
 .debug_abbrev  0x00001583       0xc8 .\CortexM0\ARM_GCC_541\Debug\eeprom_external.a(LedYellow_4.o)
 .debug_abbrev  0x0000164b       0xc8 .\CortexM0\ARM_GCC_541\Debug\eeprom_external.a(LedYellow_5.o)
 .debug_abbrev  0x00001713       0xc8 .\CortexM0\ARM_GCC_541\Debug\eeprom_external.a(LedYellow_6.o)
 .debug_abbrev  0x000017db       0xc8 .\CortexM0\ARM_GCC_541\Debug\eeprom_external.a(LedYellow_7.o)
 .debug_abbrev  0x000018a3      0x119 .\CortexM0\ARM_GCC_541\Debug\eeprom_external.a(timer.o)
 .debug_abbrev  0x000019bc      0x19a .\CortexM0\ARM_GCC_541\Debug\eeprom_external.a(timer_interrupt.o)
 .debug_abbrev  0x00001b56       0x14 .\CortexM0\ARM_GCC_541\Debug\eeprom_external.a(CyBootAsmGnu.o)
 .debug_abbrev  0x00001b6a       0xa4 .\CortexM0\ARM_GCC_541\Debug\eeprom_external.a(i2c_I2C_INT.o)
 .debug_abbrev  0x00001c0e      0x14f .\CortexM0\ARM_GCC_541\Debug\eeprom_external.a(uart_SPI_UART.o)

.debug_line     0x00000000     0x29b6
 *(.debug_line)
 .debug_line    0x00000000      0x17a .\CortexM0\ARM_GCC_541\Debug\main.o
 .debug_line    0x0000017a      0x14a .\CortexM0\ARM_GCC_541\Debug\eeprom_external.o
 .debug_line    0x000002c4       0xa0 .\CortexM0\ARM_GCC_541\Debug\timer_system.o
 .debug_line    0x00000364      0x1bd .\CortexM0\ARM_GCC_541\Debug\ledYellow.o
 .debug_line    0x00000521      0x13c .\CortexM0\ARM_GCC_541\Debug\cyfitter_cfg.o
 .debug_line    0x0000065d      0x141 .\CortexM0\ARM_GCC_541\Debug\cymetadata.o
 .debug_line    0x0000079e      0x235 .\CortexM0\ARM_GCC_541\Debug\Cm0Start.o
 .debug_line    0x000009d3      0x460 .\CortexM0\ARM_GCC_541\Debug\eeprom_external.a(CyLib.o)
 .debug_line    0x00000e33      0x466 .\CortexM0\ARM_GCC_541\Debug\eeprom_external.a(CyLFClk.o)
 .debug_line    0x00001299      0x143 .\CortexM0\ARM_GCC_541\Debug\eeprom_external.a(i2c.o)
 .debug_line    0x000013dc       0xc3 .\CortexM0\ARM_GCC_541\Debug\eeprom_external.a(i2c_I2C.o)
 .debug_line    0x0000149f      0x339 .\CortexM0\ARM_GCC_541\Debug\eeprom_external.a(i2c_I2C_MASTER.o)
 .debug_line    0x000017d8      0x127 .\CortexM0\ARM_GCC_541\Debug\eeprom_external.a(uart.o)
 .debug_line    0x000018ff      0x16d .\CortexM0\ARM_GCC_541\Debug\eeprom_external.a(uart_UART.o)
 .debug_line    0x00001a6c       0xbf .\CortexM0\ARM_GCC_541\Debug\eeprom_external.a(i2c_sda.o)
 .debug_line    0x00001b2b       0xbe .\CortexM0\ARM_GCC_541\Debug\eeprom_external.a(i2c_scl.o)
 .debug_line    0x00001be9       0xc2 .\CortexM0\ARM_GCC_541\Debug\eeprom_external.a(LedYellow_0.o)
 .debug_line    0x00001cab       0xc3 .\CortexM0\ARM_GCC_541\Debug\eeprom_external.a(LedYellow_1.o)
 .debug_line    0x00001d6e       0xc3 .\CortexM0\ARM_GCC_541\Debug\eeprom_external.a(LedYellow_2.o)
 .debug_line    0x00001e31       0xc3 .\CortexM0\ARM_GCC_541\Debug\eeprom_external.a(LedYellow_3.o)
 .debug_line    0x00001ef4       0xc3 .\CortexM0\ARM_GCC_541\Debug\eeprom_external.a(LedYellow_4.o)
 .debug_line    0x00001fb7       0xc3 .\CortexM0\ARM_GCC_541\Debug\eeprom_external.a(LedYellow_5.o)
 .debug_line    0x0000207a       0xc3 .\CortexM0\ARM_GCC_541\Debug\eeprom_external.a(LedYellow_6.o)
 .debug_line    0x0000213d       0xc3 .\CortexM0\ARM_GCC_541\Debug\eeprom_external.a(LedYellow_7.o)
 .debug_line    0x00002200      0x379 .\CortexM0\ARM_GCC_541\Debug\eeprom_external.a(timer.o)
 .debug_line    0x00002579      0x15b .\CortexM0\ARM_GCC_541\Debug\eeprom_external.a(timer_interrupt.o)
 .debug_line    0x000026d4       0x69 .\CortexM0\ARM_GCC_541\Debug\eeprom_external.a(CyBootAsmGnu.o)
 .debug_line    0x0000273d      0x15f .\CortexM0\ARM_GCC_541\Debug\eeprom_external.a(i2c_I2C_INT.o)
 .debug_line    0x0000289c      0x11a .\CortexM0\ARM_GCC_541\Debug\eeprom_external.a(uart_SPI_UART.o)

.debug_frame    0x00000000     0x1d7c
 *(.debug_frame)
 .debug_frame   0x00000000       0x48 .\CortexM0\ARM_GCC_541\Debug\main.o
 .debug_frame   0x00000048       0xc8 .\CortexM0\ARM_GCC_541\Debug\eeprom_external.o
 .debug_frame   0x00000110       0x48 .\CortexM0\ARM_GCC_541\Debug\timer_system.o
 .debug_frame   0x00000158       0xf0 .\CortexM0\ARM_GCC_541\Debug\ledYellow.o
 .debug_frame   0x00000248       0x68 .\CortexM0\ARM_GCC_541\Debug\cyfitter_cfg.o
 .debug_frame   0x000002b0       0xbc .\CortexM0\ARM_GCC_541\Debug\Cm0Start.o
 .debug_frame   0x0000036c      0x3e0 .\CortexM0\ARM_GCC_541\Debug\eeprom_external.a(CyLib.o)
 .debug_frame   0x0000074c      0x3a8 .\CortexM0\ARM_GCC_541\Debug\eeprom_external.a(CyLFClk.o)
 .debug_frame   0x00000af4       0xf8 .\CortexM0\ARM_GCC_541\Debug\eeprom_external.a(i2c.o)
 .debug_frame   0x00000bec       0x58 .\CortexM0\ARM_GCC_541\Debug\eeprom_external.a(i2c_I2C.o)
 .debug_frame   0x00000c44      0x1e8 .\CortexM0\ARM_GCC_541\Debug\eeprom_external.a(i2c_I2C_MASTER.o)
 .debug_frame   0x00000e2c       0xe8 .\CortexM0\ARM_GCC_541\Debug\eeprom_external.a(uart.o)
 .debug_frame   0x00000f14       0xf4 .\CortexM0\ARM_GCC_541\Debug\eeprom_external.a(uart_UART.o)
 .debug_frame   0x00001008       0x70 .\CortexM0\ARM_GCC_541\Debug\eeprom_external.a(i2c_sda.o)
 .debug_frame   0x00001078       0x70 .\CortexM0\ARM_GCC_541\Debug\eeprom_external.a(i2c_scl.o)
 .debug_frame   0x000010e8       0x70 .\CortexM0\ARM_GCC_541\Debug\eeprom_external.a(LedYellow_0.o)
 .debug_frame   0x00001158       0x70 .\CortexM0\ARM_GCC_541\Debug\eeprom_external.a(LedYellow_1.o)
 .debug_frame   0x000011c8       0x70 .\CortexM0\ARM_GCC_541\Debug\eeprom_external.a(LedYellow_2.o)
 .debug_frame   0x00001238       0x70 .\CortexM0\ARM_GCC_541\Debug\eeprom_external.a(LedYellow_3.o)
 .debug_frame   0x000012a8       0x70 .\CortexM0\ARM_GCC_541\Debug\eeprom_external.a(LedYellow_4.o)
 .debug_frame   0x00001318       0x70 .\CortexM0\ARM_GCC_541\Debug\eeprom_external.a(LedYellow_5.o)
 .debug_frame   0x00001388       0x70 .\CortexM0\ARM_GCC_541\Debug\eeprom_external.a(LedYellow_6.o)
 .debug_frame   0x000013f8       0x70 .\CortexM0\ARM_GCC_541\Debug\eeprom_external.a(LedYellow_7.o)
 .debug_frame   0x00001468      0x3a0 .\CortexM0\ARM_GCC_541\Debug\eeprom_external.a(timer.o)
 .debug_frame   0x00001808      0x110 .\CortexM0\ARM_GCC_541\Debug\eeprom_external.a(timer_interrupt.o)
 .debug_frame   0x00001918       0x2c .\CortexM0\ARM_GCC_541\Debug\eeprom_external.a(i2c_I2C_INT.o)
 .debug_frame   0x00001944       0xb0 .\CortexM0\ARM_GCC_541\Debug\eeprom_external.a(uart_SPI_UART.o)
 .debug_frame   0x000019f4       0x20 c:/program files (x86)/cypress/psoc creator/4.4/psoc creator/import/gnu/arm/5.4.1/bin/../lib/gcc/arm-none-eabi/5.4.1/armv6-m\libgcc.a(_udivsi3.o)
 .debug_frame   0x00001a14       0x20 c:/program files (x86)/cypress/psoc creator/4.4/psoc creator/import/gnu/arm/5.4.1/bin/../lib/gcc/arm-none-eabi/5.4.1/../../../../arm-none-eabi/lib/armv6-m\libg_nano.a(lib_a-errno.o)
 .debug_frame   0x00001a34       0x28 c:/program files (x86)/cypress/psoc creator/4.4/psoc creator/import/gnu/arm/5.4.1/bin/../lib/gcc/arm-none-eabi/5.4.1/../../../../arm-none-eabi/lib/armv6-m\libg_nano.a(lib_a-exit.o)
 .debug_frame   0x00001a5c       0x2c c:/program files (x86)/cypress/psoc creator/4.4/psoc creator/import/gnu/arm/5.4.1/bin/../lib/gcc/arm-none-eabi/5.4.1/../../../../arm-none-eabi/lib/armv6-m\libg_nano.a(lib_a-init.o)
 .debug_frame   0x00001a88       0x20 c:/program files (x86)/cypress/psoc creator/4.4/psoc creator/import/gnu/arm/5.4.1/bin/../lib/gcc/arm-none-eabi/5.4.1/../../../../arm-none-eabi/lib/armv6-m\libg_nano.a(lib_a-memset.o)
 .debug_frame   0x00001aa8       0x50 c:/program files (x86)/cypress/psoc creator/4.4/psoc creator/import/gnu/arm/5.4.1/bin/../lib/gcc/arm-none-eabi/5.4.1/../../../../arm-none-eabi/lib/armv6-m\libg_nano.a(lib_a-sprintf.o)
 .debug_frame   0x00001af8       0x74 c:/program files (x86)/cypress/psoc creator/4.4/psoc creator/import/gnu/arm/5.4.1/bin/../lib/gcc/arm-none-eabi/5.4.1/../../../../arm-none-eabi/lib/armv6-m\libg_nano.a(lib_a-nano-svfprintf.o)
 .debug_frame   0x00001b6c       0x54 c:/program files (x86)/cypress/psoc creator/4.4/psoc creator/import/gnu/arm/5.4.1/bin/../lib/gcc/arm-none-eabi/5.4.1/../../../../arm-none-eabi/lib/armv6-m\libg_nano.a(lib_a-nano-vfprintf_i.o)
 .debug_frame   0x00001bc0       0x20 c:/program files (x86)/cypress/psoc creator/4.4/psoc creator/import/gnu/arm/5.4.1/bin/../lib/gcc/arm-none-eabi/5.4.1/../../../../arm-none-eabi/lib/armv6-m\libg_nano.a(lib_a-memchr-stub.o)
 .debug_frame   0x00001be0       0x28 c:/program files (x86)/cypress/psoc creator/4.4/psoc creator/import/gnu/arm/5.4.1/bin/../lib/gcc/arm-none-eabi/5.4.1/../../../../arm-none-eabi/lib/armv6-m\libg_nano.a(lib_a-memcpy-stub.o)
 .debug_frame   0x00001c08       0x28 c:/program files (x86)/cypress/psoc creator/4.4/psoc creator/import/gnu/arm/5.4.1/bin/../lib/gcc/arm-none-eabi/5.4.1/../../../../arm-none-eabi/lib/armv6-m\libg_nano.a(lib_a-memmove.o)
 .debug_frame   0x00001c30       0x2c c:/program files (x86)/cypress/psoc creator/4.4/psoc creator/import/gnu/arm/5.4.1/bin/../lib/gcc/arm-none-eabi/5.4.1/../../../../arm-none-eabi/lib/armv6-m\libg_nano.a(lib_a-nano-freer.o)
 .debug_frame   0x00001c5c       0x2c c:/program files (x86)/cypress/psoc creator/4.4/psoc creator/import/gnu/arm/5.4.1/bin/../lib/gcc/arm-none-eabi/5.4.1/../../../../arm-none-eabi/lib/armv6-m\libg_nano.a(lib_a-nano-mallocr.o)
 .debug_frame   0x00001c88       0x30 c:/program files (x86)/cypress/psoc creator/4.4/psoc creator/import/gnu/arm/5.4.1/bin/../lib/gcc/arm-none-eabi/5.4.1/../../../../arm-none-eabi/lib/armv6-m\libg_nano.a(lib_a-nano-reallocr.o)
 .debug_frame   0x00001cb8       0x2c c:/program files (x86)/cypress/psoc creator/4.4/psoc creator/import/gnu/arm/5.4.1/bin/../lib/gcc/arm-none-eabi/5.4.1/../../../../arm-none-eabi/lib/armv6-m\libg_nano.a(lib_a-sbrkr.o)
 .debug_frame   0x00001ce4       0x30 c:/program files (x86)/cypress/psoc creator/4.4/psoc creator/import/gnu/arm/5.4.1/bin/../lib/gcc/arm-none-eabi/5.4.1/../../../../arm-none-eabi/lib/armv6-m\libg_nano.a(lib_a-mlock.o)
 .debug_frame   0x00001d14       0x20 c:/program files (x86)/cypress/psoc creator/4.4/psoc creator/import/gnu/arm/5.4.1/bin/../lib/gcc/arm-none-eabi/5.4.1/../../../../arm-none-eabi/lib/armv6-m\libg_nano.a(lib_a-nano-msizer.o)
 .debug_frame   0x00001d34       0x48 c:/program files (x86)/cypress/psoc creator/4.4/psoc creator/import/gnu/arm/5.4.1/bin/../lib/gcc/arm-none-eabi/5.4.1/../../../../arm-none-eabi/lib/armv6-m\libg_nano.a(lib_a-reent.o)

.debug_str      0x00000000     0x2435
 *(.debug_str)
 .debug_str     0x00000000      0x1ff .\CortexM0\ARM_GCC_541\Debug\main.o
                                0x23f (size before relaxing)
 .debug_str     0x000001ff      0x185 .\CortexM0\ARM_GCC_541\Debug\eeprom_external.o
                                0x2d9 (size before relaxing)
 .debug_str     0x00000384       0xa0 .\CortexM0\ARM_GCC_541\Debug\timer_system.o
                                0x229 (size before relaxing)
 .debug_str     0x00000424      0x149 .\CortexM0\ARM_GCC_541\Debug\ledYellow.o
                                0x2e5 (size before relaxing)
 .debug_str     0x0000056d       0xb5 .\CortexM0\ARM_GCC_541\Debug\cyfitter_cfg.o
                                0x23d (size before relaxing)
 .debug_str     0x00000622       0x63 .\CortexM0\ARM_GCC_541\Debug\cymetadata.o
                                0x1bb (size before relaxing)
 .debug_str     0x00000685      0x13b .\CortexM0\ARM_GCC_541\Debug\Cm0Start.o
                                0x2f4 (size before relaxing)
 .debug_str     0x000007c0      0x4c8 .\CortexM0\ARM_GCC_541\Debug\eeprom_external.a(CyLib.o)
                                0x6a9 (size before relaxing)
 .debug_str     0x00000c88      0x530 .\CortexM0\ARM_GCC_541\Debug\eeprom_external.a(CyLFClk.o)
                                0x730 (size before relaxing)
 .debug_str     0x000011b8      0x116 .\CortexM0\ARM_GCC_541\Debug\eeprom_external.a(i2c.o)
                                0x2cc (size before relaxing)
 .debug_str     0x000012ce       0x74 .\CortexM0\ARM_GCC_541\Debug\eeprom_external.a(i2c_I2C.o)
                                0x241 (size before relaxing)
 .debug_str     0x00001342      0x262 .\CortexM0\ARM_GCC_541\Debug\eeprom_external.a(i2c_I2C_MASTER.o)
                                0x4df (size before relaxing)
 .debug_str     0x000015a4       0xf7 .\CortexM0\ARM_GCC_541\Debug\eeprom_external.a(uart.o)
                                0x2a6 (size before relaxing)
 .debug_str     0x0000169b      0x152 .\CortexM0\ARM_GCC_541\Debug\eeprom_external.a(uart_UART.o)
                                0x32f (size before relaxing)
 .debug_str     0x000017ed       0xac .\CortexM0\ARM_GCC_541\Debug\eeprom_external.a(i2c_sda.o)
                                0x237 (size before relaxing)
 .debug_str     0x00001899       0x7a .\CortexM0\ARM_GCC_541\Debug\eeprom_external.a(i2c_scl.o)
                                0x237 (size before relaxing)
 .debug_str     0x00001913       0x8e .\CortexM0\ARM_GCC_541\Debug\eeprom_external.a(LedYellow_0.o)
                                0x253 (size before relaxing)
 .debug_str     0x000019a1       0x9f .\CortexM0\ARM_GCC_541\Debug\eeprom_external.a(LedYellow_1.o)
                                0x253 (size before relaxing)
 .debug_str     0x00001a40       0x9f .\CortexM0\ARM_GCC_541\Debug\eeprom_external.a(LedYellow_2.o)
                                0x253 (size before relaxing)
 .debug_str     0x00001adf       0x9f .\CortexM0\ARM_GCC_541\Debug\eeprom_external.a(LedYellow_3.o)
                                0x253 (size before relaxing)
 .debug_str     0x00001b7e       0x9f .\CortexM0\ARM_GCC_541\Debug\eeprom_external.a(LedYellow_4.o)
                                0x253 (size before relaxing)
 .debug_str     0x00001c1d       0x9f .\CortexM0\ARM_GCC_541\Debug\eeprom_external.a(LedYellow_5.o)
                                0x253 (size before relaxing)
 .debug_str     0x00001cbc       0x9f .\CortexM0\ARM_GCC_541\Debug\eeprom_external.a(LedYellow_6.o)
                                0x253 (size before relaxing)
 .debug_str     0x00001d5b       0x9f .\CortexM0\ARM_GCC_541\Debug\eeprom_external.a(LedYellow_7.o)
                                0x253 (size before relaxing)
 .debug_str     0x00001dfa      0x3c5 .\CortexM0\ARM_GCC_541\Debug\eeprom_external.a(timer.o)
                                0x5a4 (size before relaxing)
 .debug_str     0x000021bf      0x14c .\CortexM0\ARM_GCC_541\Debug\eeprom_external.a(timer_interrupt.o)
                                0x369 (size before relaxing)
 .debug_str     0x0000230b       0x47 .\CortexM0\ARM_GCC_541\Debug\eeprom_external.a(i2c_I2C_INT.o)
                                0x2b1 (size before relaxing)
 .debug_str     0x00002352       0xe3 .\CortexM0\ARM_GCC_541\Debug\eeprom_external.a(uart_SPI_UART.o)
                                0x2c1 (size before relaxing)

.debug_loc      0x00000000     0x2f61
 *(.debug_loc)
 .debug_loc     0x00000000       0x1e .\CortexM0\ARM_GCC_541\Debug\main.o
 .debug_loc     0x0000001e      0x273 .\CortexM0\ARM_GCC_541\Debug\eeprom_external.o
 .debug_loc     0x00000291       0x9d .\CortexM0\ARM_GCC_541\Debug\ledYellow.o
 .debug_loc     0x0000032e       0xa9 .\CortexM0\ARM_GCC_541\Debug\cyfitter_cfg.o
 .debug_loc     0x000003d7      0x14f .\CortexM0\ARM_GCC_541\Debug\Cm0Start.o
 .debug_loc     0x00000526      0x599 .\CortexM0\ARM_GCC_541\Debug\eeprom_external.a(CyLib.o)
 .debug_loc     0x00000abf      0x9b5 .\CortexM0\ARM_GCC_541\Debug\eeprom_external.a(CyLFClk.o)
 .debug_loc     0x00001474       0x7e .\CortexM0\ARM_GCC_541\Debug\eeprom_external.a(i2c.o)
 .debug_loc     0x000014f2      0xa90 .\CortexM0\ARM_GCC_541\Debug\eeprom_external.a(i2c_I2C_MASTER.o)
 .debug_loc     0x00001f82       0x7e .\CortexM0\ARM_GCC_541\Debug\eeprom_external.a(uart.o)
 .debug_loc     0x00002000      0x1e4 .\CortexM0\ARM_GCC_541\Debug\eeprom_external.a(uart_UART.o)
 .debug_loc     0x000021e4       0xa2 .\CortexM0\ARM_GCC_541\Debug\eeprom_external.a(i2c_sda.o)
 .debug_loc     0x00002286       0x81 .\CortexM0\ARM_GCC_541\Debug\eeprom_external.a(i2c_scl.o)
 .debug_loc     0x00002307       0x81 .\CortexM0\ARM_GCC_541\Debug\eeprom_external.a(LedYellow_0.o)
 .debug_loc     0x00002388       0xa2 .\CortexM0\ARM_GCC_541\Debug\eeprom_external.a(LedYellow_1.o)
 .debug_loc     0x0000242a       0xa2 .\CortexM0\ARM_GCC_541\Debug\eeprom_external.a(LedYellow_2.o)
 .debug_loc     0x000024cc       0xa2 .\CortexM0\ARM_GCC_541\Debug\eeprom_external.a(LedYellow_3.o)
 .debug_loc     0x0000256e       0xa2 .\CortexM0\ARM_GCC_541\Debug\eeprom_external.a(LedYellow_4.o)
 .debug_loc     0x00002610       0xa2 .\CortexM0\ARM_GCC_541\Debug\eeprom_external.a(LedYellow_5.o)
 .debug_loc     0x000026b2       0xa2 .\CortexM0\ARM_GCC_541\Debug\eeprom_external.a(LedYellow_6.o)
 .debug_loc     0x00002754       0xa2 .\CortexM0\ARM_GCC_541\Debug\eeprom_external.a(LedYellow_7.o)
 .debug_loc     0x000027f6      0x547 .\CortexM0\ARM_GCC_541\Debug\eeprom_external.a(timer.o)
 .debug_loc     0x00002d3d       0x82 .\CortexM0\ARM_GCC_541\Debug\eeprom_external.a(timer_interrupt.o)
 .debug_loc     0x00002dbf      0x10c .\CortexM0\ARM_GCC_541\Debug\eeprom_external.a(i2c_I2C_INT.o)
 .debug_loc     0x00002ecb       0x96 .\CortexM0\ARM_GCC_541\Debug\eeprom_external.a(uart_SPI_UART.o)

.debug_macinfo
 *(.debug_macinfo)

.debug_ranges   0x00000000      0x990
 *(.debug_ranges)
 .debug_ranges  0x00000000       0x18 .\CortexM0\ARM_GCC_541\Debug\main.o
 .debug_ranges  0x00000018       0x38 .\CortexM0\ARM_GCC_541\Debug\eeprom_external.o
 .debug_ranges  0x00000050       0x18 .\CortexM0\ARM_GCC_541\Debug\timer_system.o
 .debug_ranges  0x00000068       0x48 .\CortexM0\ARM_GCC_541\Debug\ledYellow.o
 .debug_ranges  0x000000b0       0x20 .\CortexM0\ARM_GCC_541\Debug\cyfitter_cfg.o
 .debug_ranges  0x000000d0       0x38 .\CortexM0\ARM_GCC_541\Debug\Cm0Start.o
 .debug_ranges  0x00000108      0x170 .\CortexM0\ARM_GCC_541\Debug\eeprom_external.a(CyLib.o)
 .debug_ranges  0x00000278      0x128 .\CortexM0\ARM_GCC_541\Debug\eeprom_external.a(CyLFClk.o)
 .debug_ranges  0x000003a0       0x58 .\CortexM0\ARM_GCC_541\Debug\eeprom_external.a(i2c.o)
 .debug_ranges  0x000003f8       0x20 .\CortexM0\ARM_GCC_541\Debug\eeprom_external.a(i2c_I2C.o)
 .debug_ranges  0x00000418       0x88 .\CortexM0\ARM_GCC_541\Debug\eeprom_external.a(i2c_I2C_MASTER.o)
 .debug_ranges  0x000004a0       0x50 .\CortexM0\ARM_GCC_541\Debug\eeprom_external.a(uart.o)
 .debug_ranges  0x000004f0       0x58 .\CortexM0\ARM_GCC_541\Debug\eeprom_external.a(uart_UART.o)
 .debug_ranges  0x00000548       0x38 .\CortexM0\ARM_GCC_541\Debug\eeprom_external.a(i2c_sda.o)
 .debug_ranges  0x00000580       0x38 .\CortexM0\ARM_GCC_541\Debug\eeprom_external.a(i2c_scl.o)
 .debug_ranges  0x000005b8       0x38 .\CortexM0\ARM_GCC_541\Debug\eeprom_external.a(LedYellow_0.o)
 .debug_ranges  0x000005f0       0x38 .\CortexM0\ARM_GCC_541\Debug\eeprom_external.a(LedYellow_1.o)
 .debug_ranges  0x00000628       0x38 .\CortexM0\ARM_GCC_541\Debug\eeprom_external.a(LedYellow_2.o)
 .debug_ranges  0x00000660       0x38 .\CortexM0\ARM_GCC_541\Debug\eeprom_external.a(LedYellow_3.o)
 .debug_ranges  0x00000698       0x38 .\CortexM0\ARM_GCC_541\Debug\eeprom_external.a(LedYellow_4.o)
 .debug_ranges  0x000006d0       0x38 .\CortexM0\ARM_GCC_541\Debug\eeprom_external.a(LedYellow_5.o)
 .debug_ranges  0x00000708       0x38 .\CortexM0\ARM_GCC_541\Debug\eeprom_external.a(LedYellow_6.o)
 .debug_ranges  0x00000740       0x38 .\CortexM0\ARM_GCC_541\Debug\eeprom_external.a(LedYellow_7.o)
 .debug_ranges  0x00000778      0x148 .\CortexM0\ARM_GCC_541\Debug\eeprom_external.a(timer.o)
 .debug_ranges  0x000008c0       0x70 .\CortexM0\ARM_GCC_541\Debug\eeprom_external.a(timer_interrupt.o)
 .debug_ranges  0x00000930       0x10 .\CortexM0\ARM_GCC_541\Debug\eeprom_external.a(i2c_I2C_INT.o)
 .debug_ranges  0x00000940       0x50 .\CortexM0\ARM_GCC_541\Debug\eeprom_external.a(uart_SPI_UART.o)

.comment        0x00000000       0x6e
 .comment       0x00000000       0x6e .\CortexM0\ARM_GCC_541\Debug\main.o
                                 0x6f (size before relaxing)
 .comment       0x0000006e       0x6f .\CortexM0\ARM_GCC_541\Debug\eeprom_external.o
 .comment       0x0000006e       0x6f .\CortexM0\ARM_GCC_541\Debug\timer_system.o
 .comment       0x0000006e       0x6f .\CortexM0\ARM_GCC_541\Debug\ledYellow.o
 .comment       0x0000006e       0x6f .\CortexM0\ARM_GCC_541\Debug\cyfitter_cfg.o
 .comment       0x0000006e       0x6f .\CortexM0\ARM_GCC_541\Debug\cymetadata.o
 .comment       0x0000006e       0x6f .\CortexM0\ARM_GCC_541\Debug\Cm0Start.o
 .comment       0x0000006e       0x6f .\CortexM0\ARM_GCC_541\Debug\eeprom_external.a(CyLib.o)
 .comment       0x0000006e       0x6f .\CortexM0\ARM_GCC_541\Debug\eeprom_external.a(CyLFClk.o)
 .comment       0x0000006e       0x6f .\CortexM0\ARM_GCC_541\Debug\eeprom_external.a(i2c.o)
 .comment       0x0000006e       0x6f .\CortexM0\ARM_GCC_541\Debug\eeprom_external.a(i2c_I2C.o)
 .comment       0x0000006e       0x6f .\CortexM0\ARM_GCC_541\Debug\eeprom_external.a(i2c_I2C_MASTER.o)
 .comment       0x0000006e       0x6f .\CortexM0\ARM_GCC_541\Debug\eeprom_external.a(uart.o)
 .comment       0x0000006e       0x6f .\CortexM0\ARM_GCC_541\Debug\eeprom_external.a(uart_UART.o)
 .comment       0x0000006e       0x6f .\CortexM0\ARM_GCC_541\Debug\eeprom_external.a(i2c_sda.o)
 .comment       0x0000006e       0x6f .\CortexM0\ARM_GCC_541\Debug\eeprom_external.a(i2c_scl.o)
 .comment       0x0000006e       0x6f .\CortexM0\ARM_GCC_541\Debug\eeprom_external.a(LedYellow_0.o)
 .comment       0x0000006e       0x6f .\CortexM0\ARM_GCC_541\Debug\eeprom_external.a(LedYellow_1.o)
 .comment       0x0000006e       0x6f .\CortexM0\ARM_GCC_541\Debug\eeprom_external.a(LedYellow_2.o)
 .comment       0x0000006e       0x6f .\CortexM0\ARM_GCC_541\Debug\eeprom_external.a(LedYellow_3.o)
 .comment       0x0000006e       0x6f .\CortexM0\ARM_GCC_541\Debug\eeprom_external.a(LedYellow_4.o)
 .comment       0x0000006e       0x6f .\CortexM0\ARM_GCC_541\Debug\eeprom_external.a(LedYellow_5.o)
 .comment       0x0000006e       0x6f .\CortexM0\ARM_GCC_541\Debug\eeprom_external.a(LedYellow_6.o)
 .comment       0x0000006e       0x6f .\CortexM0\ARM_GCC_541\Debug\eeprom_external.a(LedYellow_7.o)
 .comment       0x0000006e       0x6f .\CortexM0\ARM_GCC_541\Debug\eeprom_external.a(timer.o)
 .comment       0x0000006e       0x6f .\CortexM0\ARM_GCC_541\Debug\eeprom_external.a(timer_interrupt.o)
 .comment       0x0000006e       0x6f .\CortexM0\ARM_GCC_541\Debug\eeprom_external.a(i2c_I2C_INT.o)
 .comment       0x0000006e       0x6f .\CortexM0\ARM_GCC_541\Debug\eeprom_external.a(uart_SPI_UART.o)

.debug_weaknames
 *(.debug_weaknames)

.debug_funcnames
 *(.debug_funcnames)

.debug_typenames
 *(.debug_typenames)

.debug_varnames
 *(.debug_varnames)

.note.gnu.arm.ident
 *(.note.gnu.arm.ident)

.ARM.attributes
                0x00000000       0x28
 *(.ARM.attributes)
 .ARM.attributes
                0x00000000       0x1e c:/program files (x86)/cypress/psoc creator/4.4/psoc creator/import/gnu/arm/5.4.1/bin/../lib/gcc/arm-none-eabi/5.4.1/armv6-m/crti.o
 .ARM.attributes
                0x0000001e       0x2c c:/program files (x86)/cypress/psoc creator/4.4/psoc creator/import/gnu/arm/5.4.1/bin/../lib/gcc/arm-none-eabi/5.4.1/armv6-m/crtbegin.o
 .ARM.attributes
                0x0000004a       0x1b c:/program files (x86)/cypress/psoc creator/4.4/psoc creator/import/gnu/arm/5.4.1/bin/../lib/gcc/arm-none-eabi/5.4.1/../../../../arm-none-eabi/lib/armv6-m/crt0.o
 .ARM.attributes
                0x00000065       0x31 .\CortexM0\ARM_GCC_541\Debug\main.o
 .ARM.attributes
                0x00000096       0x31 .\CortexM0\ARM_GCC_541\Debug\eeprom_external.o
 .ARM.attributes
                0x000000c7       0x31 .\CortexM0\ARM_GCC_541\Debug\timer_system.o
 .ARM.attributes
                0x000000f8       0x31 .\CortexM0\ARM_GCC_541\Debug\ledYellow.o
 .ARM.attributes
                0x00000129       0x31 .\CortexM0\ARM_GCC_541\Debug\cyfitter_cfg.o
 .ARM.attributes
                0x0000015a       0x31 .\CortexM0\ARM_GCC_541\Debug\cymetadata.o
 .ARM.attributes
                0x0000018b       0x31 .\CortexM0\ARM_GCC_541\Debug\Cm0Start.o
 .ARM.attributes
                0x000001bc       0x31 .\CortexM0\ARM_GCC_541\Debug\eeprom_external.a(CyLib.o)
 .ARM.attributes
                0x000001ed       0x31 .\CortexM0\ARM_GCC_541\Debug\eeprom_external.a(CyLFClk.o)
 .ARM.attributes
                0x0000021e       0x31 .\CortexM0\ARM_GCC_541\Debug\eeprom_external.a(i2c.o)
 .ARM.attributes
                0x0000024f       0x31 .\CortexM0\ARM_GCC_541\Debug\eeprom_external.a(i2c_I2C.o)
 .ARM.attributes
                0x00000280       0x31 .\CortexM0\ARM_GCC_541\Debug\eeprom_external.a(i2c_I2C_MASTER.o)
 .ARM.attributes
                0x000002b1       0x31 .\CortexM0\ARM_GCC_541\Debug\eeprom_external.a(uart.o)
 .ARM.attributes
                0x000002e2       0x31 .\CortexM0\ARM_GCC_541\Debug\eeprom_external.a(uart_UART.o)
 .ARM.attributes
                0x00000313       0x31 .\CortexM0\ARM_GCC_541\Debug\eeprom_external.a(i2c_sda.o)
 .ARM.attributes
                0x00000344       0x31 .\CortexM0\ARM_GCC_541\Debug\eeprom_external.a(i2c_scl.o)
 .ARM.attributes
                0x00000375       0x31 .\CortexM0\ARM_GCC_541\Debug\eeprom_external.a(LedYellow_0.o)
 .ARM.attributes
                0x000003a6       0x31 .\CortexM0\ARM_GCC_541\Debug\eeprom_external.a(LedYellow_1.o)
 .ARM.attributes
                0x000003d7       0x31 .\CortexM0\ARM_GCC_541\Debug\eeprom_external.a(LedYellow_2.o)
 .ARM.attributes
                0x00000408       0x31 .\CortexM0\ARM_GCC_541\Debug\eeprom_external.a(LedYellow_3.o)
 .ARM.attributes
                0x00000439       0x31 .\CortexM0\ARM_GCC_541\Debug\eeprom_external.a(LedYellow_4.o)
 .ARM.attributes
                0x0000046a       0x31 .\CortexM0\ARM_GCC_541\Debug\eeprom_external.a(LedYellow_5.o)
 .ARM.attributes
                0x0000049b       0x31 .\CortexM0\ARM_GCC_541\Debug\eeprom_external.a(LedYellow_6.o)
 .ARM.attributes
                0x000004cc       0x31 .\CortexM0\ARM_GCC_541\Debug\eeprom_external.a(LedYellow_7.o)
 .ARM.attributes
                0x000004fd       0x31 .\CortexM0\ARM_GCC_541\Debug\eeprom_external.a(timer.o)
 .ARM.attributes
                0x0000052e       0x31 .\CortexM0\ARM_GCC_541\Debug\eeprom_external.a(timer_interrupt.o)
 .ARM.attributes
                0x0000055f       0x21 .\CortexM0\ARM_GCC_541\Debug\eeprom_external.a(CyBootAsmGnu.o)
 .ARM.attributes
                0x00000580       0x31 .\CortexM0\ARM_GCC_541\Debug\eeprom_external.a(i2c_I2C_INT.o)
 .ARM.attributes
                0x000005b1       0x31 .\CortexM0\ARM_GCC_541\Debug\eeprom_external.a(uart_SPI_UART.o)
 .ARM.attributes
                0x000005e2       0x1e c:/program files (x86)/cypress/psoc creator/4.4/psoc creator/import/gnu/arm/5.4.1/bin/../lib/gcc/arm-none-eabi/5.4.1/armv6-m\libgcc.a(_udivsi3.o)
 .ARM.attributes
                0x00000600       0x1e c:/program files (x86)/cypress/psoc creator/4.4/psoc creator/import/gnu/arm/5.4.1/bin/../lib/gcc/arm-none-eabi/5.4.1/armv6-m\libgcc.a(_dvmd_tls.o)
 .ARM.attributes
                0x0000061e       0x2c c:/program files (x86)/cypress/psoc creator/4.4/psoc creator/import/gnu/arm/5.4.1/bin/../lib/gcc/arm-none-eabi/5.4.1/../../../../arm-none-eabi/lib/armv6-m\libg_nano.a(lib_a-errno.o)
 .ARM.attributes
                0x0000064a       0x2c c:/program files (x86)/cypress/psoc creator/4.4/psoc creator/import/gnu/arm/5.4.1/bin/../lib/gcc/arm-none-eabi/5.4.1/../../../../arm-none-eabi/lib/armv6-m\libg_nano.a(lib_a-exit.o)
 .ARM.attributes
                0x00000676       0x2c c:/program files (x86)/cypress/psoc creator/4.4/psoc creator/import/gnu/arm/5.4.1/bin/../lib/gcc/arm-none-eabi/5.4.1/../../../../arm-none-eabi/lib/armv6-m\libg_nano.a(lib_a-impure.o)
 .ARM.attributes
                0x000006a2       0x2c c:/program files (x86)/cypress/psoc creator/4.4/psoc creator/import/gnu/arm/5.4.1/bin/../lib/gcc/arm-none-eabi/5.4.1/../../../../arm-none-eabi/lib/armv6-m\libg_nano.a(lib_a-init.o)
 .ARM.attributes
                0x000006ce       0x2c c:/program files (x86)/cypress/psoc creator/4.4/psoc creator/import/gnu/arm/5.4.1/bin/../lib/gcc/arm-none-eabi/5.4.1/../../../../arm-none-eabi/lib/armv6-m\libg_nano.a(lib_a-memset.o)
 .ARM.attributes
                0x000006fa       0x2c c:/program files (x86)/cypress/psoc creator/4.4/psoc creator/import/gnu/arm/5.4.1/bin/../lib/gcc/arm-none-eabi/5.4.1/../../../../arm-none-eabi/lib/armv6-m\libg_nano.a(lib_a-sprintf.o)
 .ARM.attributes
                0x00000726       0x2c c:/program files (x86)/cypress/psoc creator/4.4/psoc creator/import/gnu/arm/5.4.1/bin/../lib/gcc/arm-none-eabi/5.4.1/../../../../arm-none-eabi/lib/armv6-m\libg_nano.a(lib_a-nano-svfprintf.o)
 .ARM.attributes
                0x00000752       0x2c c:/program files (x86)/cypress/psoc creator/4.4/psoc creator/import/gnu/arm/5.4.1/bin/../lib/gcc/arm-none-eabi/5.4.1/../../../../arm-none-eabi/lib/armv6-m\libg_nano.a(lib_a-nano-vfprintf_i.o)
 .ARM.attributes
                0x0000077e       0x2c c:/program files (x86)/cypress/psoc creator/4.4/psoc creator/import/gnu/arm/5.4.1/bin/../lib/gcc/arm-none-eabi/5.4.1/../../../../arm-none-eabi/lib/armv6-m\libg_nano.a(lib_a-memchr-stub.o)
 .ARM.attributes
                0x000007aa       0x2c c:/program files (x86)/cypress/psoc creator/4.4/psoc creator/import/gnu/arm/5.4.1/bin/../lib/gcc/arm-none-eabi/5.4.1/../../../../arm-none-eabi/lib/armv6-m\libg_nano.a(lib_a-memcpy-stub.o)
 .ARM.attributes
                0x000007d6       0x2c c:/program files (x86)/cypress/psoc creator/4.4/psoc creator/import/gnu/arm/5.4.1/bin/../lib/gcc/arm-none-eabi/5.4.1/../../../../arm-none-eabi/lib/armv6-m\libg_nano.a(lib_a-memmove.o)
 .ARM.attributes
                0x00000802       0x2c c:/program files (x86)/cypress/psoc creator/4.4/psoc creator/import/gnu/arm/5.4.1/bin/../lib/gcc/arm-none-eabi/5.4.1/../../../../arm-none-eabi/lib/armv6-m\libg_nano.a(lib_a-nano-freer.o)
 .ARM.attributes
                0x0000082e       0x2c c:/program files (x86)/cypress/psoc creator/4.4/psoc creator/import/gnu/arm/5.4.1/bin/../lib/gcc/arm-none-eabi/5.4.1/../../../../arm-none-eabi/lib/armv6-m\libg_nano.a(lib_a-nano-mallocr.o)
 .ARM.attributes
                0x0000085a       0x2c c:/program files (x86)/cypress/psoc creator/4.4/psoc creator/import/gnu/arm/5.4.1/bin/../lib/gcc/arm-none-eabi/5.4.1/../../../../arm-none-eabi/lib/armv6-m\libg_nano.a(lib_a-nano-reallocr.o)
 .ARM.attributes
                0x00000886       0x2c c:/program files (x86)/cypress/psoc creator/4.4/psoc creator/import/gnu/arm/5.4.1/bin/../lib/gcc/arm-none-eabi/5.4.1/../../../../arm-none-eabi/lib/armv6-m\libg_nano.a(lib_a-sbrkr.o)
 .ARM.attributes
                0x000008b2       0x2c c:/program files (x86)/cypress/psoc creator/4.4/psoc creator/import/gnu/arm/5.4.1/bin/../lib/gcc/arm-none-eabi/5.4.1/../../../../arm-none-eabi/lib/armv6-m\libg_nano.a(lib_a-mlock.o)
 .ARM.attributes
                0x000008de       0x2c c:/program files (x86)/cypress/psoc creator/4.4/psoc creator/import/gnu/arm/5.4.1/bin/../lib/gcc/arm-none-eabi/5.4.1/../../../../arm-none-eabi/lib/armv6-m\libg_nano.a(lib_a-nano-msizer.o)
 .ARM.attributes
                0x0000090a       0x2c c:/program files (x86)/cypress/psoc creator/4.4/psoc creator/import/gnu/arm/5.4.1/bin/../lib/gcc/arm-none-eabi/5.4.1/../../../../arm-none-eabi/lib/armv6-m\libg_nano.a(lib_a-reent.o)
 .ARM.attributes
                0x00000936       0x2c c:/program files (x86)/cypress/psoc creator/4.4/psoc creator/import/gnu/arm/5.4.1/bin/../lib/gcc/arm-none-eabi/5.4.1/armv6-m/crtend.o
 .ARM.attributes
                0x00000962       0x1e c:/program files (x86)/cypress/psoc creator/4.4/psoc creator/import/gnu/arm/5.4.1/bin/../lib/gcc/arm-none-eabi/5.4.1/armv6-m/crtn.o

/DISCARD/
 *(.note.GNU-stack)
OUTPUT(D:\psoc\theory\eeprom_external\eeprom_external.cydsn\CortexM0\ARM_GCC_541\Debug\eeprom_external.elf elf32-littlearm)
